Archive member included to satisfy reference by file (symbol)

/usr/lib/gcc/arm-none-eabi/10.3.1/thumb/v7e-m/nofp/libgcc.a(_aeabi_uldivmod.o)
                              CMakeFiles/07_DAC_LED.elf.dir/Drivers/STM32L4xx_HAL_Driver/Src/stm32l4xx_hal_uart.c.obj (__aeabi_uldivmod)
/usr/lib/gcc/arm-none-eabi/10.3.1/thumb/v7e-m/nofp/libgcc.a(_udivmoddi4.o)
                              /usr/lib/gcc/arm-none-eabi/10.3.1/thumb/v7e-m/nofp/libgcc.a(_aeabi_uldivmod.o) (__udivmoddi4)
/usr/lib/gcc/arm-none-eabi/10.3.1/thumb/v7e-m/nofp/libgcc.a(_dvmd_tls.o)
                              /usr/lib/gcc/arm-none-eabi/10.3.1/thumb/v7e-m/nofp/libgcc.a(_aeabi_uldivmod.o) (__aeabi_ldiv0)
/usr/lib/gcc/arm-none-eabi/10.3.1/../../../arm-none-eabi/lib/thumb/v7e-m/nofp/libg.a(lib_a-atexit.o)
                              /usr/lib/gcc/arm-none-eabi/10.3.1/../../../arm-none-eabi/lib/thumb/v7e-m/nofp/crt0.o (atexit)
/usr/lib/gcc/arm-none-eabi/10.3.1/../../../arm-none-eabi/lib/thumb/v7e-m/nofp/libg.a(lib_a-errno.o)
                              CMakeFiles/07_DAC_LED.elf.dir/Core/Src/syscalls.c.obj (__errno)
/usr/lib/gcc/arm-none-eabi/10.3.1/../../../arm-none-eabi/lib/thumb/v7e-m/nofp/libg.a(lib_a-exit.o)
                              /usr/lib/gcc/arm-none-eabi/10.3.1/../../../arm-none-eabi/lib/thumb/v7e-m/nofp/crt0.o (exit)
/usr/lib/gcc/arm-none-eabi/10.3.1/../../../arm-none-eabi/lib/thumb/v7e-m/nofp/libg.a(lib_a-fini.o)
                              /usr/lib/gcc/arm-none-eabi/10.3.1/../../../arm-none-eabi/lib/thumb/v7e-m/nofp/crt0.o (__libc_fini_array)
/usr/lib/gcc/arm-none-eabi/10.3.1/../../../arm-none-eabi/lib/thumb/v7e-m/nofp/libg.a(lib_a-impure.o)
                              /usr/lib/gcc/arm-none-eabi/10.3.1/../../../arm-none-eabi/lib/thumb/v7e-m/nofp/libg.a(lib_a-exit.o) (_global_impure_ptr)
/usr/lib/gcc/arm-none-eabi/10.3.1/../../../arm-none-eabi/lib/thumb/v7e-m/nofp/libg.a(lib_a-init.o)
                              /usr/lib/gcc/arm-none-eabi/10.3.1/../../../arm-none-eabi/lib/thumb/v7e-m/nofp/crt0.o (__libc_init_array)
/usr/lib/gcc/arm-none-eabi/10.3.1/../../../arm-none-eabi/lib/thumb/v7e-m/nofp/libg.a(lib_a-memset.o)
                              /usr/lib/gcc/arm-none-eabi/10.3.1/../../../arm-none-eabi/lib/thumb/v7e-m/nofp/crt0.o (memset)
/usr/lib/gcc/arm-none-eabi/10.3.1/../../../arm-none-eabi/lib/thumb/v7e-m/nofp/libg.a(lib_a-__atexit.o)
                              /usr/lib/gcc/arm-none-eabi/10.3.1/../../../arm-none-eabi/lib/thumb/v7e-m/nofp/libg.a(lib_a-atexit.o) (__register_exitproc)
/usr/lib/gcc/arm-none-eabi/10.3.1/../../../arm-none-eabi/lib/thumb/v7e-m/nofp/libg.a(lib_a-__call_atexit.o)
                              /usr/lib/gcc/arm-none-eabi/10.3.1/../../../arm-none-eabi/lib/thumb/v7e-m/nofp/libg.a(lib_a-exit.o) (__call_exitprocs)

Discarded input sections

 .text          0x0000000000000000        0x0 /usr/lib/gcc/arm-none-eabi/10.3.1/thumb/v7e-m/nofp/crti.o
 .data          0x0000000000000000        0x0 /usr/lib/gcc/arm-none-eabi/10.3.1/thumb/v7e-m/nofp/crti.o
 .bss           0x0000000000000000        0x0 /usr/lib/gcc/arm-none-eabi/10.3.1/thumb/v7e-m/nofp/crti.o
 .data          0x0000000000000000        0x4 /usr/lib/gcc/arm-none-eabi/10.3.1/thumb/v7e-m/nofp/crtbegin.o
 .rodata        0x0000000000000000       0x24 /usr/lib/gcc/arm-none-eabi/10.3.1/thumb/v7e-m/nofp/crtbegin.o
 .text          0x0000000000000000       0x70 /usr/lib/gcc/arm-none-eabi/10.3.1/../../../arm-none-eabi/lib/thumb/v7e-m/nofp/crt0.o
 .data          0x0000000000000000        0x0 /usr/lib/gcc/arm-none-eabi/10.3.1/../../../arm-none-eabi/lib/thumb/v7e-m/nofp/crt0.o
 .bss           0x0000000000000000        0x0 /usr/lib/gcc/arm-none-eabi/10.3.1/../../../arm-none-eabi/lib/thumb/v7e-m/nofp/crt0.o
 .ARM.extab     0x0000000000000000        0x0 /usr/lib/gcc/arm-none-eabi/10.3.1/../../../arm-none-eabi/lib/thumb/v7e-m/nofp/crt0.o
 .ARM.exidx     0x0000000000000000       0x10 /usr/lib/gcc/arm-none-eabi/10.3.1/../../../arm-none-eabi/lib/thumb/v7e-m/nofp/crt0.o
 .debug_line    0x0000000000000000       0x87 /usr/lib/gcc/arm-none-eabi/10.3.1/../../../arm-none-eabi/lib/thumb/v7e-m/nofp/crt0.o
 .debug_info    0x0000000000000000       0x26 /usr/lib/gcc/arm-none-eabi/10.3.1/../../../arm-none-eabi/lib/thumb/v7e-m/nofp/crt0.o
 .debug_abbrev  0x0000000000000000       0x14 /usr/lib/gcc/arm-none-eabi/10.3.1/../../../arm-none-eabi/lib/thumb/v7e-m/nofp/crt0.o
 .debug_aranges
                0x0000000000000000       0x20 /usr/lib/gcc/arm-none-eabi/10.3.1/../../../arm-none-eabi/lib/thumb/v7e-m/nofp/crt0.o
 .debug_str     0x0000000000000000       0x95 /usr/lib/gcc/arm-none-eabi/10.3.1/../../../arm-none-eabi/lib/thumb/v7e-m/nofp/crt0.o
 .ARM.attributes
                0x0000000000000000       0x1c /usr/lib/gcc/arm-none-eabi/10.3.1/../../../arm-none-eabi/lib/thumb/v7e-m/nofp/crt0.o
 .text          0x0000000000000000        0x0 CMakeFiles/07_DAC_LED.elf.dir/Core/Src/main.c.obj
 .data          0x0000000000000000        0x0 CMakeFiles/07_DAC_LED.elf.dir/Core/Src/main.c.obj
[...]
Memory Configuration

Name             Origin             Length             Attributes
RAM              0x0000000020000000 0x0000000000018000 xrw
RAM2             0x0000000010000000 0x0000000000008000 xrw
FLASH            0x0000000008000000 0x0000000000100000 xr
*default*        0x0000000000000000 0xffffffffffffffff

Linker script and memory map

LOAD /usr/lib/gcc/arm-none-eabi/10.3.1/thumb/v7e-m/nofp/crti.o
LOAD /usr/lib/gcc/arm-none-eabi/10.3.1/thumb/v7e-m/nofp/crtbegin.o
LOAD /usr/lib/gcc/arm-none-eabi/10.3.1/../../../arm-none-eabi/lib/thumb/v7e-m/nofp/crt0.o
LOAD CMakeFiles/07_DAC_LED.elf.dir/Core/Src/main.c.obj
LOAD CMakeFiles/07_DAC_LED.elf.dir/Core/Src/stm32l4xx_hal_msp.c.obj
LOAD CMakeFiles/07_DAC_LED.elf.dir/Core/Src/stm32l4xx_it.c.obj
LOAD CMakeFiles/07_DAC_LED.elf.dir/Core/Src/syscalls.c.obj
LOAD CMakeFiles/07_DAC_LED.elf.dir/Core/Src/sysmem.c.obj
LOAD CMakeFiles/07_DAC_LED.elf.dir/Core/Src/system_stm32l4xx.c.obj
LOAD CMakeFiles/07_DAC_LED.elf.dir/Core/Startup/startup_stm32l476rgtx.s.obj
LOAD CMakeFiles/07_DAC_LED.elf.dir/Drivers/STM32L4xx_HAL_Driver/Src/stm32l4xx_hal.c.obj
LOAD CMakeFiles/07_DAC_LED.elf.dir/Drivers/STM32L4xx_HAL_Driver/Src/stm32l4xx_hal_cortex.c.obj
LOAD CMakeFiles/07_DAC_LED.elf.dir/Drivers/STM32L4xx_HAL_Driver/Src/stm32l4xx_hal_dac.c.obj
LOAD CMakeFiles/07_DAC_LED.elf.dir/Drivers/STM32L4xx_HAL_Driver/Src/stm32l4xx_hal_dac_ex.c.obj
LOAD CMakeFiles/07_DAC_LED.elf.dir/Drivers/STM32L4xx_HAL_Driver/Src/stm32l4xx_hal_dma.c.obj
LOAD CMakeFiles/07_DAC_LED.elf.dir/Drivers/STM32L4xx_HAL_Driver/Src/stm32l4xx_hal_dma_ex.c.obj
LOAD CMakeFiles/07_DAC_LED.elf.dir/Drivers/STM32L4xx_HAL_Driver/Src/stm32l4xx_hal_exti.c.obj
LOAD CMakeFiles/07_DAC_LED.elf.dir/Drivers/STM32L4xx_HAL_Driver/Src/stm32l4xx_hal_flash.c.obj
LOAD CMakeFiles/07_DAC_LED.elf.dir/Drivers/STM32L4xx_HAL_Driver/Src/stm32l4xx_hal_flash_ex.c.obj
LOAD CMakeFiles/07_DAC_LED.elf.dir/Drivers/STM32L4xx_HAL_Driver/Src/stm32l4xx_hal_flash_ramfunc.c.obj
LOAD CMakeFiles/07_DAC_LED.elf.dir/Drivers/STM32L4xx_HAL_Driver/Src/stm32l4xx_hal_gpio.c.obj
LOAD CMakeFiles/07_DAC_LED.elf.dir/Drivers/STM32L4xx_HAL_Driver/Src/stm32l4xx_hal_i2c.c.obj
LOAD CMakeFiles/07_DAC_LED.elf.dir/Drivers/STM32L4xx_HAL_Driver/Src/stm32l4xx_hal_i2c_ex.c.obj
LOAD CMakeFiles/07_DAC_LED.elf.dir/Drivers/STM32L4xx_HAL_Driver/Src/stm32l4xx_hal_pwr.c.obj
LOAD CMakeFiles/07_DAC_LED.elf.dir/Drivers/STM32L4xx_HAL_Driver/Src/stm32l4xx_hal_pwr_ex.c.obj
LOAD CMakeFiles/07_DAC_LED.elf.dir/Drivers/STM32L4xx_HAL_Driver/Src/stm32l4xx_hal_rcc.c.obj
LOAD CMakeFiles/07_DAC_LED.elf.dir/Drivers/STM32L4xx_HAL_Driver/Src/stm32l4xx_hal_rcc_ex.c.obj
LOAD CMakeFiles/07_DAC_LED.elf.dir/Drivers/STM32L4xx_HAL_Driver/Src/stm32l4xx_hal_tim.c.obj
LOAD CMakeFiles/07_DAC_LED.elf.dir/Drivers/STM32L4xx_HAL_Driver/Src/stm32l4xx_hal_tim_ex.c.obj
LOAD CMakeFiles/07_DAC_LED.elf.dir/Drivers/STM32L4xx_HAL_Driver/Src/stm32l4xx_hal_uart.c.obj
LOAD CMakeFiles/07_DAC_LED.elf.dir/Drivers/STM32L4xx_HAL_Driver/Src/stm32l4xx_hal_uart_ex.c.obj
START GROUP
LOAD /usr/lib/gcc/arm-none-eabi/10.3.1/thumb/v7e-m/nofp/libgcc.a
LOAD /usr/lib/gcc/arm-none-eabi/10.3.1/../../../arm-none-eabi/lib/thumb/v7e-m/nofp/libg.a
LOAD /usr/lib/gcc/arm-none-eabi/10.3.1/../../../arm-none-eabi/lib/thumb/v7e-m/nofp/libc.a
END GROUP
LOAD /usr/lib/gcc/arm-none-eabi/10.3.1/thumb/v7e-m/nofp/crtend.o
LOAD /usr/lib/gcc/arm-none-eabi/10.3.1/thumb/v7e-m/nofp/crtn.o
                0x0000000020018000                _estack = (ORIGIN (RAM) + LENGTH (RAM))
                0x0000000000000200                _Min_Heap_Size = 0x200
                0x0000000000000400                _Min_Stack_Size = 0x400

.isr_vector     0x0000000008000000      0x188
                0x0000000008000000                . = ALIGN (0x4)
 *(.isr_vector)
 .isr_vector    0x0000000008000000      0x188 CMakeFiles/07_DAC_LED.elf.dir/Core/Startup/startup_stm32l476rgtx.s.obj
                0x0000000008000000                g_pfnVectors
                0x0000000008000188                . = ALIGN (0x4)

.text           0x0000000008000188     0x2540
                0x0000000008000188                . = ALIGN (0x4)
 *(.text)
 .text          0x0000000008000188       0x88 /usr/lib/gcc/arm-none-eabi/10.3.1/thumb/v7e-m/nofp/crtbegin.o
 .text          0x0000000008000210       0x30 /usr/lib/gcc/arm-none-eabi/10.3.1/thumb/v7e-m/nofp/libgcc.a(_aeabi_uldivmod.o)
                0x0000000008000210                __aeabi_uldivmod
 .text          0x0000000008000240      0x2d0 /usr/lib/gcc/arm-none-eabi/10.3.1/thumb/v7e-m/nofp/libgcc.a(_udivmoddi4.o)
                0x0000000008000240                __udivmoddi4
 .text          0x0000000008000510        0x4 /usr/lib/gcc/arm-none-eabi/10.3.1/thumb/v7e-m/nofp/libgcc.a(_dvmd_tls.o)
                0x0000000008000510                __aeabi_ldiv0
                0x0000000008000510                __aeabi_idiv0
 .text          0x0000000008000514        0xc /usr/lib/gcc/arm-none-eabi/10.3.1/../../../arm-none-eabi/lib/thumb/v7e-m/nofp/libg.a(lib_a-atexit.o)
                0x0000000008000514                atexit
 .text          0x0000000008000520       0x2c /usr/lib/gcc/arm-none-eabi/10.3.1/../../../arm-none-eabi/lib/thumb/v7e-m/nofp/libg.a(lib_a-fini.o)
                0x0000000008000520                __libc_fini_array
 .text          0x000000000800054c       0x48 /usr/lib/gcc/arm-none-eabi/10.3.1/../../../arm-none-eabi/lib/thumb/v7e-m/nofp/libg.a(lib_a-init.o)
                0x000000000800054c                __libc_init_array
 .text          0x0000000008000594       0xa4 /usr/lib/gcc/arm-none-eabi/10.3.1/../../../arm-none-eabi/lib/thumb/v7e-m/nofp/libg.a(lib_a-memset.o)
                0x0000000008000594                memset
 .text          0x0000000008000638       0x68 /usr/lib/gcc/arm-none-eabi/10.3.1/../../../arm-none-eabi/lib/thumb/v7e-m/nofp/libg.a(lib_a-__atexit.o)
                0x0000000008000638                __register_exitproc
 *(.text*)
 .text.MX_GPIO_Init
                0x00000000080006a0       0x80 CMakeFiles/07_DAC_LED.elf.dir/Core/Src/main.c.obj
 .text.Error_Handler
                0x0000000008000720        0x4 CMakeFiles/07_DAC_LED.elf.dir/Core/Src/main.c.obj
                0x0000000008000720                Error_Handler
 .text.MX_USART2_UART_Init
                0x0000000008000724       0x38 CMakeFiles/07_DAC_LED.elf.dir/Core/Src/main.c.obj
 .text.MX_DAC1_Init
                0x000000000800075c       0x48 CMakeFiles/07_DAC_LED.elf.dir/Core/Src/main.c.obj
 .text.SystemClock_Config
                0x00000000080007a4       0x7a CMakeFiles/07_DAC_LED.elf.dir/Core/Src/main.c.obj
                0x00000000080007a4                SystemClock_Config
 *fill*         0x000000000800081e        0x2 
 .text.main     0x0000000008000820       0x74 CMakeFiles/07_DAC_LED.elf.dir/Core/Src/main.c.obj
                0x0000000008000820                main
 .text.HAL_MspInit
                0x0000000008000894       0x30 CMakeFiles/07_DAC_LED.elf.dir/Core/Src/stm32l4xx_hal_msp.c.obj
                0x0000000008000894                HAL_MspInit
 .text.HAL_DAC_MspInit
                0x00000000080008c4       0x60 CMakeFiles/07_DAC_LED.elf.dir/Core/Src/stm32l4xx_hal_msp.c.obj
                0x00000000080008c4                HAL_DAC_MspInit
 .text.HAL_UART_MspInit
                0x0000000008000924       0x88 CMakeFiles/07_DAC_LED.elf.dir/Core/Src/stm32l4xx_hal_msp.c.obj
                0x0000000008000924                HAL_UART_MspInit
 .text.NMI_Handler
                0x00000000080009ac        0x2 CMakeFiles/07_DAC_LED.elf.dir/Core/Src/stm32l4xx_it.c.obj
                0x00000000080009ac                NMI_Handler
 .text.HardFault_Handler
                0x00000000080009ae        0x2 CMakeFiles/07_DAC_LED.elf.dir/Core/Src/stm32l4xx_it.c.obj
                0x00000000080009ae                HardFault_Handler
 .text.MemManage_Handler
                0x00000000080009b0        0x2 CMakeFiles/07_DAC_LED.elf.dir/Core/Src/stm32l4xx_it.c.obj
                0x00000000080009b0                MemManage_Handler
 .text.BusFault_Handler
                0x00000000080009b2        0x2 CMakeFiles/07_DAC_LED.elf.dir/Core/Src/stm32l4xx_it.c.obj
                0x00000000080009b2                BusFault_Handler
 .text.UsageFault_Handler
                0x00000000080009b4        0x2 CMakeFiles/07_DAC_LED.elf.dir/Core/Src/stm32l4xx_it.c.obj
                0x00000000080009b4                UsageFault_Handler
 .text.SVC_Handler
                0x00000000080009b6        0x2 CMakeFiles/07_DAC_LED.elf.dir/Core/Src/stm32l4xx_it.c.obj
                0x00000000080009b6                SVC_Handler
 .text.DebugMon_Handler
                0x00000000080009b8        0x2 CMakeFiles/07_DAC_LED.elf.dir/Core/Src/stm32l4xx_it.c.obj
                0x00000000080009b8                DebugMon_Handler
 .text.PendSV_Handler
                0x00000000080009ba        0x2 CMakeFiles/07_DAC_LED.elf.dir/Core/Src/stm32l4xx_it.c.obj
                0x00000000080009ba                PendSV_Handler
 .text.SysTick_Handler
                0x00000000080009bc        0x8 CMakeFiles/07_DAC_LED.elf.dir/Core/Src/stm32l4xx_it.c.obj
                0x00000000080009bc                SysTick_Handler
 .text.SystemInit
                0x00000000080009c4        0x2 CMakeFiles/07_DAC_LED.elf.dir/Core/Src/system_stm32l4xx.c.obj
                0x00000000080009c4                SystemInit
 *fill*         0x00000000080009c6        0x2 
 .text.Reset_Handler
                0x00000000080009c8       0x50 CMakeFiles/07_DAC_LED.elf.dir/Core/Startup/startup_stm32l476rgtx.s.obj
                0x00000000080009c8                Reset_Handler
 .text.Default_Handler
                0x0000000008000a18        0x2 CMakeFiles/07_DAC_LED.elf.dir/Core/Startup/startup_stm32l476rgtx.s.obj
                0x0000000008000a18                RTC_Alarm_IRQHandler
                0x0000000008000a18                EXTI2_IRQHandler
                0x0000000008000a18                TIM8_TRG_COM_IRQHandler
                0x0000000008000a18                TIM8_CC_IRQHandler
                0x0000000008000a18                TIM1_CC_IRQHandler
                0x0000000008000a18                TSC_IRQHandler
                0x0000000008000a18                TAMP_STAMP_IRQHandler
                0x0000000008000a18                EXTI3_IRQHandler
                0x0000000008000a18                LPTIM2_IRQHandler
                0x0000000008000a18                DFSDM1_FLT1_IRQHandler
                0x0000000008000a18                I2C3_ER_IRQHandler
                0x0000000008000a18                DFSDM1_FLT2_IRQHandler
                0x0000000008000a18                EXTI0_IRQHandler
                0x0000000008000a18                I2C2_EV_IRQHandler
                0x0000000008000a18                CAN1_RX0_IRQHandler
                0x0000000008000a18                FPU_IRQHandler
                0x0000000008000a18                TIM1_UP_TIM16_IRQHandler
                0x0000000008000a18                ADC1_2_IRQHandler
                0x0000000008000a18                SPI1_IRQHandler
                0x0000000008000a18                TIM6_DAC_IRQHandler
                0x0000000008000a18                TIM8_UP_IRQHandler
                0x0000000008000a18                DMA2_Channel2_IRQHandler
                0x0000000008000a18                DMA1_Channel4_IRQHandler
                0x0000000008000a18                SAI2_IRQHandler
                0x0000000008000a18                DFSDM1_FLT3_IRQHandler
                0x0000000008000a18                USART3_IRQHandler
                0x0000000008000a18                DMA1_Channel7_IRQHandler
                0x0000000008000a18                CAN1_RX1_IRQHandler
                0x0000000008000a18                LCD_IRQHandler
                0x0000000008000a18                UART5_IRQHandler
                0x0000000008000a18                ADC3_IRQHandler
                0x0000000008000a18                TIM4_IRQHandler
                0x0000000008000a18                DMA2_Channel1_IRQHandler
                0x0000000008000a18                QUADSPI_IRQHandler
                0x0000000008000a18                I2C1_EV_IRQHandler
                0x0000000008000a18                DMA1_Channel6_IRQHandler
                0x0000000008000a18                UART4_IRQHandler
                0x0000000008000a18                DMA2_Channel4_IRQHandler
                0x0000000008000a18                TIM3_IRQHandler
                0x0000000008000a18                RCC_IRQHandler
                0x0000000008000a18                DMA1_Channel1_IRQHandler
                0x0000000008000a18                Default_Handler
                0x0000000008000a18                DMA2_Channel7_IRQHandler
                0x0000000008000a18                EXTI15_10_IRQHandler
                0x0000000008000a18                TIM7_IRQHandler
                0x0000000008000a18                SDMMC1_IRQHandler
                0x0000000008000a18                TIM5_IRQHandler
                0x0000000008000a18                I2C3_EV_IRQHandler
                0x0000000008000a18                EXTI9_5_IRQHandler
                0x0000000008000a18                RTC_WKUP_IRQHandler
                0x0000000008000a18                PVD_PVM_IRQHandler
                0x0000000008000a18                SPI2_IRQHandler
                0x0000000008000a18                CAN1_TX_IRQHandler
                0x0000000008000a18                DMA2_Channel5_IRQHandler
                0x0000000008000a18                DMA1_Channel5_IRQHandler
                0x0000000008000a18                EXTI4_IRQHandler
                0x0000000008000a18                RNG_IRQHandler
                0x0000000008000a18                TIM1_TRG_COM_TIM17_IRQHandler
                0x0000000008000a18                DMA1_Channel3_IRQHandler
                0x0000000008000a18                COMP_IRQHandler
                0x0000000008000a18                WWDG_IRQHandler
                0x0000000008000a18                LPUART1_IRQHandler
                0x0000000008000a18                DMA2_Channel6_IRQHandler
                0x0000000008000a18                TIM2_IRQHandler
                0x0000000008000a18                EXTI1_IRQHandler
                0x0000000008000a18                USART2_IRQHandler
                0x0000000008000a18                DFSDM1_FLT0_IRQHandler
                0x0000000008000a18                I2C2_ER_IRQHandler
                0x0000000008000a18                DMA1_Channel2_IRQHandler
                0x0000000008000a18                TIM8_BRK_IRQHandler
                0x0000000008000a18                CAN1_SCE_IRQHandler
                0x0000000008000a18                FLASH_IRQHandler
                0x0000000008000a18                USART1_IRQHandler
                0x0000000008000a18                OTG_FS_IRQHandler
                0x0000000008000a18                SPI3_IRQHandler
                0x0000000008000a18                I2C1_ER_IRQHandler
                0x0000000008000a18                FMC_IRQHandler
                0x0000000008000a18                SWPMI1_IRQHandler
                0x0000000008000a18                LPTIM1_IRQHandler
                0x0000000008000a18                SAI1_IRQHandler
                0x0000000008000a18                DMA2_Channel3_IRQHandler
                0x0000000008000a18                TIM1_BRK_TIM15_IRQHandler
 *fill*         0x0000000008000a1a        0x2 
 .text.HAL_InitTick
                0x0000000008000a1c       0x50 CMakeFiles/07_DAC_LED.elf.dir/Drivers/STM32L4xx_HAL_Driver/Src/stm32l4xx_hal.c.obj
                0x0000000008000a1c                HAL_InitTick
 .text.HAL_Init
                0x0000000008000a6c       0x2c CMakeFiles/07_DAC_LED.elf.dir/Drivers/STM32L4xx_HAL_Driver/Src/stm32l4xx_hal.c.obj
                0x0000000008000a6c                HAL_Init
 .text.HAL_IncTick
                0x0000000008000a98       0x18 CMakeFiles/07_DAC_LED.elf.dir/Drivers/STM32L4xx_HAL_Driver/Src/stm32l4xx_hal.c.obj
                0x0000000008000a98                HAL_IncTick
 .text.HAL_GetTick
                0x0000000008000ab0        0xc CMakeFiles/07_DAC_LED.elf.dir/Drivers/STM32L4xx_HAL_Driver/Src/stm32l4xx_hal.c.obj
                0x0000000008000ab0                HAL_GetTick
 .text.HAL_Delay
                0x0000000008000abc       0x28 CMakeFiles/07_DAC_LED.elf.dir/Drivers/STM32L4xx_HAL_Driver/Src/stm32l4xx_hal.c.obj
                0x0000000008000abc                HAL_Delay
 .text.HAL_NVIC_SetPriorityGrouping
                0x0000000008000ae4       0x24 CMakeFiles/07_DAC_LED.elf.dir/Drivers/STM32L4xx_HAL_Driver/Src/stm32l4xx_hal_cortex.c.obj
                0x0000000008000ae4                HAL_NVIC_SetPriorityGrouping
 .text.HAL_NVIC_SetPriority
                0x0000000008000b08       0x70 CMakeFiles/07_DAC_LED.elf.dir/Drivers/STM32L4xx_HAL_Driver/Src/stm32l4xx_hal_cortex.c.obj
                0x0000000008000b08                HAL_NVIC_SetPriority
 .text.HAL_SYSTICK_Config
                0x0000000008000b78       0x28 CMakeFiles/07_DAC_LED.elf.dir/Drivers/STM32L4xx_HAL_Driver/Src/stm32l4xx_hal_cortex.c.obj
                0x0000000008000b78                HAL_SYSTICK_Config
 .text.HAL_DAC_Init
                0x0000000008000ba0       0x24 CMakeFiles/07_DAC_LED.elf.dir/Drivers/STM32L4xx_HAL_Driver/Src/stm32l4xx_hal_dac.c.obj
                0x0000000008000ba0                HAL_DAC_Init
 .text.HAL_DAC_Start
                0x0000000008000bc4       0x62 CMakeFiles/07_DAC_LED.elf.dir/Drivers/STM32L4xx_HAL_Driver/Src/stm32l4xx_hal_dac.c.obj
                0x0000000008000bc4                HAL_DAC_Start
 .text.HAL_DAC_SetValue
                0x0000000008000c26       0x2c CMakeFiles/07_DAC_LED.elf.dir/Drivers/STM32L4xx_HAL_Driver/Src/stm32l4xx_hal_dac.c.obj
                0x0000000008000c26                HAL_DAC_SetValue
 .text.HAL_DAC_ConfigChannel
                0x0000000008000c52      0x14a CMakeFiles/07_DAC_LED.elf.dir/Drivers/STM32L4xx_HAL_Driver/Src/stm32l4xx_hal_dac.c.obj
                0x0000000008000c52                HAL_DAC_ConfigChannel
 .text.HAL_GPIO_Init
                0x0000000008000d9c      0x20c CMakeFiles/07_DAC_LED.elf.dir/Drivers/STM32L4xx_HAL_Driver/Src/stm32l4xx_hal_gpio.c.obj
                0x0000000008000d9c                HAL_GPIO_Init
 .text.HAL_PWREx_GetVoltageRange
                0x0000000008000fa8       0x10 CMakeFiles/07_DAC_LED.elf.dir/Drivers/STM32L4xx_HAL_Driver/Src/stm32l4xx_hal_pwr_ex.c.obj
                0x0000000008000fa8                HAL_PWREx_GetVoltageRange
 .text.HAL_PWREx_ControlVoltageScaling
                0x0000000008000fb8       0x90 CMakeFiles/07_DAC_LED.elf.dir/Drivers/STM32L4xx_HAL_Driver/Src/stm32l4xx_hal_pwr_ex.c.obj
                0x0000000008000fb8                HAL_PWREx_ControlVoltageScaling
 .text.RCC_SetFlashLatencyFromMSIRange
                0x0000000008001048       0x90 CMakeFiles/07_DAC_LED.elf.dir/Drivers/STM32L4xx_HAL_Driver/Src/stm32l4xx_hal_rcc.c.obj
 .text.HAL_RCC_GetSysClockFreq
                0x00000000080010d8       0xb4 CMakeFiles/07_DAC_LED.elf.dir/Drivers/STM32L4xx_HAL_Driver/Src/stm32l4xx_hal_rcc.c.obj
                0x00000000080010d8                HAL_RCC_GetSysClockFreq
 .text.HAL_RCC_OscConfig
                0x000000000800118c      0x61c CMakeFiles/07_DAC_LED.elf.dir/Drivers/STM32L4xx_HAL_Driver/Src/stm32l4xx_hal_rcc.c.obj
                0x000000000800118c                HAL_RCC_OscConfig
 .text.HAL_RCC_ClockConfig
                0x00000000080017a8      0x188 CMakeFiles/07_DAC_LED.elf.dir/Drivers/STM32L4xx_HAL_Driver/Src/stm32l4xx_hal_rcc.c.obj
                0x00000000080017a8                HAL_RCC_ClockConfig
 .text.HAL_RCC_GetHCLKFreq
                0x0000000008001930        0xc CMakeFiles/07_DAC_LED.elf.dir/Drivers/STM32L4xx_HAL_Driver/Src/stm32l4xx_hal_rcc.c.obj
                0x0000000008001930                HAL_RCC_GetHCLKFreq
 .text.HAL_RCC_GetPCLK1Freq
                0x000000000800193c       0x24 CMakeFiles/07_DAC_LED.elf.dir/Drivers/STM32L4xx_HAL_Driver/Src/stm32l4xx_hal_rcc.c.obj
                0x000000000800193c                HAL_RCC_GetPCLK1Freq
 .text.HAL_RCC_GetPCLK2Freq
                0x0000000008001960       0x24 CMakeFiles/07_DAC_LED.elf.dir/Drivers/STM32L4xx_HAL_Driver/Src/stm32l4xx_hal_rcc.c.obj
                0x0000000008001960                HAL_RCC_GetPCLK2Freq
 .text.RCCEx_PLLSAI1_Config
                0x0000000008001984      0x170 CMakeFiles/07_DAC_LED.elf.dir/Drivers/STM32L4xx_HAL_Driver/Src/stm32l4xx_hal_rcc_ex.c.obj
 .text.RCCEx_PLLSAI2_Config
                0x0000000008001af4      0x14c CMakeFiles/07_DAC_LED.elf.dir/Drivers/STM32L4xx_HAL_Driver/Src/stm32l4xx_hal_rcc_ex.c.obj
 .text.HAL_RCCEx_PeriphCLKConfig
                0x0000000008001c40      0x454 CMakeFiles/07_DAC_LED.elf.dir/Drivers/STM32L4xx_HAL_Driver/Src/stm32l4xx_hal_rcc_ex.c.obj
                0x0000000008001c40                HAL_RCCEx_PeriphCLKConfig
 .text.UART_EndRxTransfer
                0x0000000008002094       0x52 CMakeFiles/07_DAC_LED.elf.dir/Drivers/STM32L4xx_HAL_Driver/Src/stm32l4xx_hal_uart.c.obj
 *fill*         0x00000000080020e6        0x2 
 .text.UART_SetConfig
                0x00000000080020e8      0x328 CMakeFiles/07_DAC_LED.elf.dir/Drivers/STM32L4xx_HAL_Driver/Src/stm32l4xx_hal_uart.c.obj
                0x00000000080020e8                UART_SetConfig
 .text.UART_AdvFeatureConfig
                0x0000000008002410       0xca CMakeFiles/07_DAC_LED.elf.dir/Drivers/STM32L4xx_HAL_Driver/Src/stm32l4xx_hal_uart.c.obj
                0x0000000008002410                UART_AdvFeatureConfig
 .text.UART_WaitOnFlagUntilTimeout
                0x00000000080024da       0x9a CMakeFiles/07_DAC_LED.elf.dir/Drivers/STM32L4xx_HAL_Driver/Src/stm32l4xx_hal_uart.c.obj
                0x00000000080024da                UART_WaitOnFlagUntilTimeout
 .text.UART_CheckIdleState
                0x0000000008002574       0xc6 CMakeFiles/07_DAC_LED.elf.dir/Drivers/STM32L4xx_HAL_Driver/Src/stm32l4xx_hal_uart.c.obj
                0x0000000008002574                UART_CheckIdleState
 .text.HAL_UART_Init
                0x000000000800263a       0x62 CMakeFiles/07_DAC_LED.elf.dir/Drivers/STM32L4xx_HAL_Driver/Src/stm32l4xx_hal_uart.c.obj
                0x000000000800263a                HAL_UART_Init
 .text.startup  0x000000000800269c       0x14 /usr/lib/gcc/arm-none-eabi/10.3.1/../../../arm-none-eabi/lib/thumb/v7e-m/nofp/libg.a(lib_a-__call_atexit.o)
 *(.glue_7)
 .glue_7        0x00000000080026b0        0x0 linker stubs
 *(.glue_7t)
 .glue_7t       0x00000000080026b0        0x0 linker stubs
 *(.eh_frame)
 .eh_frame      0x00000000080026b0        0x0 /usr/lib/gcc/arm-none-eabi/10.3.1/thumb/v7e-m/nofp/crtbegin.o
 *(.init)
 .init          0x00000000080026b0        0x4 /usr/lib/gcc/arm-none-eabi/10.3.1/thumb/v7e-m/nofp/crti.o
                0x00000000080026b0                _init
 .init          0x00000000080026b4        0x8 /usr/lib/gcc/arm-none-eabi/10.3.1/thumb/v7e-m/nofp/crtn.o
 *(.fini)
 .fini          0x00000000080026bc        0x4 /usr/lib/gcc/arm-none-eabi/10.3.1/thumb/v7e-m/nofp/crti.o
                0x00000000080026bc                _fini
 .fini          0x00000000080026c0        0x8 /usr/lib/gcc/arm-none-eabi/10.3.1/thumb/v7e-m/nofp/crtn.o
                0x00000000080026c8                . = ALIGN (0x4)
                0x00000000080026c8                _etext = .

.vfp11_veneer   0x00000000080026c8        0x0
 .vfp11_veneer  0x00000000080026c8        0x0 linker stubs

.v4_bx          0x00000000080026c8        0x0
 .v4_bx         0x00000000080026c8        0x0 linker stubs

.iplt           0x00000000080026c8        0x0
 .iplt          0x00000000080026c8        0x0 /usr/lib/gcc/arm-none-eabi/10.3.1/thumb/v7e-m/nofp/crtbegin.o

.rodata         0x00000000080026c8       0x4c
                0x00000000080026c8                . = ALIGN (0x4)
 *(.rodata)
 .rodata        0x00000000080026c8        0x4 /usr/lib/gcc/arm-none-eabi/10.3.1/../../../arm-none-eabi/lib/thumb/v7e-m/nofp/libg.a(lib_a-impure.o)
                0x00000000080026c8                _global_impure_ptr
 *(.rodata*)
 .rodata.AHBPrescTable
                0x00000000080026cc       0x10 CMakeFiles/07_DAC_LED.elf.dir/Core/Src/system_stm32l4xx.c.obj
                0x00000000080026cc                AHBPrescTable
 .rodata.APBPrescTable
                0x00000000080026dc        0x8 CMakeFiles/07_DAC_LED.elf.dir/Core/Src/system_stm32l4xx.c.obj
                0x00000000080026dc                APBPrescTable
 .rodata.MSIRangeTable
                0x00000000080026e4       0x30 CMakeFiles/07_DAC_LED.elf.dir/Core/Src/system_stm32l4xx.c.obj
                0x00000000080026e4                MSIRangeTable
                0x0000000008002714                . = ALIGN (0x4)

.ARM.extab      0x0000000008002714        0x0
                0x0000000008002714                . = ALIGN (0x4)
 *(.ARM.extab* .gnu.linkonce.armextab.*)
                0x0000000008002714                . = ALIGN (0x4)

.ARM            0x0000000008002714        0x8
                0x0000000008002714                . = ALIGN (0x4)
                0x0000000008002714                __exidx_start = .
 *(.ARM.exidx*)
 .ARM.exidx     0x0000000008002714        0x8 /usr/lib/gcc/arm-none-eabi/10.3.1/thumb/v7e-m/nofp/libgcc.a(_udivmoddi4.o)
                0x000000000800271c                __exidx_end = .
                0x000000000800271c                . = ALIGN (0x4)

.preinit_array  0x000000000800271c        0x0
                0x000000000800271c                . = ALIGN (0x4)
                0x000000000800271c                PROVIDE (__preinit_array_start = .)
 *(.preinit_array*)
                0x000000000800271c                PROVIDE (__preinit_array_end = .)
                0x000000000800271c                . = ALIGN (0x4)

.init_array     0x000000000800271c        0x8
                0x000000000800271c                . = ALIGN (0x4)
                0x000000000800271c                PROVIDE (__init_array_start = .)
 *(SORT_BY_NAME(.init_array.*))
 .init_array.00000
                0x000000000800271c        0x4 /usr/lib/gcc/arm-none-eabi/10.3.1/../../../arm-none-eabi/lib/thumb/v7e-m/nofp/libg.a(lib_a-__call_atexit.o)
 *(.init_array*)
 .init_array    0x0000000008002720        0x4 /usr/lib/gcc/arm-none-eabi/10.3.1/thumb/v7e-m/nofp/crtbegin.o
                0x0000000008002724                PROVIDE (__init_array_end = .)
                0x0000000008002724                . = ALIGN (0x4)

.fini_array     0x0000000008002724        0x4
                0x0000000008002724                . = ALIGN (0x4)
                0x0000000008002724                PROVIDE (__fini_array_start = .)
 *(SORT_BY_NAME(.fini_array.*))
 *(.fini_array*)
 .fini_array    0x0000000008002724        0x4 /usr/lib/gcc/arm-none-eabi/10.3.1/thumb/v7e-m/nofp/crtbegin.o
                0x0000000008002728                PROVIDE (__fini_array_end = .)
                0x0000000008002728                . = ALIGN (0x4)
                0x0000000008002728                _sidata = LOADADDR (.data)

.rel.dyn        0x0000000008002728        0x0
 .rel.iplt      0x0000000008002728        0x0 /usr/lib/gcc/arm-none-eabi/10.3.1/thumb/v7e-m/nofp/crtbegin.o

.data           0x0000000020000000      0x43c load address 0x0000000008002728
                0x0000000020000000                . = ALIGN (0x4)
                0x0000000020000000                _sdata = .
 *(.data)
 .data          0x0000000020000000      0x430 /usr/lib/gcc/arm-none-eabi/10.3.1/../../../arm-none-eabi/lib/thumb/v7e-m/nofp/libg.a(lib_a-impure.o)
                0x0000000020000000                _impure_ptr
 *(.data*)
 .data.SystemCoreClock
                0x0000000020000430        0x4 CMakeFiles/07_DAC_LED.elf.dir/Core/Src/system_stm32l4xx.c.obj
                0x0000000020000430                SystemCoreClock
 .data.uwTickFreq
                0x0000000020000434        0x1 CMakeFiles/07_DAC_LED.elf.dir/Drivers/STM32L4xx_HAL_Driver/Src/stm32l4xx_hal.c.obj
                0x0000000020000434                uwTickFreq
 *fill*         0x0000000020000435        0x3 
 .data.uwTickPrio
                0x0000000020000438        0x4 CMakeFiles/07_DAC_LED.elf.dir/Drivers/STM32L4xx_HAL_Driver/Src/stm32l4xx_hal.c.obj
                0x0000000020000438                uwTickPrio
 *(.RamFunc)
 *(.RamFunc*)
                0x000000002000043c                . = ALIGN (0x4)
                0x000000002000043c                _edata = .

.tm_clone_table
                0x000000002000043c        0x0 load address 0x0000000008002b64
 .tm_clone_table
                0x000000002000043c        0x0 /usr/lib/gcc/arm-none-eabi/10.3.1/thumb/v7e-m/nofp/crtbegin.o
 .tm_clone_table
                0x000000002000043c        0x0 /usr/lib/gcc/arm-none-eabi/10.3.1/thumb/v7e-m/nofp/crtend.o

.igot.plt       0x000000002000043c        0x0 load address 0x0000000008002b64
 .igot.plt      0x000000002000043c        0x0 /usr/lib/gcc/arm-none-eabi/10.3.1/thumb/v7e-m/nofp/crtbegin.o
                0x000000002000043c                . = ALIGN (0x4)

.bss            0x000000002000043c       0xc0 load address 0x0000000008002b64
                0x000000002000043c                _sbss = .
                0x000000002000043c                __bss_start__ = _sbss
 *(.bss)
 .bss           0x000000002000043c       0x1c /usr/lib/gcc/arm-none-eabi/10.3.1/thumb/v7e-m/nofp/crtbegin.o
 *(.bss*)
 .bss.dacValue  0x0000000020000458        0x2 CMakeFiles/07_DAC_LED.elf.dir/Core/Src/main.c.obj
                0x0000000020000458                dacValue
 *fill*         0x000000002000045a        0x2 
 .bss.hdac1     0x000000002000045c       0x14 CMakeFiles/07_DAC_LED.elf.dir/Core/Src/main.c.obj
                0x000000002000045c                hdac1
 .bss.huart2    0x0000000020000470       0x88 CMakeFiles/07_DAC_LED.elf.dir/Core/Src/main.c.obj
                0x0000000020000470                huart2
 .bss.uwTick    0x00000000200004f8        0x4 CMakeFiles/07_DAC_LED.elf.dir/Drivers/STM32L4xx_HAL_Driver/Src/stm32l4xx_hal.c.obj
                0x00000000200004f8                uwTick
 *(COMMON)
                0x00000000200004fc                . = ALIGN (0x4)
                0x00000000200004fc                _ebss = .
                0x00000000200004fc                __bss_end__ = _ebss

._user_heap_stack
                0x00000000200004fc      0x604 load address 0x0000000008002b64
                0x0000000020000500                . = ALIGN (0x8)
 *fill*         0x00000000200004fc        0x4 
                [!provide]                        PROVIDE (end = .)
                0x0000000020000500                PROVIDE (_end = .)
                0x0000000020000700                . = (. + _Min_Heap_Size)
 *fill*         0x0000000020000500      0x200 
                0x0000000020000b00                . = (. + _Min_Stack_Size)
 *fill*         0x0000000020000700      0x400 
                0x0000000020000b00                . = ALIGN (0x8)

/DISCARD/
 libc.a(*)
 libm.a(*)
 libgcc.a(*)

.ARM.attributes
                0x0000000000000000       0x2a
 *(.ARM.attributes)
 .ARM.attributes
                0x0000000000000000       0x1e /usr/lib/gcc/arm-none-eabi/10.3.1/thumb/v7e-m/nofp/crti.o
 .ARM.attributes
                0x000000000000001e       0x2e /usr/lib/gcc/arm-none-eabi/10.3.1/thumb/v7e-m/nofp/crtbegin.o
 .ARM.attributes
                0x000000000000004c       0x2e CMakeFiles/07_DAC_LED.elf.dir/Core/Src/main.c.obj
 .ARM.attributes
                0x000000000000007a       0x2e CMakeFiles/07_DAC_LED.elf.dir/Core/Src/stm32l4xx_hal_msp.c.obj
 .ARM.attributes
                0x00000000000000a8       0x2e CMakeFiles/07_DAC_LED.elf.dir/Core/Src/stm32l4xx_it.c.obj
 .ARM.attributes
                0x00000000000000d6       0x2e CMakeFiles/07_DAC_LED.elf.dir/Core/Src/system_stm32l4xx.c.obj
 .ARM.attributes
                0x0000000000000104       0x21 CMakeFiles/07_DAC_LED.elf.dir/Core/Startup/startup_stm32l476rgtx.s.obj
 .ARM.attributes
                0x0000000000000125       0x2e CMakeFiles/07_DAC_LED.elf.dir/Drivers/STM32L4xx_HAL_Driver/Src/stm32l4xx_hal.c.obj
 .ARM.attributes
                0x0000000000000153       0x2e CMakeFiles/07_DAC_LED.elf.dir/Drivers/STM32L4xx_HAL_Driver/Src/stm32l4xx_hal_cortex.c.obj
 .ARM.attributes
                0x0000000000000181       0x2e CMakeFiles/07_DAC_LED.elf.dir/Drivers/STM32L4xx_HAL_Driver/Src/stm32l4xx_hal_dac.c.obj
 .ARM.attributes
                0x00000000000001af       0x2e CMakeFiles/07_DAC_LED.elf.dir/Drivers/STM32L4xx_HAL_Driver/Src/stm32l4xx_hal_gpio.c.obj
 .ARM.attributes
                0x00000000000001dd       0x2e CMakeFiles/07_DAC_LED.elf.dir/Drivers/STM32L4xx_HAL_Driver/Src/stm32l4xx_hal_pwr_ex.c.obj
 .ARM.attributes
                0x000000000000020b       0x2e CMakeFiles/07_DAC_LED.elf.dir/Drivers/STM32L4xx_HAL_Driver/Src/stm32l4xx_hal_rcc.c.obj
 .ARM.attributes
                0x0000000000000239       0x2e CMakeFiles/07_DAC_LED.elf.dir/Drivers/STM32L4xx_HAL_Driver/Src/stm32l4xx_hal_rcc_ex.c.obj
 .ARM.attributes
                0x0000000000000267       0x2e CMakeFiles/07_DAC_LED.elf.dir/Drivers/STM32L4xx_HAL_Driver/Src/stm32l4xx_hal_uart.c.obj
 .ARM.attributes
                0x0000000000000295       0x1e /usr/lib/gcc/arm-none-eabi/10.3.1/thumb/v7e-m/nofp/libgcc.a(_aeabi_uldivmod.o)
 .ARM.attributes
                0x00000000000002b3       0x2e /usr/lib/gcc/arm-none-eabi/10.3.1/thumb/v7e-m/nofp/libgcc.a(_udivmoddi4.o)
 .ARM.attributes
                0x00000000000002e1       0x1e /usr/lib/gcc/arm-none-eabi/10.3.1/thumb/v7e-m/nofp/libgcc.a(_dvmd_tls.o)
 .ARM.attributes
                0x00000000000002ff       0x2e /usr/lib/gcc/arm-none-eabi/10.3.1/../../../arm-none-eabi/lib/thumb/v7e-m/nofp/libg.a(lib_a-atexit.o)
 .ARM.attributes
                0x000000000000032d       0x2e /usr/lib/gcc/arm-none-eabi/10.3.1/../../../arm-none-eabi/lib/thumb/v7e-m/nofp/libg.a(lib_a-fini.o)
 .ARM.attributes
                0x000000000000035b       0x2e /usr/lib/gcc/arm-none-eabi/10.3.1/../../../arm-none-eabi/lib/thumb/v7e-m/nofp/libg.a(lib_a-impure.o)
 .ARM.attributes
                0x0000000000000389       0x2e /usr/lib/gcc/arm-none-eabi/10.3.1/../../../arm-none-eabi/lib/thumb/v7e-m/nofp/libg.a(lib_a-init.o)
 .ARM.attributes
                0x00000000000003b7       0x2e /usr/lib/gcc/arm-none-eabi/10.3.1/../../../arm-none-eabi/lib/thumb/v7e-m/nofp/libg.a(lib_a-memset.o)
 .ARM.attributes
                0x00000000000003e5       0x2e /usr/lib/gcc/arm-none-eabi/10.3.1/../../../arm-none-eabi/lib/thumb/v7e-m/nofp/libg.a(lib_a-__atexit.o)
 .ARM.attributes
                0x0000000000000413       0x2e /usr/lib/gcc/arm-none-eabi/10.3.1/../../../arm-none-eabi/lib/thumb/v7e-m/nofp/libg.a(lib_a-__call_atexit.o)
 .ARM.attributes
                0x0000000000000441       0x2e /usr/lib/gcc/arm-none-eabi/10.3.1/thumb/v7e-m/nofp/crtend.o
 .ARM.attributes
                0x000000000000046f       0x1e /usr/lib/gcc/arm-none-eabi/10.3.1/thumb/v7e-m/nofp/crtn.o
OUTPUT(07_DAC_LED.elf elf32-littlearm)
LOAD linker stubs
LOAD /usr/lib/gcc/arm-none-eabi/10.3.1/../../../arm-none-eabi/lib/thumb/v7e-m/nofp/libc.a
LOAD /usr/lib/gcc/arm-none-eabi/10.3.1/../../../arm-none-eabi/lib/thumb/v7e-m/nofp/libm.a
LOAD /usr/lib/gcc/arm-none-eabi/10.3.1/thumb/v7e-m/nofp/libgcc.a

.comment        0x0000000000000000       0x33
 .comment       0x0000000000000000       0x33 /usr/lib/gcc/arm-none-eabi/10.3.1/thumb/v7e-m/nofp/crtbegin.o
                                         0x34 (size before relaxing)
 .comment       0x0000000000000033       0x34 CMakeFiles/07_DAC_LED.elf.dir/Core/Src/main.c.obj
 .comment       0x0000000000000033       0x34 CMakeFiles/07_DAC_LED.elf.dir/Core/Src/stm32l4xx_hal_msp.c.obj
 .comment       0x0000000000000033       0x34 CMakeFiles/07_DAC_LED.elf.dir/Core/Src/stm32l4xx_it.c.obj
 .comment       0x0000000000000033       0x34 CMakeFiles/07_DAC_LED.elf.dir/Core/Src/system_stm32l4xx.c.obj
 .comment       0x0000000000000033       0x34 CMakeFiles/07_DAC_LED.elf.dir/Drivers/STM32L4xx_HAL_Driver/Src/stm32l4xx_hal.c.obj
 .comment       0x0000000000000033       0x34 CMakeFiles/07_DAC_LED.elf.dir/Drivers/STM32L4xx_HAL_Driver/Src/stm32l4xx_hal_cortex.c.obj
 .comment       0x0000000000000033       0x34 CMakeFiles/07_DAC_LED.elf.dir/Drivers/STM32L4xx_HAL_Driver/Src/stm32l4xx_hal_dac.c.obj
 .comment       0x0000000000000033       0x34 CMakeFiles/07_DAC_LED.elf.dir/Drivers/STM32L4xx_HAL_Driver/Src/stm32l4xx_hal_gpio.c.obj
 .comment       0x0000000000000033       0x34 CMakeFiles/07_DAC_LED.elf.dir/Drivers/STM32L4xx_HAL_Driver/Src/stm32l4xx_hal_pwr_ex.c.obj
 .comment       0x0000000000000033       0x34 CMakeFiles/07_DAC_LED.elf.dir/Drivers/STM32L4xx_HAL_Driver/Src/stm32l4xx_hal_rcc.c.obj
 .comment       0x0000000000000033       0x34 CMakeFiles/07_DAC_LED.elf.dir/Drivers/STM32L4xx_HAL_Driver/Src/stm32l4xx_hal_rcc_ex.c.obj
 .comment       0x0000000000000033       0x34 CMakeFiles/07_DAC_LED.elf.dir/Drivers/STM32L4xx_HAL_Driver/Src/stm32l4xx_hal_uart.c.obj
 .comment       0x0000000000000033       0x34 /usr/lib/gcc/arm-none-eabi/10.3.1/thumb/v7e-m/nofp/libgcc.a(_udivmoddi4.o)
 .comment       0x0000000000000033       0x34 /usr/lib/gcc/arm-none-eabi/10.3.1/../../../arm-none-eabi/lib/thumb/v7e-m/nofp/libg.a(lib_a-atexit.o)
 .comment       0x0000000000000033       0x34 /usr/lib/gcc/arm-none-eabi/10.3.1/../../../arm-none-eabi/lib/thumb/v7e-m/nofp/libg.a(lib_a-fini.o)
 .comment       0x0000000000000033       0x34 /usr/lib/gcc/arm-none-eabi/10.3.1/../../../arm-none-eabi/lib/thumb/v7e-m/nofp/libg.a(lib_a-impure.o)
 .comment       0x0000000000000033       0x34 /usr/lib/gcc/arm-none-eabi/10.3.1/../../../arm-none-eabi/lib/thumb/v7e-m/nofp/libg.a(lib_a-init.o)
 .comment       0x0000000000000033       0x34 /usr/lib/gcc/arm-none-eabi/10.3.1/../../../arm-none-eabi/lib/thumb/v7e-m/nofp/libg.a(lib_a-memset.o)
 .comment       0x0000000000000033       0x34 /usr/lib/gcc/arm-none-eabi/10.3.1/../../../arm-none-eabi/lib/thumb/v7e-m/nofp/libg.a(lib_a-__atexit.o)
 .comment       0x0000000000000033       0x34 /usr/lib/gcc/arm-none-eabi/10.3.1/../../../arm-none-eabi/lib/thumb/v7e-m/nofp/libg.a(lib_a-__call_atexit.o)
 .comment       0x0000000000000033       0x34 /usr/lib/gcc/arm-none-eabi/10.3.1/thumb/v7e-m/nofp/crtend.o

.debug_info     0x0000000000000000    0x10074
 .debug_info    0x0000000000000000     0x1204 CMakeFiles/07_DAC_LED.elf.dir/Core/Src/main.c.obj
 .debug_info    0x0000000000001204     0x104e CMakeFiles/07_DAC_LED.elf.dir/Core/Src/stm32l4xx_hal_msp.c.obj
 .debug_info    0x0000000000002252      0x130 CMakeFiles/07_DAC_LED.elf.dir/Core/Src/stm32l4xx_it.c.obj
 .debug_info    0x0000000000002382      0x40d CMakeFiles/07_DAC_LED.elf.dir/Core/Src/system_stm32l4xx.c.obj
 .debug_info    0x000000000000278f       0x22 CMakeFiles/07_DAC_LED.elf.dir/Core/Startup/startup_stm32l476rgtx.s.obj
 .debug_info    0x00000000000027b1      0xcdc CMakeFiles/07_DAC_LED.elf.dir/Drivers/STM32L4xx_HAL_Driver/Src/stm32l4xx_hal.c.obj
 .debug_info    0x000000000000348d     0x107a CMakeFiles/07_DAC_LED.elf.dir/Drivers/STM32L4xx_HAL_Driver/Src/stm32l4xx_hal_cortex.c.obj
 .debug_info    0x0000000000004507      0xc0d CMakeFiles/07_DAC_LED.elf.dir/Drivers/STM32L4xx_HAL_Driver/Src/stm32l4xx_hal_dac.c.obj
 .debug_info    0x0000000000005114      0x83f CMakeFiles/07_DAC_LED.elf.dir/Drivers/STM32L4xx_HAL_Driver/Src/stm32l4xx_hal_gpio.c.obj
 .debug_info    0x0000000000005953      0xa8a CMakeFiles/07_DAC_LED.elf.dir/Drivers/STM32L4xx_HAL_Driver/Src/stm32l4xx_hal_pwr_ex.c.obj
 .debug_info    0x00000000000063dd      0xf1b CMakeFiles/07_DAC_LED.elf.dir/Drivers/STM32L4xx_HAL_Driver/Src/stm32l4xx_hal_rcc.c.obj
 .debug_info    0x00000000000072f8     0x1244 CMakeFiles/07_DAC_LED.elf.dir/Drivers/STM32L4xx_HAL_Driver/Src/stm32l4xx_hal_rcc_ex.c.obj
 .debug_info    0x000000000000853c     0x526b CMakeFiles/07_DAC_LED.elf.dir/Drivers/STM32L4xx_HAL_Driver/Src/stm32l4xx_hal_uart.c.obj
 .debug_info    0x000000000000d7a7       0x26 /usr/lib/gcc/arm-none-eabi/10.3.1/thumb/v7e-m/nofp/libgcc.a(_aeabi_uldivmod.o)
 .debug_info    0x000000000000d7cd      0x717 /usr/lib/gcc/arm-none-eabi/10.3.1/thumb/v7e-m/nofp/libgcc.a(_udivmoddi4.o)
 .debug_info    0x000000000000dee4       0x26 /usr/lib/gcc/arm-none-eabi/10.3.1/thumb/v7e-m/nofp/libgcc.a(_dvmd_tls.o)
 .debug_info    0x000000000000df0a      0x100 /usr/lib/gcc/arm-none-eabi/10.3.1/../../../arm-none-eabi/lib/thumb/v7e-m/nofp/libg.a(lib_a-atexit.o)
 .debug_info    0x000000000000e00a      0x102 /usr/lib/gcc/arm-none-eabi/10.3.1/../../../arm-none-eabi/lib/thumb/v7e-m/nofp/libg.a(lib_a-fini.o)
 .debug_info    0x000000000000e10c      0x92a /usr/lib/gcc/arm-none-eabi/10.3.1/../../../arm-none-eabi/lib/thumb/v7e-m/nofp/libg.a(lib_a-impure.o)
 .debug_info    0x000000000000ea36      0x11a /usr/lib/gcc/arm-none-eabi/10.3.1/../../../arm-none-eabi/lib/thumb/v7e-m/nofp/libg.a(lib_a-init.o)
 .debug_info    0x000000000000eb50      0x137 /usr/lib/gcc/arm-none-eabi/10.3.1/../../../arm-none-eabi/lib/thumb/v7e-m/nofp/libg.a(lib_a-memset.o)
 .debug_info    0x000000000000ec87      0x9b0 /usr/lib/gcc/arm-none-eabi/10.3.1/../../../arm-none-eabi/lib/thumb/v7e-m/nofp/libg.a(lib_a-__atexit.o)
 .debug_info    0x000000000000f637      0xa3d /usr/lib/gcc/arm-none-eabi/10.3.1/../../../arm-none-eabi/lib/thumb/v7e-m/nofp/libg.a(lib_a-__call_atexit.o)

.debug_abbrev   0x0000000000000000     0x2407
 .debug_abbrev  0x0000000000000000      0x25e CMakeFiles/07_DAC_LED.elf.dir/Core/Src/main.c.obj
 .debug_abbrev  0x000000000000025e      0x1d2 CMakeFiles/07_DAC_LED.elf.dir/Core/Src/stm32l4xx_hal_msp.c.obj
 .debug_abbrev  0x0000000000000430       0x7e CMakeFiles/07_DAC_LED.elf.dir/Core/Src/stm32l4xx_it.c.obj
 .debug_abbrev  0x00000000000004ae      0x119 CMakeFiles/07_DAC_LED.elf.dir/Core/Src/system_stm32l4xx.c.obj
 .debug_abbrev  0x00000000000005c7       0x12 CMakeFiles/07_DAC_LED.elf.dir/Core/Startup/startup_stm32l476rgtx.s.obj
 .debug_abbrev  0x00000000000005d9      0x22a CMakeFiles/07_DAC_LED.elf.dir/Drivers/STM32L4xx_HAL_Driver/Src/stm32l4xx_hal.c.obj
 .debug_abbrev  0x0000000000000803      0x36a CMakeFiles/07_DAC_LED.elf.dir/Drivers/STM32L4xx_HAL_Driver/Src/stm32l4xx_hal_cortex.c.obj
 .debug_abbrev  0x0000000000000b6d      0x1c6 CMakeFiles/07_DAC_LED.elf.dir/Drivers/STM32L4xx_HAL_Driver/Src/stm32l4xx_hal_dac.c.obj
 .debug_abbrev  0x0000000000000d33      0x1e6 CMakeFiles/07_DAC_LED.elf.dir/Drivers/STM32L4xx_HAL_Driver/Src/stm32l4xx_hal_gpio.c.obj
 .debug_abbrev  0x0000000000000f19      0x215 CMakeFiles/07_DAC_LED.elf.dir/Drivers/STM32L4xx_HAL_Driver/Src/stm32l4xx_hal_pwr_ex.c.obj
 .debug_abbrev  0x000000000000112e      0x251 CMakeFiles/07_DAC_LED.elf.dir/Drivers/STM32L4xx_HAL_Driver/Src/stm32l4xx_hal_rcc.c.obj
 .debug_abbrev  0x000000000000137f      0x275 CMakeFiles/07_DAC_LED.elf.dir/Drivers/STM32L4xx_HAL_Driver/Src/stm32l4xx_hal_rcc_ex.c.obj
 .debug_abbrev  0x00000000000015f4      0x2d9 CMakeFiles/07_DAC_LED.elf.dir/Drivers/STM32L4xx_HAL_Driver/Src/stm32l4xx_hal_uart.c.obj
 .debug_abbrev  0x00000000000018cd       0x14 /usr/lib/gcc/arm-none-eabi/10.3.1/thumb/v7e-m/nofp/libgcc.a(_aeabi_uldivmod.o)
 .debug_abbrev  0x00000000000018e1      0x163 /usr/lib/gcc/arm-none-eabi/10.3.1/thumb/v7e-m/nofp/libgcc.a(_udivmoddi4.o)
 .debug_abbrev  0x0000000000001a44       0x14 /usr/lib/gcc/arm-none-eabi/10.3.1/thumb/v7e-m/nofp/libgcc.a(_dvmd_tls.o)
 .debug_abbrev  0x0000000000001a58       0xb7 /usr/lib/gcc/arm-none-eabi/10.3.1/../../../arm-none-eabi/lib/thumb/v7e-m/nofp/libg.a(lib_a-atexit.o)
 .debug_abbrev  0x0000000000001b0f       0xcf /usr/lib/gcc/arm-none-eabi/10.3.1/../../../arm-none-eabi/lib/thumb/v7e-m/nofp/libg.a(lib_a-fini.o)
 .debug_abbrev  0x0000000000001bde      0x1b8 /usr/lib/gcc/arm-none-eabi/10.3.1/../../../arm-none-eabi/lib/thumb/v7e-m/nofp/libg.a(lib_a-impure.o)
 .debug_abbrev  0x0000000000001d96       0xcc /usr/lib/gcc/arm-none-eabi/10.3.1/../../../arm-none-eabi/lib/thumb/v7e-m/nofp/libg.a(lib_a-init.o)
 .debug_abbrev  0x0000000000001e62       0xb4 /usr/lib/gcc/arm-none-eabi/10.3.1/../../../arm-none-eabi/lib/thumb/v7e-m/nofp/libg.a(lib_a-memset.o)
 .debug_abbrev  0x0000000000001f16      0x23f /usr/lib/gcc/arm-none-eabi/10.3.1/../../../arm-none-eabi/lib/thumb/v7e-m/nofp/libg.a(lib_a-__atexit.o)
 .debug_abbrev  0x0000000000002155      0x2b2 /usr/lib/gcc/arm-none-eabi/10.3.1/../../../arm-none-eabi/lib/thumb/v7e-m/nofp/libg.a(lib_a-__call_atexit.o)

.debug_loc      0x0000000000000000     0xa890
 .debug_loc     0x0000000000000000       0x74 CMakeFiles/07_DAC_LED.elf.dir/Core/Src/main.c.obj
 .debug_loc     0x0000000000000074       0xe8 CMakeFiles/07_DAC_LED.elf.dir/Core/Src/stm32l4xx_hal_msp.c.obj
 .debug_loc     0x000000000000015c      0x127 CMakeFiles/07_DAC_LED.elf.dir/Core/Src/system_stm32l4xx.c.obj
 .debug_loc     0x0000000000000283      0x1ef CMakeFiles/07_DAC_LED.elf.dir/Drivers/STM32L4xx_HAL_Driver/Src/stm32l4xx_hal.c.obj
 .debug_loc     0x0000000000000472      0x744 CMakeFiles/07_DAC_LED.elf.dir/Drivers/STM32L4xx_HAL_Driver/Src/stm32l4xx_hal_cortex.c.obj
 .debug_loc     0x0000000000000bb6      0x813 CMakeFiles/07_DAC_LED.elf.dir/Drivers/STM32L4xx_HAL_Driver/Src/stm32l4xx_hal_dac.c.obj
 .debug_loc     0x00000000000013c9      0x3da CMakeFiles/07_DAC_LED.elf.dir/Drivers/STM32L4xx_HAL_Driver/Src/stm32l4xx_hal_gpio.c.obj
 .debug_loc     0x00000000000017a3      0xb06 CMakeFiles/07_DAC_LED.elf.dir/Drivers/STM32L4xx_HAL_Driver/Src/stm32l4xx_hal_pwr_ex.c.obj
 .debug_loc     0x00000000000022a9      0x81c CMakeFiles/07_DAC_LED.elf.dir/Drivers/STM32L4xx_HAL_Driver/Src/stm32l4xx_hal_rcc.c.obj
 .debug_loc     0x0000000000002ac5     0x1af9 CMakeFiles/07_DAC_LED.elf.dir/Drivers/STM32L4xx_HAL_Driver/Src/stm32l4xx_hal_rcc_ex.c.obj
 .debug_loc     0x00000000000045be     0x4bd8 CMakeFiles/07_DAC_LED.elf.dir/Drivers/STM32L4xx_HAL_Driver/Src/stm32l4xx_hal_uart.c.obj
 .debug_loc     0x0000000000009196     0x1094 /usr/lib/gcc/arm-none-eabi/10.3.1/thumb/v7e-m/nofp/libgcc.a(_udivmoddi4.o)
 .debug_loc     0x000000000000a22a       0x32 /usr/lib/gcc/arm-none-eabi/10.3.1/../../../arm-none-eabi/lib/thumb/v7e-m/nofp/libg.a(lib_a-atexit.o)
 .debug_loc     0x000000000000a25c       0x68 /usr/lib/gcc/arm-none-eabi/10.3.1/../../../arm-none-eabi/lib/thumb/v7e-m/nofp/libg.a(lib_a-fini.o)
 .debug_loc     0x000000000000a2c4       0xba /usr/lib/gcc/arm-none-eabi/10.3.1/../../../arm-none-eabi/lib/thumb/v7e-m/nofp/libg.a(lib_a-init.o)
 .debug_loc     0x000000000000a37e      0x22c /usr/lib/gcc/arm-none-eabi/10.3.1/../../../arm-none-eabi/lib/thumb/v7e-m/nofp/libg.a(lib_a-memset.o)
 .debug_loc     0x000000000000a5aa      0x138 /usr/lib/gcc/arm-none-eabi/10.3.1/../../../arm-none-eabi/lib/thumb/v7e-m/nofp/libg.a(lib_a-__atexit.o)
 .debug_loc     0x000000000000a6e2      0x1ae /usr/lib/gcc/arm-none-eabi/10.3.1/../../../arm-none-eabi/lib/thumb/v7e-m/nofp/libg.a(lib_a-__call_atexit.o)

.debug_aranges  0x0000000000000000      0xa40
 .debug_aranges
                0x0000000000000000       0x48 CMakeFiles/07_DAC_LED.elf.dir/Core/Src/main.c.obj
 .debug_aranges
                0x0000000000000048       0x40 CMakeFiles/07_DAC_LED.elf.dir/Core/Src/stm32l4xx_hal_msp.c.obj
 .debug_aranges
                0x0000000000000088       0x60 CMakeFiles/07_DAC_LED.elf.dir/Core/Src/stm32l4xx_it.c.obj
 .debug_aranges
                0x00000000000000e8       0x28 CMakeFiles/07_DAC_LED.elf.dir/Core/Src/system_stm32l4xx.c.obj
 .debug_aranges
                0x0000000000000110       0x28 CMakeFiles/07_DAC_LED.elf.dir/Core/Startup/startup_stm32l476rgtx.s.obj
 .debug_aranges
                0x0000000000000138      0x130 CMakeFiles/07_DAC_LED.elf.dir/Drivers/STM32L4xx_HAL_Driver/Src/stm32l4xx_hal.c.obj
 .debug_aranges
                0x0000000000000268       0xa8 CMakeFiles/07_DAC_LED.elf.dir/Drivers/STM32L4xx_HAL_Driver/Src/stm32l4xx_hal_cortex.c.obj
 .debug_aranges
                0x0000000000000310       0xc0 CMakeFiles/07_DAC_LED.elf.dir/Drivers/STM32L4xx_HAL_Driver/Src/stm32l4xx_hal_dac.c.obj
 .debug_aranges
                0x00000000000003d0       0x58 CMakeFiles/07_DAC_LED.elf.dir/Drivers/STM32L4xx_HAL_Driver/Src/stm32l4xx_hal_gpio.c.obj
 .debug_aranges
                0x0000000000000428      0x160 CMakeFiles/07_DAC_LED.elf.dir/Drivers/STM32L4xx_HAL_Driver/Src/stm32l4xx_hal_pwr_ex.c.obj
 .debug_aranges
                0x0000000000000588       0x90 CMakeFiles/07_DAC_LED.elf.dir/Drivers/STM32L4xx_HAL_Driver/Src/stm32l4xx_hal_rcc.c.obj
 .debug_aranges
                0x0000000000000618       0xc0 CMakeFiles/07_DAC_LED.elf.dir/Drivers/STM32L4xx_HAL_Driver/Src/stm32l4xx_hal_rcc_ex.c.obj
 .debug_aranges
                0x00000000000006d8      0x228 CMakeFiles/07_DAC_LED.elf.dir/Drivers/STM32L4xx_HAL_Driver/Src/stm32l4xx_hal_uart.c.obj
 .debug_aranges
                0x0000000000000900       0x20 /usr/lib/gcc/arm-none-eabi/10.3.1/thumb/v7e-m/nofp/libgcc.a(_aeabi_uldivmod.o)
 .debug_aranges
                0x0000000000000920       0x20 /usr/lib/gcc/arm-none-eabi/10.3.1/thumb/v7e-m/nofp/libgcc.a(_udivmoddi4.o)
 .debug_aranges
                0x0000000000000940       0x20 /usr/lib/gcc/arm-none-eabi/10.3.1/thumb/v7e-m/nofp/libgcc.a(_dvmd_tls.o)
 .debug_aranges
                0x0000000000000960       0x20 /usr/lib/gcc/arm-none-eabi/10.3.1/../../../arm-none-eabi/lib/thumb/v7e-m/nofp/libg.a(lib_a-atexit.o)
 .debug_aranges
                0x0000000000000980       0x20 /usr/lib/gcc/arm-none-eabi/10.3.1/../../../arm-none-eabi/lib/thumb/v7e-m/nofp/libg.a(lib_a-fini.o)
 .debug_aranges
                0x00000000000009a0       0x18 /usr/lib/gcc/arm-none-eabi/10.3.1/../../../arm-none-eabi/lib/thumb/v7e-m/nofp/libg.a(lib_a-impure.o)
 .debug_aranges
                0x00000000000009b8       0x20 /usr/lib/gcc/arm-none-eabi/10.3.1/../../../arm-none-eabi/lib/thumb/v7e-m/nofp/libg.a(lib_a-init.o)
 .debug_aranges
                0x00000000000009d8       0x20 /usr/lib/gcc/arm-none-eabi/10.3.1/../../../arm-none-eabi/lib/thumb/v7e-m/nofp/libg.a(lib_a-memset.o)
 .debug_aranges
                0x00000000000009f8       0x20 /usr/lib/gcc/arm-none-eabi/10.3.1/../../../arm-none-eabi/lib/thumb/v7e-m/nofp/libg.a(lib_a-__atexit.o)
 .debug_aranges
                0x0000000000000a18       0x28 /usr/lib/gcc/arm-none-eabi/10.3.1/../../../arm-none-eabi/lib/thumb/v7e-m/nofp/libg.a(lib_a-__call_atexit.o)

.debug_ranges   0x0000000000000000      0xa30
 .debug_ranges  0x0000000000000000       0x50 CMakeFiles/07_DAC_LED.elf.dir/Core/Src/main.c.obj
 .debug_ranges  0x0000000000000050       0x30 CMakeFiles/07_DAC_LED.elf.dir/Core/Src/stm32l4xx_hal_msp.c.obj
 .debug_ranges  0x0000000000000080       0x50 CMakeFiles/07_DAC_LED.elf.dir/Core/Src/stm32l4xx_it.c.obj
 .debug_ranges  0x00000000000000d0       0x18 CMakeFiles/07_DAC_LED.elf.dir/Core/Src/system_stm32l4xx.c.obj
 .debug_ranges  0x00000000000000e8       0x20 CMakeFiles/07_DAC_LED.elf.dir/Core/Startup/startup_stm32l476rgtx.s.obj
 .debug_ranges  0x0000000000000108      0x120 CMakeFiles/07_DAC_LED.elf.dir/Drivers/STM32L4xx_HAL_Driver/Src/stm32l4xx_hal.c.obj
 .debug_ranges  0x0000000000000228       0xf8 CMakeFiles/07_DAC_LED.elf.dir/Drivers/STM32L4xx_HAL_Driver/Src/stm32l4xx_hal_cortex.c.obj
 .debug_ranges  0x0000000000000320       0xb0 CMakeFiles/07_DAC_LED.elf.dir/Drivers/STM32L4xx_HAL_Driver/Src/stm32l4xx_hal_dac.c.obj
 .debug_ranges  0x00000000000003d0       0x48 CMakeFiles/07_DAC_LED.elf.dir/Drivers/STM32L4xx_HAL_Driver/Src/stm32l4xx_hal_gpio.c.obj
 .debug_ranges  0x0000000000000418      0x150 CMakeFiles/07_DAC_LED.elf.dir/Drivers/STM32L4xx_HAL_Driver/Src/stm32l4xx_hal_pwr_ex.c.obj
 .debug_ranges  0x0000000000000568       0x98 CMakeFiles/07_DAC_LED.elf.dir/Drivers/STM32L4xx_HAL_Driver/Src/stm32l4xx_hal_rcc.c.obj
 .debug_ranges  0x0000000000000600       0xc8 CMakeFiles/07_DAC_LED.elf.dir/Drivers/STM32L4xx_HAL_Driver/Src/stm32l4xx_hal_rcc_ex.c.obj
 .debug_ranges  0x00000000000006c8      0x230 CMakeFiles/07_DAC_LED.elf.dir/Drivers/STM32L4xx_HAL_Driver/Src/stm32l4xx_hal_uart.c.obj
 .debug_ranges  0x00000000000008f8       0xe8 /usr/lib/gcc/arm-none-eabi/10.3.1/thumb/v7e-m/nofp/libgcc.a(_udivmoddi4.o)
 .debug_ranges  0x00000000000009e0       0x50 /usr/lib/gcc/arm-none-eabi/10.3.1/../../../arm-none-eabi/lib/thumb/v7e-m/nofp/libg.a(lib_a-__call_atexit.o)

.debug_line     0x0000000000000000     0xbf01
 .debug_line    0x0000000000000000      0x581 CMakeFiles/07_DAC_LED.elf.dir/Core/Src/main.c.obj
 .debug_line    0x0000000000000581      0x3cb CMakeFiles/07_DAC_LED.elf.dir/Core/Src/stm32l4xx_hal_msp.c.obj
 .debug_line    0x000000000000094c      0x1ed CMakeFiles/07_DAC_LED.elf.dir/Core/Src/stm32l4xx_it.c.obj
 .debug_line    0x0000000000000b39      0x252 CMakeFiles/07_DAC_LED.elf.dir/Core/Src/system_stm32l4xx.c.obj
 .debug_line    0x0000000000000d8b       0xbf CMakeFiles/07_DAC_LED.elf.dir/Core/Startup/startup_stm32l476rgtx.s.obj
 .debug_line    0x0000000000000e4a      0x6f2 CMakeFiles/07_DAC_LED.elf.dir/Drivers/STM32L4xx_HAL_Driver/Src/stm32l4xx_hal.c.obj
 .debug_line    0x000000000000153c      0x7cc CMakeFiles/07_DAC_LED.elf.dir/Drivers/STM32L4xx_HAL_Driver/Src/stm32l4xx_hal_cortex.c.obj
 .debug_line    0x0000000000001d08      0x937 CMakeFiles/07_DAC_LED.elf.dir/Drivers/STM32L4xx_HAL_Driver/Src/stm32l4xx_hal_dac.c.obj
 .debug_line    0x000000000000263f      0x6eb CMakeFiles/07_DAC_LED.elf.dir/Drivers/STM32L4xx_HAL_Driver/Src/stm32l4xx_hal_gpio.c.obj
 .debug_line    0x0000000000002d2a      0xb35 CMakeFiles/07_DAC_LED.elf.dir/Drivers/STM32L4xx_HAL_Driver/Src/stm32l4xx_hal_pwr_ex.c.obj
 .debug_line    0x000000000000385f      0xf15 CMakeFiles/07_DAC_LED.elf.dir/Drivers/STM32L4xx_HAL_Driver/Src/stm32l4xx_hal_rcc.c.obj
 .debug_line    0x0000000000004774     0x1548 CMakeFiles/07_DAC_LED.elf.dir/Drivers/STM32L4xx_HAL_Driver/Src/stm32l4xx_hal_rcc_ex.c.obj
 .debug_line    0x0000000000005cbc     0x5217 CMakeFiles/07_DAC_LED.elf.dir/Drivers/STM32L4xx_HAL_Driver/Src/stm32l4xx_hal_uart.c.obj
 .debug_line    0x000000000000aed3       0x60 /usr/lib/gcc/arm-none-eabi/10.3.1/thumb/v7e-m/nofp/libgcc.a(_aeabi_uldivmod.o)
 .debug_line    0x000000000000af33      0x5b4 /usr/lib/gcc/arm-none-eabi/10.3.1/thumb/v7e-m/nofp/libgcc.a(_udivmoddi4.o)
 .debug_line    0x000000000000b4e7       0x60 /usr/lib/gcc/arm-none-eabi/10.3.1/thumb/v7e-m/nofp/libgcc.a(_dvmd_tls.o)
 .debug_line    0x000000000000b547       0xc0 /usr/lib/gcc/arm-none-eabi/10.3.1/../../../arm-none-eabi/lib/thumb/v7e-m/nofp/libg.a(lib_a-atexit.o)
 .debug_line    0x000000000000b607       0xed /usr/lib/gcc/arm-none-eabi/10.3.1/../../../arm-none-eabi/lib/thumb/v7e-m/nofp/libg.a(lib_a-fini.o)
 .debug_line    0x000000000000b6f4       0xe4 /usr/lib/gcc/arm-none-eabi/10.3.1/../../../arm-none-eabi/lib/thumb/v7e-m/nofp/libg.a(lib_a-impure.o)
 .debug_line    0x000000000000b7d8      0x138 /usr/lib/gcc/arm-none-eabi/10.3.1/../../../arm-none-eabi/lib/thumb/v7e-m/nofp/libg.a(lib_a-init.o)
 .debug_line    0x000000000000b910      0x1bf /usr/lib/gcc/arm-none-eabi/10.3.1/../../../arm-none-eabi/lib/thumb/v7e-m/nofp/libg.a(lib_a-memset.o)
 .debug_line    0x000000000000bacf      0x19e /usr/lib/gcc/arm-none-eabi/10.3.1/../../../arm-none-eabi/lib/thumb/v7e-m/nofp/libg.a(lib_a-__atexit.o)
 .debug_line    0x000000000000bc6d      0x294 /usr/lib/gcc/arm-none-eabi/10.3.1/../../../arm-none-eabi/lib/thumb/v7e-m/nofp/libg.a(lib_a-__call_atexit.o)

.debug_str      0x0000000000000000     0x4547
 .debug_str     0x0000000000000000      0xc03 CMakeFiles/07_DAC_LED.elf.dir/Core/Src/main.c.obj
                                        0xc8b (size before relaxing)
 .debug_str     0x0000000000000c03      0x362 CMakeFiles/07_DAC_LED.elf.dir/Core/Src/stm32l4xx_hal_msp.c.obj
                                        0xc69 (size before relaxing)
 .debug_str     0x0000000000000f65       0xee CMakeFiles/07_DAC_LED.elf.dir/Core/Src/stm32l4xx_it.c.obj
                                        0x28f (size before relaxing)
 .debug_str     0x0000000000001053       0xd5 CMakeFiles/07_DAC_LED.elf.dir/Core/Src/system_stm32l4xx.c.obj
                                        0x3d0 (size before relaxing)
 .debug_str     0x0000000000001128       0x6b CMakeFiles/07_DAC_LED.elf.dir/Core/Startup/startup_stm32l476rgtx.s.obj
                                         0xb7 (size before relaxing)
 .debug_str     0x0000000000001193      0xa18 CMakeFiles/07_DAC_LED.elf.dir/Drivers/STM32L4xx_HAL_Driver/Src/stm32l4xx_hal.c.obj
                                        0xdaf (size before relaxing)
 .debug_str     0x0000000000001bab      0x4cf CMakeFiles/07_DAC_LED.elf.dir/Drivers/STM32L4xx_HAL_Driver/Src/stm32l4xx_hal_cortex.c.obj
                                        0xc61 (size before relaxing)
 .debug_str     0x000000000000207a      0x1fd CMakeFiles/07_DAC_LED.elf.dir/Drivers/STM32L4xx_HAL_Driver/Src/stm32l4xx_hal_dac.c.obj
                                        0x87e (size before relaxing)
 .debug_str     0x0000000000002277      0x184 CMakeFiles/07_DAC_LED.elf.dir/Drivers/STM32L4xx_HAL_Driver/Src/stm32l4xx_hal_gpio.c.obj
                                        0x58a (size before relaxing)
 .debug_str     0x00000000000023fb      0x5ac CMakeFiles/07_DAC_LED.elf.dir/Drivers/STM32L4xx_HAL_Driver/Src/stm32l4xx_hal_pwr_ex.c.obj
                                        0x89a (size before relaxing)
 .debug_str     0x00000000000029a7      0x20d CMakeFiles/07_DAC_LED.elf.dir/Drivers/STM32L4xx_HAL_Driver/Src/stm32l4xx_hal_rcc.c.obj
                                        0x8dc (size before relaxing)
 .debug_str     0x0000000000002bb4      0x32e CMakeFiles/07_DAC_LED.elf.dir/Drivers/STM32L4xx_HAL_Driver/Src/stm32l4xx_hal_rcc_ex.c.obj
                                        0xb05 (size before relaxing)
 .debug_str     0x0000000000002ee2      0x805 CMakeFiles/07_DAC_LED.elf.dir/Drivers/STM32L4xx_HAL_Driver/Src/stm32l4xx_hal_uart.c.obj
                                       0x1049 (size before relaxing)
 .debug_str     0x00000000000036e7       0xa3 /usr/lib/gcc/arm-none-eabi/10.3.1/thumb/v7e-m/nofp/libgcc.a(_aeabi_uldivmod.o)
 .debug_str     0x000000000000378a      0x541 /usr/lib/gcc/arm-none-eabi/10.3.1/thumb/v7e-m/nofp/libgcc.a(_udivmoddi4.o)
                                        0x641 (size before relaxing)
 .debug_str     0x0000000000003ccb       0x30 /usr/lib/gcc/arm-none-eabi/10.3.1/thumb/v7e-m/nofp/libgcc.a(_dvmd_tls.o)
                                         0xa7 (size before relaxing)
 .debug_str     0x0000000000003cfb      0x142 /usr/lib/gcc/arm-none-eabi/10.3.1/../../../arm-none-eabi/lib/thumb/v7e-m/nofp/libg.a(lib_a-atexit.o)
                                        0x1de (size before relaxing)
 .debug_str     0x0000000000003e3d       0xc5 /usr/lib/gcc/arm-none-eabi/10.3.1/../../../arm-none-eabi/lib/thumb/v7e-m/nofp/libg.a(lib_a-fini.o)
                                        0x1d6 (size before relaxing)
 .debug_str     0x0000000000003f02      0x44a /usr/lib/gcc/arm-none-eabi/10.3.1/../../../arm-none-eabi/lib/thumb/v7e-m/nofp/libg.a(lib_a-impure.o)
                                        0x57c (size before relaxing)
 .debug_str     0x000000000000434c       0x96 /usr/lib/gcc/arm-none-eabi/10.3.1/../../../arm-none-eabi/lib/thumb/v7e-m/nofp/libg.a(lib_a-init.o)
                                        0x200 (size before relaxing)
 .debug_str     0x00000000000043e2       0xa2 /usr/lib/gcc/arm-none-eabi/10.3.1/../../../arm-none-eabi/lib/thumb/v7e-m/nofp/libg.a(lib_a-memset.o)
                                        0x1b5 (size before relaxing)
 .debug_str     0x0000000000004484       0x36 /usr/lib/gcc/arm-none-eabi/10.3.1/../../../arm-none-eabi/lib/thumb/v7e-m/nofp/libg.a(lib_a-__atexit.o)
                                        0x5b6 (size before relaxing)
 .debug_str     0x00000000000044ba       0x8d /usr/lib/gcc/arm-none-eabi/10.3.1/../../../arm-none-eabi/lib/thumb/v7e-m/nofp/libg.a(lib_a-__call_atexit.o)
                                        0x5e2 (size before relaxing)

.debug_frame    0x0000000000000000     0x1684
 .debug_frame   0x0000000000000000       0xb0 CMakeFiles/07_DAC_LED.elf.dir/Core/Src/main.c.obj
 .debug_frame   0x00000000000000b0       0x9c CMakeFiles/07_DAC_LED.elf.dir/Core/Src/stm32l4xx_hal_msp.c.obj
 .debug_frame   0x000000000000014c       0xa8 CMakeFiles/07_DAC_LED.elf.dir/Core/Src/stm32l4xx_it.c.obj
 .debug_frame   0x00000000000001f4       0x30 CMakeFiles/07_DAC_LED.elf.dir/Core/Src/system_stm32l4xx.c.obj
 .debug_frame   0x0000000000000224      0x274 CMakeFiles/07_DAC_LED.elf.dir/Drivers/STM32L4xx_HAL_Driver/Src/stm32l4xx_hal.c.obj
 .debug_frame   0x0000000000000498      0x148 CMakeFiles/07_DAC_LED.elf.dir/Drivers/STM32L4xx_HAL_Driver/Src/stm32l4xx_hal_cortex.c.obj
 .debug_frame   0x00000000000005e0      0x1ec CMakeFiles/07_DAC_LED.elf.dir/Drivers/STM32L4xx_HAL_Driver/Src/stm32l4xx_hal_dac.c.obj
 .debug_frame   0x00000000000007cc       0xd0 CMakeFiles/07_DAC_LED.elf.dir/Drivers/STM32L4xx_HAL_Driver/Src/stm32l4xx_hal_gpio.c.obj
 .debug_frame   0x000000000000089c      0x2b8 CMakeFiles/07_DAC_LED.elf.dir/Drivers/STM32L4xx_HAL_Driver/Src/stm32l4xx_hal_pwr_ex.c.obj
 .debug_frame   0x0000000000000b54      0x19c CMakeFiles/07_DAC_LED.elf.dir/Drivers/STM32L4xx_HAL_Driver/Src/stm32l4xx_hal_rcc.c.obj
 .debug_frame   0x0000000000000cf0      0x204 CMakeFiles/07_DAC_LED.elf.dir/Drivers/STM32L4xx_HAL_Driver/Src/stm32l4xx_hal_rcc_ex.c.obj
 .debug_frame   0x0000000000000ef4      0x600 CMakeFiles/07_DAC_LED.elf.dir/Drivers/STM32L4xx_HAL_Driver/Src/stm32l4xx_hal_uart.c.obj
 .debug_frame   0x00000000000014f4       0x2c /usr/lib/gcc/arm-none-eabi/10.3.1/thumb/v7e-m/nofp/libgcc.a(_aeabi_uldivmod.o)
 .debug_frame   0x0000000000001520       0x34 /usr/lib/gcc/arm-none-eabi/10.3.1/thumb/v7e-m/nofp/libgcc.a(_udivmoddi4.o)
 .debug_frame   0x0000000000001554       0x20 /usr/lib/gcc/arm-none-eabi/10.3.1/../../../arm-none-eabi/lib/thumb/v7e-m/nofp/libg.a(lib_a-atexit.o)
 .debug_frame   0x0000000000001574       0x34 /usr/lib/gcc/arm-none-eabi/10.3.1/../../../arm-none-eabi/lib/thumb/v7e-m/nofp/libg.a(lib_a-fini.o)
 .debug_frame   0x00000000000015a8       0x2c /usr/lib/gcc/arm-none-eabi/10.3.1/../../../arm-none-eabi/lib/thumb/v7e-m/nofp/libg.a(lib_a-init.o)
 .debug_frame   0x00000000000015d4       0x2c /usr/lib/gcc/arm-none-eabi/10.3.1/../../../arm-none-eabi/lib/thumb/v7e-m/nofp/libg.a(lib_a-memset.o)
 .debug_frame   0x0000000000001600       0x34 /usr/lib/gcc/arm-none-eabi/10.3.1/../../../arm-none-eabi/lib/thumb/v7e-m/nofp/libg.a(lib_a-__atexit.o)
 .debug_frame   0x0000000000001634       0x50 /usr/lib/gcc/arm-none-eabi/10.3.1/../../../arm-none-eabi/lib/thumb/v7e-m/nofp/libg.a(lib_a-__call_atexit.o)
