Archive member included to satisfy reference by file (symbol)

c:/progra~2/gnuarm~1/102021~1.10/bin/../lib/gcc/arm-none-eabi/10.3.1/thumb/v7e-m/nofp\libgcc.a(_aeabi_uldivmod.o)
                              CMakeFiles/03_PWM_LED.elf.dir/Drivers/STM32L4xx_HAL_Driver/Src/stm32l4xx_hal_uart.c.obj (__aeabi_uldivmod)
c:/progra~2/gnuarm~1/102021~1.10/bin/../lib/gcc/arm-none-eabi/10.3.1/thumb/v7e-m/nofp\libgcc.a(_udivmoddi4.o)
                              c:/progra~2/gnuarm~1/102021~1.10/bin/../lib/gcc/arm-none-eabi/10.3.1/thumb/v7e-m/nofp\libgcc.a(_aeabi_uldivmod.o) (__udivmoddi4)
c:/progra~2/gnuarm~1/102021~1.10/bin/../lib/gcc/arm-none-eabi/10.3.1/thumb/v7e-m/nofp\libgcc.a(_dvmd_tls.o)
                              c:/progra~2/gnuarm~1/102021~1.10/bin/../lib/gcc/arm-none-eabi/10.3.1/thumb/v7e-m/nofp\libgcc.a(_aeabi_uldivmod.o) (__aeabi_ldiv0)
c:/progra~2/gnuarm~1/102021~1.10/bin/../lib/gcc/arm-none-eabi/10.3.1/../../../../arm-none-eabi/lib/thumb/v7e-m/nofp\libg.a(lib_a-errno.o)
                              CMakeFiles/03_PWM_LED.elf.dir/Core/Src/syscalls.c.obj (__errno)
c:/progra~2/gnuarm~1/102021~1.10/bin/../lib/gcc/arm-none-eabi/10.3.1/../../../../arm-none-eabi/lib/thumb/v7e-m/nofp\libg.a(lib_a-exit.o)
                              c:/progra~2/gnuarm~1/102021~1.10/bin/../lib/gcc/arm-none-eabi/10.3.1/../../../../arm-none-eabi/lib/thumb/v7e-m/nofp/crt0.o (exit)
c:/progra~2/gnuarm~1/102021~1.10/bin/../lib/gcc/arm-none-eabi/10.3.1/../../../../arm-none-eabi/lib/thumb/v7e-m/nofp\libg.a(lib_a-impure.o)
                              c:/progra~2/gnuarm~1/102021~1.10/bin/../lib/gcc/arm-none-eabi/10.3.1/../../../../arm-none-eabi/lib/thumb/v7e-m/nofp\libg.a(lib_a-exit.o) (_global_impure_ptr)
c:/progra~2/gnuarm~1/102021~1.10/bin/../lib/gcc/arm-none-eabi/10.3.1/../../../../arm-none-eabi/lib/thumb/v7e-m/nofp\libg.a(lib_a-init.o)
                              c:/progra~2/gnuarm~1/102021~1.10/bin/../lib/gcc/arm-none-eabi/10.3.1/../../../../arm-none-eabi/lib/thumb/v7e-m/nofp/crt0.o (__libc_init_array)
c:/progra~2/gnuarm~1/102021~1.10/bin/../lib/gcc/arm-none-eabi/10.3.1/../../../../arm-none-eabi/lib/thumb/v7e-m/nofp\libg.a(lib_a-memset.o)
                              c:/progra~2/gnuarm~1/102021~1.10/bin/../lib/gcc/arm-none-eabi/10.3.1/../../../../arm-none-eabi/lib/thumb/v7e-m/nofp/crt0.o (memset)
c:/progra~2/gnuarm~1/102021~1.10/bin/../lib/gcc/arm-none-eabi/10.3.1/../../../../arm-none-eabi/lib/thumb/v7e-m/nofp\libg.a(lib_a-__call_atexit.o)
                              c:/progra~2/gnuarm~1/102021~1.10/bin/../lib/gcc/arm-none-eabi/10.3.1/../../../../arm-none-eabi/lib/thumb/v7e-m/nofp\libg.a(lib_a-exit.o) (__call_exitprocs)
c:/progra~2/gnuarm~1/102021~1.10/bin/../lib/gcc/arm-none-eabi/10.3.1/../../../../arm-none-eabi/lib/thumb/v7e-m/nofp\libg.a(lib_a-atexit.o)
                              c:/progra~2/gnuarm~1/102021~1.10/bin/../lib/gcc/arm-none-eabi/10.3.1/../../../../arm-none-eabi/lib/thumb/v7e-m/nofp\libg.a(lib_a-__call_atexit.o) (atexit)
c:/progra~2/gnuarm~1/102021~1.10/bin/../lib/gcc/arm-none-eabi/10.3.1/../../../../arm-none-eabi/lib/thumb/v7e-m/nofp\libg.a(lib_a-fini.o)
                              c:/progra~2/gnuarm~1/102021~1.10/bin/../lib/gcc/arm-none-eabi/10.3.1/../../../../arm-none-eabi/lib/thumb/v7e-m/nofp\libg.a(lib_a-__call_atexit.o) (__libc_fini_array)
c:/progra~2/gnuarm~1/102021~1.10/bin/../lib/gcc/arm-none-eabi/10.3.1/../../../../arm-none-eabi/lib/thumb/v7e-m/nofp\libg.a(lib_a-lock.o)
                              c:/progra~2/gnuarm~1/102021~1.10/bin/../lib/gcc/arm-none-eabi/10.3.1/../../../../arm-none-eabi/lib/thumb/v7e-m/nofp\libg.a(lib_a-__call_atexit.o) (__retarget_lock_acquire_recursive)
c:/progra~2/gnuarm~1/102021~1.10/bin/../lib/gcc/arm-none-eabi/10.3.1/../../../../arm-none-eabi/lib/thumb/v7e-m/nofp\libg.a(lib_a-__atexit.o)
                              c:/progra~2/gnuarm~1/102021~1.10/bin/../lib/gcc/arm-none-eabi/10.3.1/../../../../arm-none-eabi/lib/thumb/v7e-m/nofp\libg.a(lib_a-atexit.o) (__register_exitproc)

Discarded input sections

 .text          0x00000000        0x0 c:/progra~2/gnuarm~1/102021~1.10/bin/../lib/gcc/arm-none-eabi/10.3.1/thumb/v7e-m/nofp/crti.o
 .data          0x00000000        0x0 c:/progra~2/gnuarm~1/102021~1.10/bin/../lib/gcc/arm-none-eabi/10.3.1/thumb/v7e-m/nofp/crti.o
 .bss           0x00000000        0x0 c:/progra~2/gnuarm~1/102021~1.10/bin/../lib/gcc/arm-none-eabi/10.3.1/thumb/v7e-m/nofp/crti.o
 .data          0x00000000        0x4 c:/progra~2/gnuarm~1/102021~1.10/bin/../lib/gcc/arm-none-eabi/10.3.1/thumb/v7e-m/nofp/crtbegin.o
 .rodata        0x00000000       0x24 c:/progra~2/gnuarm~1/102021~1.10/bin/../lib/gcc/arm-none-eabi/10.3.1/thumb/v7e-m/nofp/crtbegin.o
 .text          0x00000000       0x7c c:/progra~2/gnuarm~1/102021~1.10/bin/../lib/gcc/arm-none-eabi/10.3.1/../../../../arm-none-eabi/lib/thumb/v7e-m/nofp/crt0.o
 .data          0x00000000        0x0 c:/progra~2/gnuarm~1/102021~1.10/bin/../lib/gcc/arm-none-eabi/10.3.1/../../../../arm-none-eabi/lib/thumb/v7e-m/nofp/crt0.o
[...]
Memory Configuration

Name             Origin             Length             Attributes
RAM              0x20000000         0x00018000         xrw
RAM2             0x10000000         0x00008000         xrw
FLASH            0x08000000         0x00100000         xr
*default*        0x00000000         0xffffffff

Linker script and memory map

LOAD c:/progra~2/gnuarm~1/102021~1.10/bin/../lib/gcc/arm-none-eabi/10.3.1/thumb/v7e-m/nofp/crti.o
LOAD c:/progra~2/gnuarm~1/102021~1.10/bin/../lib/gcc/arm-none-eabi/10.3.1/thumb/v7e-m/nofp/crtbegin.o
LOAD c:/progra~2/gnuarm~1/102021~1.10/bin/../lib/gcc/arm-none-eabi/10.3.1/../../../../arm-none-eabi/lib/thumb/v7e-m/nofp/crt0.o
LOAD CMakeFiles/03_PWM_LED.elf.dir/Core/Src/main.c.obj
LOAD CMakeFiles/03_PWM_LED.elf.dir/Core/Src/stm32l4xx_hal_msp.c.obj
LOAD CMakeFiles/03_PWM_LED.elf.dir/Core/Src/stm32l4xx_it.c.obj
LOAD CMakeFiles/03_PWM_LED.elf.dir/Core/Src/syscalls.c.obj
LOAD CMakeFiles/03_PWM_LED.elf.dir/Core/Src/sysmem.c.obj
LOAD CMakeFiles/03_PWM_LED.elf.dir/Core/Src/system_stm32l4xx.c.obj
LOAD CMakeFiles/03_PWM_LED.elf.dir/Core/Startup/startup_stm32l476rgtx.s.obj
LOAD CMakeFiles/03_PWM_LED.elf.dir/Drivers/STM32L4xx_HAL_Driver/Src/stm32l4xx_hal.c.obj
LOAD CMakeFiles/03_PWM_LED.elf.dir/Drivers/STM32L4xx_HAL_Driver/Src/stm32l4xx_hal_cortex.c.obj
LOAD CMakeFiles/03_PWM_LED.elf.dir/Drivers/STM32L4xx_HAL_Driver/Src/stm32l4xx_hal_dma.c.obj
LOAD CMakeFiles/03_PWM_LED.elf.dir/Drivers/STM32L4xx_HAL_Driver/Src/stm32l4xx_hal_dma_ex.c.obj
LOAD CMakeFiles/03_PWM_LED.elf.dir/Drivers/STM32L4xx_HAL_Driver/Src/stm32l4xx_hal_exti.c.obj
LOAD CMakeFiles/03_PWM_LED.elf.dir/Drivers/STM32L4xx_HAL_Driver/Src/stm32l4xx_hal_flash.c.obj
LOAD CMakeFiles/03_PWM_LED.elf.dir/Drivers/STM32L4xx_HAL_Driver/Src/stm32l4xx_hal_flash_ex.c.obj
LOAD CMakeFiles/03_PWM_LED.elf.dir/Drivers/STM32L4xx_HAL_Driver/Src/stm32l4xx_hal_flash_ramfunc.c.obj
LOAD CMakeFiles/03_PWM_LED.elf.dir/Drivers/STM32L4xx_HAL_Driver/Src/stm32l4xx_hal_gpio.c.obj
LOAD CMakeFiles/03_PWM_LED.elf.dir/Drivers/STM32L4xx_HAL_Driver/Src/stm32l4xx_hal_pwr.c.obj
LOAD CMakeFiles/03_PWM_LED.elf.dir/Drivers/STM32L4xx_HAL_Driver/Src/stm32l4xx_hal_pwr_ex.c.obj
LOAD CMakeFiles/03_PWM_LED.elf.dir/Drivers/STM32L4xx_HAL_Driver/Src/stm32l4xx_hal_rcc.c.obj
LOAD CMakeFiles/03_PWM_LED.elf.dir/Drivers/STM32L4xx_HAL_Driver/Src/stm32l4xx_hal_rcc_ex.c.obj
LOAD CMakeFiles/03_PWM_LED.elf.dir/Drivers/STM32L4xx_HAL_Driver/Src/stm32l4xx_hal_tim.c.obj
LOAD CMakeFiles/03_PWM_LED.elf.dir/Drivers/STM32L4xx_HAL_Driver/Src/stm32l4xx_hal_tim_ex.c.obj
LOAD CMakeFiles/03_PWM_LED.elf.dir/Drivers/STM32L4xx_HAL_Driver/Src/stm32l4xx_hal_uart.c.obj
LOAD CMakeFiles/03_PWM_LED.elf.dir/Drivers/STM32L4xx_HAL_Driver/Src/stm32l4xx_hal_uart_ex.c.obj
START GROUP
LOAD c:/progra~2/gnuarm~1/102021~1.10/bin/../lib/gcc/arm-none-eabi/10.3.1/thumb/v7e-m/nofp\libgcc.a
LOAD c:/progra~2/gnuarm~1/102021~1.10/bin/../lib/gcc/arm-none-eabi/10.3.1/../../../../arm-none-eabi/lib/thumb/v7e-m/nofp\libg.a
LOAD c:/progra~2/gnuarm~1/102021~1.10/bin/../lib/gcc/arm-none-eabi/10.3.1/../../../../arm-none-eabi/lib/thumb/v7e-m/nofp\libc.a
END GROUP
LOAD c:/progra~2/gnuarm~1/102021~1.10/bin/../lib/gcc/arm-none-eabi/10.3.1/thumb/v7e-m/nofp/crtend.o
LOAD c:/progra~2/gnuarm~1/102021~1.10/bin/../lib/gcc/arm-none-eabi/10.3.1/thumb/v7e-m/nofp/crtn.o
                0x20018000                _estack = (ORIGIN (RAM) + LENGTH (RAM))
                0x00000200                _Min_Heap_Size = 0x200
                0x00000400                _Min_Stack_Size = 0x400

.isr_vector     0x08000000      0x188
                0x08000000                . = ALIGN (0x4)
 *(.isr_vector)
 .isr_vector    0x08000000      0x188 CMakeFiles/03_PWM_LED.elf.dir/Core/Startup/startup_stm32l476rgtx.s.obj
                0x08000000                g_pfnVectors
                0x08000188                . = ALIGN (0x4)

.text           0x08000188     0x2ce4
                0x08000188                . = ALIGN (0x4)
 *(.text)
 .text          0x08000188       0x40 c:/progra~2/gnuarm~1/102021~1.10/bin/../lib/gcc/arm-none-eabi/10.3.1/thumb/v7e-m/nofp/crtbegin.o
 .text          0x080001c8       0x30 c:/progra~2/gnuarm~1/102021~1.10/bin/../lib/gcc/arm-none-eabi/10.3.1/thumb/v7e-m/nofp\libgcc.a(_aeabi_uldivmod.o)
                0x080001c8                __aeabi_uldivmod
 .text          0x080001f8      0x2d0 c:/progra~2/gnuarm~1/102021~1.10/bin/../lib/gcc/arm-none-eabi/10.3.1/thumb/v7e-m/nofp\libgcc.a(_udivmoddi4.o)
                0x080001f8                __udivmoddi4
 .text          0x080004c8        0x4 c:/progra~2/gnuarm~1/102021~1.10/bin/../lib/gcc/arm-none-eabi/10.3.1/thumb/v7e-m/nofp\libgcc.a(_dvmd_tls.o)
                0x080004c8                __aeabi_idiv0
                0x080004c8                __aeabi_ldiv0
 *(.text*)
 .text.MX_GPIO_Init
                0x080004cc       0xa0 CMakeFiles/03_PWM_LED.elf.dir/Core/Src/main.c.obj
 .text.Error_Handler
                0x0800056c        0x4 CMakeFiles/03_PWM_LED.elf.dir/Core/Src/main.c.obj
                0x0800056c                Error_Handler
 .text.MX_USART2_UART_Init
                0x08000570       0x38 CMakeFiles/03_PWM_LED.elf.dir/Core/Src/main.c.obj
 .text.MX_TIM2_Init
                0x080005a8       0xa4 CMakeFiles/03_PWM_LED.elf.dir/Core/Src/main.c.obj
 .text.SystemClock_Config
                0x0800064c       0x7a CMakeFiles/03_PWM_LED.elf.dir/Core/Src/main.c.obj
                0x0800064c                SystemClock_Config
 *fill*         0x080006c6        0x2 
 .text.main     0x080006c8       0x50 CMakeFiles/03_PWM_LED.elf.dir/Core/Src/main.c.obj
                0x080006c8                main
 .text.HAL_MspInit
                0x08000718       0x30 CMakeFiles/03_PWM_LED.elf.dir/Core/Src/stm32l4xx_hal_msp.c.obj
                0x08000718                HAL_MspInit
 .text.HAL_TIM_Base_MspInit
                0x08000748       0x26 CMakeFiles/03_PWM_LED.elf.dir/Core/Src/stm32l4xx_hal_msp.c.obj
                0x08000748                HAL_TIM_Base_MspInit
 .text.HAL_TIM_MspPostInit
                0x0800076e       0x4a CMakeFiles/03_PWM_LED.elf.dir/Core/Src/stm32l4xx_hal_msp.c.obj
                0x0800076e                HAL_TIM_MspPostInit
 .text.HAL_UART_MspInit
                0x080007b8       0x88 CMakeFiles/03_PWM_LED.elf.dir/Core/Src/stm32l4xx_hal_msp.c.obj
                0x080007b8                HAL_UART_MspInit
 .text.NMI_Handler
                0x08000840        0x2 CMakeFiles/03_PWM_LED.elf.dir/Core/Src/stm32l4xx_it.c.obj
                0x08000840                NMI_Handler
 .text.HardFault_Handler
                0x08000842        0x2 CMakeFiles/03_PWM_LED.elf.dir/Core/Src/stm32l4xx_it.c.obj
                0x08000842                HardFault_Handler
 .text.MemManage_Handler
                0x08000844        0x2 CMakeFiles/03_PWM_LED.elf.dir/Core/Src/stm32l4xx_it.c.obj
                0x08000844                MemManage_Handler
 .text.BusFault_Handler
                0x08000846        0x2 CMakeFiles/03_PWM_LED.elf.dir/Core/Src/stm32l4xx_it.c.obj
                0x08000846                BusFault_Handler
 .text.UsageFault_Handler
                0x08000848        0x2 CMakeFiles/03_PWM_LED.elf.dir/Core/Src/stm32l4xx_it.c.obj
                0x08000848                UsageFault_Handler
 .text.SVC_Handler
                0x0800084a        0x2 CMakeFiles/03_PWM_LED.elf.dir/Core/Src/stm32l4xx_it.c.obj
                0x0800084a                SVC_Handler
 .text.DebugMon_Handler
                0x0800084c        0x2 CMakeFiles/03_PWM_LED.elf.dir/Core/Src/stm32l4xx_it.c.obj
                0x0800084c                DebugMon_Handler
 .text.PendSV_Handler
                0x0800084e        0x2 CMakeFiles/03_PWM_LED.elf.dir/Core/Src/stm32l4xx_it.c.obj
                0x0800084e                PendSV_Handler
 .text.SysTick_Handler
                0x08000850        0x8 CMakeFiles/03_PWM_LED.elf.dir/Core/Src/stm32l4xx_it.c.obj
                0x08000850                SysTick_Handler
 .text.SystemInit
                0x08000858        0x2 CMakeFiles/03_PWM_LED.elf.dir/Core/Src/system_stm32l4xx.c.obj
                0x08000858                SystemInit
 *fill*         0x0800085a        0x2 
 .text.Reset_Handler
                0x0800085c       0x50 CMakeFiles/03_PWM_LED.elf.dir/Core/Startup/startup_stm32l476rgtx.s.obj
                0x0800085c                Reset_Handler
 .text.Default_Handler
                0x080008ac        0x2 CMakeFiles/03_PWM_LED.elf.dir/Core/Startup/startup_stm32l476rgtx.s.obj
                0x080008ac                RTC_Alarm_IRQHandler
                0x080008ac                EXTI2_IRQHandler
                0x080008ac                TIM8_TRG_COM_IRQHandler
                0x080008ac                TIM8_CC_IRQHandler
                0x080008ac                TIM1_CC_IRQHandler
                0x080008ac                TSC_IRQHandler
                0x080008ac                TAMP_STAMP_IRQHandler
                0x080008ac                EXTI3_IRQHandler
                0x080008ac                LPTIM2_IRQHandler
                0x080008ac                DFSDM1_FLT1_IRQHandler
                0x080008ac                I2C3_ER_IRQHandler
                0x080008ac                DFSDM1_FLT2_IRQHandler
                0x080008ac                EXTI0_IRQHandler
                0x080008ac                I2C2_EV_IRQHandler
                0x080008ac                CAN1_RX0_IRQHandler
                0x080008ac                FPU_IRQHandler
                0x080008ac                TIM1_UP_TIM16_IRQHandler
                0x080008ac                ADC1_2_IRQHandler
                0x080008ac                SPI1_IRQHandler
                0x080008ac                TIM6_DAC_IRQHandler
                0x080008ac                TIM8_UP_IRQHandler
                0x080008ac                DMA2_Channel2_IRQHandler
                0x080008ac                DMA1_Channel4_IRQHandler
                0x080008ac                SAI2_IRQHandler
                0x080008ac                DFSDM1_FLT3_IRQHandler
                0x080008ac                USART3_IRQHandler
                0x080008ac                DMA1_Channel7_IRQHandler
                0x080008ac                CAN1_RX1_IRQHandler
                0x080008ac                LCD_IRQHandler
                0x080008ac                UART5_IRQHandler
                0x080008ac                ADC3_IRQHandler
                0x080008ac                TIM4_IRQHandler
                0x080008ac                DMA2_Channel1_IRQHandler
                0x080008ac                QUADSPI_IRQHandler
                0x080008ac                I2C1_EV_IRQHandler
                0x080008ac                DMA1_Channel6_IRQHandler
                0x080008ac                UART4_IRQHandler
                0x080008ac                DMA2_Channel4_IRQHandler
                0x080008ac                TIM3_IRQHandler
                0x080008ac                RCC_IRQHandler
                0x080008ac                DMA1_Channel1_IRQHandler
                0x080008ac                Default_Handler
                0x080008ac                DMA2_Channel7_IRQHandler
                0x080008ac                EXTI15_10_IRQHandler
                0x080008ac                TIM7_IRQHandler
                0x080008ac                SDMMC1_IRQHandler
                0x080008ac                TIM5_IRQHandler
                0x080008ac                I2C3_EV_IRQHandler
                0x080008ac                EXTI9_5_IRQHandler
                0x080008ac                RTC_WKUP_IRQHandler
                0x080008ac                PVD_PVM_IRQHandler
                0x080008ac                SPI2_IRQHandler
                0x080008ac                CAN1_TX_IRQHandler
                0x080008ac                DMA2_Channel5_IRQHandler
                0x080008ac                DMA1_Channel5_IRQHandler
                0x080008ac                EXTI4_IRQHandler
                0x080008ac                RNG_IRQHandler
                0x080008ac                TIM1_TRG_COM_TIM17_IRQHandler
                0x080008ac                DMA1_Channel3_IRQHandler
                0x080008ac                COMP_IRQHandler
                0x080008ac                WWDG_IRQHandler
                0x080008ac                LPUART1_IRQHandler
                0x080008ac                DMA2_Channel6_IRQHandler
                0x080008ac                TIM2_IRQHandler
                0x080008ac                EXTI1_IRQHandler
                0x080008ac                USART2_IRQHandler
                0x080008ac                DFSDM1_FLT0_IRQHandler
                0x080008ac                I2C2_ER_IRQHandler
                0x080008ac                DMA1_Channel2_IRQHandler
                0x080008ac                TIM8_BRK_IRQHandler
                0x080008ac                CAN1_SCE_IRQHandler
                0x080008ac                FLASH_IRQHandler
                0x080008ac                USART1_IRQHandler
                0x080008ac                OTG_FS_IRQHandler
                0x080008ac                SPI3_IRQHandler
                0x080008ac                I2C1_ER_IRQHandler
                0x080008ac                FMC_IRQHandler
                0x080008ac                SWPMI1_IRQHandler
                0x080008ac                LPTIM1_IRQHandler
                0x080008ac                SAI1_IRQHandler
                0x080008ac                DMA2_Channel3_IRQHandler
                0x080008ac                TIM1_BRK_TIM15_IRQHandler
 *fill*         0x080008ae        0x2 
 .text.HAL_InitTick
                0x080008b0       0x50 CMakeFiles/03_PWM_LED.elf.dir/Drivers/STM32L4xx_HAL_Driver/Src/stm32l4xx_hal.c.obj
                0x080008b0                HAL_InitTick
 .text.HAL_Init
                0x08000900       0x2c CMakeFiles/03_PWM_LED.elf.dir/Drivers/STM32L4xx_HAL_Driver/Src/stm32l4xx_hal.c.obj
                0x08000900                HAL_Init
 .text.HAL_IncTick
                0x0800092c       0x18 CMakeFiles/03_PWM_LED.elf.dir/Drivers/STM32L4xx_HAL_Driver/Src/stm32l4xx_hal.c.obj
                0x0800092c                HAL_IncTick
 .text.HAL_GetTick
                0x08000944        0xc CMakeFiles/03_PWM_LED.elf.dir/Drivers/STM32L4xx_HAL_Driver/Src/stm32l4xx_hal.c.obj
                0x08000944                HAL_GetTick
 .text.HAL_Delay
                0x08000950       0x28 CMakeFiles/03_PWM_LED.elf.dir/Drivers/STM32L4xx_HAL_Driver/Src/stm32l4xx_hal.c.obj
                0x08000950                HAL_Delay
 .text.HAL_NVIC_SetPriorityGrouping
                0x08000978       0x24 CMakeFiles/03_PWM_LED.elf.dir/Drivers/STM32L4xx_HAL_Driver/Src/stm32l4xx_hal_cortex.c.obj
                0x08000978                HAL_NVIC_SetPriorityGrouping
 .text.HAL_NVIC_SetPriority
                0x0800099c       0x70 CMakeFiles/03_PWM_LED.elf.dir/Drivers/STM32L4xx_HAL_Driver/Src/stm32l4xx_hal_cortex.c.obj
                0x0800099c                HAL_NVIC_SetPriority
 .text.HAL_SYSTICK_Config
                0x08000a0c       0x28 CMakeFiles/03_PWM_LED.elf.dir/Drivers/STM32L4xx_HAL_Driver/Src/stm32l4xx_hal_cortex.c.obj
                0x08000a0c                HAL_SYSTICK_Config
 .text.HAL_GPIO_Init
                0x08000a34      0x20c CMakeFiles/03_PWM_LED.elf.dir/Drivers/STM32L4xx_HAL_Driver/Src/stm32l4xx_hal_gpio.c.obj
                0x08000a34                HAL_GPIO_Init
 .text.HAL_GPIO_WritePin
                0x08000c40        0xa CMakeFiles/03_PWM_LED.elf.dir/Drivers/STM32L4xx_HAL_Driver/Src/stm32l4xx_hal_gpio.c.obj
                0x08000c40                HAL_GPIO_WritePin
 *fill*         0x08000c4a        0x2 
 .text.HAL_PWREx_GetVoltageRange
                0x08000c4c       0x10 CMakeFiles/03_PWM_LED.elf.dir/Drivers/STM32L4xx_HAL_Driver/Src/stm32l4xx_hal_pwr_ex.c.obj
                0x08000c4c                HAL_PWREx_GetVoltageRange
 .text.HAL_PWREx_ControlVoltageScaling
                0x08000c5c       0x90 CMakeFiles/03_PWM_LED.elf.dir/Drivers/STM32L4xx_HAL_Driver/Src/stm32l4xx_hal_pwr_ex.c.obj
                0x08000c5c                HAL_PWREx_ControlVoltageScaling
 .text.RCC_SetFlashLatencyFromMSIRange
                0x08000cec       0x90 CMakeFiles/03_PWM_LED.elf.dir/Drivers/STM32L4xx_HAL_Driver/Src/stm32l4xx_hal_rcc.c.obj
 .text.HAL_RCC_GetSysClockFreq
                0x08000d7c       0xb4 CMakeFiles/03_PWM_LED.elf.dir/Drivers/STM32L4xx_HAL_Driver/Src/stm32l4xx_hal_rcc.c.obj
                0x08000d7c                HAL_RCC_GetSysClockFreq
 .text.HAL_RCC_OscConfig
                0x08000e30      0x61c CMakeFiles/03_PWM_LED.elf.dir/Drivers/STM32L4xx_HAL_Driver/Src/stm32l4xx_hal_rcc.c.obj
                0x08000e30                HAL_RCC_OscConfig
 .text.HAL_RCC_ClockConfig
                0x0800144c      0x188 CMakeFiles/03_PWM_LED.elf.dir/Drivers/STM32L4xx_HAL_Driver/Src/stm32l4xx_hal_rcc.c.obj
                0x0800144c                HAL_RCC_ClockConfig
 .text.HAL_RCC_GetHCLKFreq
                0x080015d4        0xc CMakeFiles/03_PWM_LED.elf.dir/Drivers/STM32L4xx_HAL_Driver/Src/stm32l4xx_hal_rcc.c.obj
                0x080015d4                HAL_RCC_GetHCLKFreq
 .text.HAL_RCC_GetPCLK1Freq
                0x080015e0       0x24 CMakeFiles/03_PWM_LED.elf.dir/Drivers/STM32L4xx_HAL_Driver/Src/stm32l4xx_hal_rcc.c.obj
                0x080015e0                HAL_RCC_GetPCLK1Freq
 .text.HAL_RCC_GetPCLK2Freq
                0x08001604       0x24 CMakeFiles/03_PWM_LED.elf.dir/Drivers/STM32L4xx_HAL_Driver/Src/stm32l4xx_hal_rcc.c.obj
                0x08001604                HAL_RCC_GetPCLK2Freq
 .text.RCCEx_PLLSAI1_Config
                0x08001628      0x170 CMakeFiles/03_PWM_LED.elf.dir/Drivers/STM32L4xx_HAL_Driver/Src/stm32l4xx_hal_rcc_ex.c.obj
 .text.RCCEx_PLLSAI2_Config
                0x08001798      0x14c CMakeFiles/03_PWM_LED.elf.dir/Drivers/STM32L4xx_HAL_Driver/Src/stm32l4xx_hal_rcc_ex.c.obj
 .text.HAL_RCCEx_PeriphCLKConfig
                0x080018e4      0x454 CMakeFiles/03_PWM_LED.elf.dir/Drivers/STM32L4xx_HAL_Driver/Src/stm32l4xx_hal_rcc_ex.c.obj
                0x080018e4                HAL_RCCEx_PeriphCLKConfig
 .text.TIM_OC1_SetConfig
                0x08001d38       0xa0 CMakeFiles/03_PWM_LED.elf.dir/Drivers/STM32L4xx_HAL_Driver/Src/stm32l4xx_hal_tim.c.obj
 .text.TIM_OC3_SetConfig
                0x08001dd8       0x8c CMakeFiles/03_PWM_LED.elf.dir/Drivers/STM32L4xx_HAL_Driver/Src/stm32l4xx_hal_tim.c.obj
 .text.TIM_OC4_SetConfig
                0x08001e64       0x6c CMakeFiles/03_PWM_LED.elf.dir/Drivers/STM32L4xx_HAL_Driver/Src/stm32l4xx_hal_tim.c.obj
 .text.TIM_OC5_SetConfig
                0x08001ed0       0x68 CMakeFiles/03_PWM_LED.elf.dir/Drivers/STM32L4xx_HAL_Driver/Src/stm32l4xx_hal_tim.c.obj
 .text.TIM_OC6_SetConfig
                0x08001f38       0x6c CMakeFiles/03_PWM_LED.elf.dir/Drivers/STM32L4xx_HAL_Driver/Src/stm32l4xx_hal_tim.c.obj
 .text.TIM_TI1_ConfigInputStage
                0x08001fa4       0x24 CMakeFiles/03_PWM_LED.elf.dir/Drivers/STM32L4xx_HAL_Driver/Src/stm32l4xx_hal_tim.c.obj
 .text.TIM_TI2_ConfigInputStage
                0x08001fc8       0x26 CMakeFiles/03_PWM_LED.elf.dir/Drivers/STM32L4xx_HAL_Driver/Src/stm32l4xx_hal_tim.c.obj
 .text.TIM_ITRx_SetConfig
                0x08001fee       0x10 CMakeFiles/03_PWM_LED.elf.dir/Drivers/STM32L4xx_HAL_Driver/Src/stm32l4xx_hal_tim.c.obj
 .text.HAL_TIM_PWM_MspInit
                0x08001ffe        0x2 CMakeFiles/03_PWM_LED.elf.dir/Drivers/STM32L4xx_HAL_Driver/Src/stm32l4xx_hal_tim.c.obj
                0x08001ffe                HAL_TIM_PWM_MspInit
 .text.TIM_Base_SetConfig
                0x08002000       0xc8 CMakeFiles/03_PWM_LED.elf.dir/Drivers/STM32L4xx_HAL_Driver/Src/stm32l4xx_hal_tim.c.obj
                0x08002000                TIM_Base_SetConfig
 .text.HAL_TIM_Base_Init
                0x080020c8       0x60 CMakeFiles/03_PWM_LED.elf.dir/Drivers/STM32L4xx_HAL_Driver/Src/stm32l4xx_hal_tim.c.obj
                0x080020c8                HAL_TIM_Base_Init
 .text.HAL_TIM_PWM_Init
                0x08002128       0x60 CMakeFiles/03_PWM_LED.elf.dir/Drivers/STM32L4xx_HAL_Driver/Src/stm32l4xx_hal_tim.c.obj
                0x08002128                HAL_TIM_PWM_Init
 .text.TIM_OC2_SetConfig
                0x08002188       0x8c CMakeFiles/03_PWM_LED.elf.dir/Drivers/STM32L4xx_HAL_Driver/Src/stm32l4xx_hal_tim.c.obj
                0x08002188                TIM_OC2_SetConfig
 .text.HAL_TIM_PWM_ConfigChannel
                0x08002214      0x13a CMakeFiles/03_PWM_LED.elf.dir/Drivers/STM32L4xx_HAL_Driver/Src/stm32l4xx_hal_tim.c.obj
                0x08002214                HAL_TIM_PWM_ConfigChannel
 .text.TIM_ETR_SetConfig
                0x0800234e       0x18 CMakeFiles/03_PWM_LED.elf.dir/Drivers/STM32L4xx_HAL_Driver/Src/stm32l4xx_hal_tim.c.obj
                0x0800234e                TIM_ETR_SetConfig
 *fill*         0x08002366        0x2 
 .text.HAL_TIM_ConfigClockSource
                0x08002368      0x100 CMakeFiles/03_PWM_LED.elf.dir/Drivers/STM32L4xx_HAL_Driver/Src/stm32l4xx_hal_tim.c.obj
                0x08002368                HAL_TIM_ConfigClockSource
 .text.TIM_CCxChannelCmd
                0x08002468       0x1e CMakeFiles/03_PWM_LED.elf.dir/Drivers/STM32L4xx_HAL_Driver/Src/stm32l4xx_hal_tim.c.obj
                0x08002468                TIM_CCxChannelCmd
 *fill*         0x08002486        0x2 
 .text.HAL_TIM_PWM_Start
                0x08002488      0x160 CMakeFiles/03_PWM_LED.elf.dir/Drivers/STM32L4xx_HAL_Driver/Src/stm32l4xx_hal_tim.c.obj
                0x08002488                HAL_TIM_PWM_Start
 .text.HAL_TIMEx_MasterConfigSynchronization
                0x080025e8       0x98 CMakeFiles/03_PWM_LED.elf.dir/Drivers/STM32L4xx_HAL_Driver/Src/stm32l4xx_hal_tim_ex.c.obj
                0x080025e8                HAL_TIMEx_MasterConfigSynchronization
 .text.UART_EndRxTransfer
                0x08002680       0x52 CMakeFiles/03_PWM_LED.elf.dir/Drivers/STM32L4xx_HAL_Driver/Src/stm32l4xx_hal_uart.c.obj
 *fill*         0x080026d2        0x2 
 .text.UART_SetConfig
                0x080026d4      0x328 CMakeFiles/03_PWM_LED.elf.dir/Drivers/STM32L4xx_HAL_Driver/Src/stm32l4xx_hal_uart.c.obj
                0x080026d4                UART_SetConfig
 .text.UART_AdvFeatureConfig
                0x080029fc       0xca CMakeFiles/03_PWM_LED.elf.dir/Drivers/STM32L4xx_HAL_Driver/Src/stm32l4xx_hal_uart.c.obj
                0x080029fc                UART_AdvFeatureConfig
 .text.UART_WaitOnFlagUntilTimeout
                0x08002ac6       0x9a CMakeFiles/03_PWM_LED.elf.dir/Drivers/STM32L4xx_HAL_Driver/Src/stm32l4xx_hal_uart.c.obj
                0x08002ac6                UART_WaitOnFlagUntilTimeout
 .text.UART_CheckIdleState
                0x08002b60       0xc6 CMakeFiles/03_PWM_LED.elf.dir/Drivers/STM32L4xx_HAL_Driver/Src/stm32l4xx_hal_uart.c.obj
                0x08002b60                UART_CheckIdleState
 .text.HAL_UART_Init
                0x08002c26       0x62 CMakeFiles/03_PWM_LED.elf.dir/Drivers/STM32L4xx_HAL_Driver/Src/stm32l4xx_hal_uart.c.obj
                0x08002c26                HAL_UART_Init
 .text.__libc_init_array
                0x08002c88       0x48 c:/progra~2/gnuarm~1/102021~1.10/bin/../lib/gcc/arm-none-eabi/10.3.1/../../../../arm-none-eabi/lib/thumb/v7e-m/nofp\libg.a(lib_a-init.o)
                0x08002c88                __libc_init_array
 .text.memset   0x08002cd0       0xa4 c:/progra~2/gnuarm~1/102021~1.10/bin/../lib/gcc/arm-none-eabi/10.3.1/../../../../arm-none-eabi/lib/thumb/v7e-m/nofp\libg.a(lib_a-memset.o)
                0x08002cd0                memset
 .text.startup.register_fini
                0x08002d74       0x14 c:/progra~2/gnuarm~1/102021~1.10/bin/../lib/gcc/arm-none-eabi/10.3.1/../../../../arm-none-eabi/lib/thumb/v7e-m/nofp\libg.a(lib_a-__call_atexit.o)
 .text.atexit   0x08002d88        0xc c:/progra~2/gnuarm~1/102021~1.10/bin/../lib/gcc/arm-none-eabi/10.3.1/../../../../arm-none-eabi/lib/thumb/v7e-m/nofp\libg.a(lib_a-atexit.o)
                0x08002d88                atexit
 .text.__libc_fini_array
                0x08002d94       0x2c c:/progra~2/gnuarm~1/102021~1.10/bin/../lib/gcc/arm-none-eabi/10.3.1/../../../../arm-none-eabi/lib/thumb/v7e-m/nofp\libg.a(lib_a-fini.o)
                0x08002d94                __libc_fini_array
 .text.__retarget_lock_acquire_recursive
                0x08002dc0        0x4 c:/progra~2/gnuarm~1/102021~1.10/bin/../lib/gcc/arm-none-eabi/10.3.1/../../../../arm-none-eabi/lib/thumb/v7e-m/nofp\libg.a(lib_a-lock.o)
                0x08002dc0                __retarget_lock_acquire_recursive
 .text.__retarget_lock_release_recursive
                0x08002dc4        0x4 c:/progra~2/gnuarm~1/102021~1.10/bin/../lib/gcc/arm-none-eabi/10.3.1/../../../../arm-none-eabi/lib/thumb/v7e-m/nofp\libg.a(lib_a-lock.o)
                0x08002dc4                __retarget_lock_release_recursive
 .text.__register_exitproc
                0x08002dc8       0x8c c:/progra~2/gnuarm~1/102021~1.10/bin/../lib/gcc/arm-none-eabi/10.3.1/../../../../arm-none-eabi/lib/thumb/v7e-m/nofp\libg.a(lib_a-__atexit.o)
                0x08002dc8                __register_exitproc
 *(.glue_7)
 .glue_7        0x08002e54        0x0 linker stubs
 *(.glue_7t)
 .glue_7t       0x08002e54        0x0 linker stubs
 *(.eh_frame)
 .eh_frame      0x08002e54        0x0 c:/progra~2/gnuarm~1/102021~1.10/bin/../lib/gcc/arm-none-eabi/10.3.1/thumb/v7e-m/nofp/crtbegin.o
 *(.init)
 .init          0x08002e54        0x4 c:/progra~2/gnuarm~1/102021~1.10/bin/../lib/gcc/arm-none-eabi/10.3.1/thumb/v7e-m/nofp/crti.o
                0x08002e54                _init
 .init          0x08002e58        0x8 c:/progra~2/gnuarm~1/102021~1.10/bin/../lib/gcc/arm-none-eabi/10.3.1/thumb/v7e-m/nofp/crtn.o
 *(.fini)
 .fini          0x08002e60        0x4 c:/progra~2/gnuarm~1/102021~1.10/bin/../lib/gcc/arm-none-eabi/10.3.1/thumb/v7e-m/nofp/crti.o
                0x08002e60                _fini
 .fini          0x08002e64        0x8 c:/progra~2/gnuarm~1/102021~1.10/bin/../lib/gcc/arm-none-eabi/10.3.1/thumb/v7e-m/nofp/crtn.o
                0x08002e6c                . = ALIGN (0x4)
                0x08002e6c                _etext = .

.vfp11_veneer   0x08002e6c        0x0
 .vfp11_veneer  0x08002e6c        0x0 linker stubs

.v4_bx          0x08002e6c        0x0
 .v4_bx         0x08002e6c        0x0 linker stubs

.iplt           0x08002e6c        0x0
 .iplt          0x08002e6c        0x0 c:/progra~2/gnuarm~1/102021~1.10/bin/../lib/gcc/arm-none-eabi/10.3.1/thumb/v7e-m/nofp/crtbegin.o

.rodata         0x08002e6c       0x4c
                0x08002e6c                . = ALIGN (0x4)
 *(.rodata)
 *(.rodata*)
 .rodata.AHBPrescTable
                0x08002e6c       0x10 CMakeFiles/03_PWM_LED.elf.dir/Core/Src/system_stm32l4xx.c.obj
                0x08002e6c                AHBPrescTable
 .rodata.APBPrescTable
                0x08002e7c        0x8 CMakeFiles/03_PWM_LED.elf.dir/Core/Src/system_stm32l4xx.c.obj
                0x08002e7c                APBPrescTable
 .rodata.MSIRangeTable
                0x08002e84       0x30 CMakeFiles/03_PWM_LED.elf.dir/Core/Src/system_stm32l4xx.c.obj
                0x08002e84                MSIRangeTable
 .rodata._global_impure_ptr
                0x08002eb4        0x4 c:/progra~2/gnuarm~1/102021~1.10/bin/../lib/gcc/arm-none-eabi/10.3.1/../../../../arm-none-eabi/lib/thumb/v7e-m/nofp\libg.a(lib_a-impure.o)
                0x08002eb4                _global_impure_ptr
                0x08002eb8                . = ALIGN (0x4)

.ARM.extab      0x08002eb8        0x0
                0x08002eb8                . = ALIGN (0x4)
 *(.ARM.extab* .gnu.linkonce.armextab.*)
                0x08002eb8                . = ALIGN (0x4)

.ARM            0x08002eb8        0x8
                0x08002eb8                . = ALIGN (0x4)
                0x08002eb8                __exidx_start = .
 *(.ARM.exidx*)
 .ARM.exidx     0x08002eb8        0x8 c:/progra~2/gnuarm~1/102021~1.10/bin/../lib/gcc/arm-none-eabi/10.3.1/thumb/v7e-m/nofp\libgcc.a(_udivmoddi4.o)
                0x08002ec0                __exidx_end = .
                0x08002ec0                . = ALIGN (0x4)

.rel.dyn        0x08002ec0        0x0
 .rel.iplt      0x08002ec0        0x0 c:/progra~2/gnuarm~1/102021~1.10/bin/../lib/gcc/arm-none-eabi/10.3.1/thumb/v7e-m/nofp/crtbegin.o

.preinit_array  0x08002ec0        0x0
                0x08002ec0                . = ALIGN (0x4)
                0x08002ec0                PROVIDE (__preinit_array_start = .)
 *(.preinit_array*)
                0x08002ec0                PROVIDE (__preinit_array_end = .)
                0x08002ec0                . = ALIGN (0x4)

.init_array     0x08002ec0        0x8
                0x08002ec0                . = ALIGN (0x4)
                0x08002ec0                PROVIDE (__init_array_start = .)
 *(SORT_BY_NAME(.init_array.*))
 .init_array.00000
                0x08002ec0        0x4 c:/progra~2/gnuarm~1/102021~1.10/bin/../lib/gcc/arm-none-eabi/10.3.1/../../../../arm-none-eabi/lib/thumb/v7e-m/nofp\libg.a(lib_a-__call_atexit.o)
 *(.init_array*)
 .init_array    0x08002ec4        0x4 c:/progra~2/gnuarm~1/102021~1.10/bin/../lib/gcc/arm-none-eabi/10.3.1/thumb/v7e-m/nofp/crtbegin.o
                0x08002ec8                PROVIDE (__init_array_end = .)
                0x08002ec8                . = ALIGN (0x4)

.fini_array     0x08002ec8        0x4
                0x08002ec8                . = ALIGN (0x4)
                0x08002ec8                PROVIDE (__fini_array_start = .)
 *(SORT_BY_NAME(.fini_array.*))
 *(.fini_array*)
 .fini_array    0x08002ec8        0x4 c:/progra~2/gnuarm~1/102021~1.10/bin/../lib/gcc/arm-none-eabi/10.3.1/thumb/v7e-m/nofp/crtbegin.o
                0x08002ecc                PROVIDE (__fini_array_end = .)
                0x08002ecc                . = ALIGN (0x4)
                0x08002ecc                _sidata = LOADADDR (.data)

.data           0x20000000      0x43c load address 0x08002ecc
                0x20000000                . = ALIGN (0x4)
                0x20000000                _sdata = .
 *(.data)
 *(.data*)
 .data.SystemCoreClock
                0x20000000        0x4 CMakeFiles/03_PWM_LED.elf.dir/Core/Src/system_stm32l4xx.c.obj
                0x20000000                SystemCoreClock
 .data.uwTickFreq
                0x20000004        0x1 CMakeFiles/03_PWM_LED.elf.dir/Drivers/STM32L4xx_HAL_Driver/Src/stm32l4xx_hal.c.obj
                0x20000004                uwTickFreq
 *fill*         0x20000005        0x3 
 .data.uwTickPrio
                0x20000008        0x4 CMakeFiles/03_PWM_LED.elf.dir/Drivers/STM32L4xx_HAL_Driver/Src/stm32l4xx_hal.c.obj
                0x20000008                uwTickPrio
 *fill*         0x2000000c        0x4 
 .data.impure_data
                0x20000010      0x428 c:/progra~2/gnuarm~1/102021~1.10/bin/../lib/gcc/arm-none-eabi/10.3.1/../../../../arm-none-eabi/lib/thumb/v7e-m/nofp\libg.a(lib_a-impure.o)
 .data.__atexit_recursive_mutex
                0x20000438        0x4 c:/progra~2/gnuarm~1/102021~1.10/bin/../lib/gcc/arm-none-eabi/10.3.1/../../../../arm-none-eabi/lib/thumb/v7e-m/nofp\libg.a(lib_a-__call_atexit.o)
                0x20000438                __atexit_recursive_mutex
 *(.RamFunc)
 *(.RamFunc*)
                0x2000043c                . = ALIGN (0x4)
                0x2000043c                _edata = .

.igot.plt       0x2000043c        0x0 load address 0x08003308
 .igot.plt      0x2000043c        0x0 c:/progra~2/gnuarm~1/102021~1.10/bin/../lib/gcc/arm-none-eabi/10.3.1/thumb/v7e-m/nofp/crtbegin.o
                0x2000043c                . = ALIGN (0x4)

.bss            0x2000043c       0xf8 load address 0x08003308
                0x2000043c                _sbss = .
                0x2000043c                __bss_start__ = _sbss
 *(.bss)
 .bss           0x2000043c       0x1c c:/progra~2/gnuarm~1/102021~1.10/bin/../lib/gcc/arm-none-eabi/10.3.1/thumb/v7e-m/nofp/crtbegin.o
 *(.bss*)
 .bss.htim2     0x20000458       0x4c CMakeFiles/03_PWM_LED.elf.dir/Core/Src/main.c.obj
                0x20000458                htim2
 .bss.huart2    0x200004a4       0x88 CMakeFiles/03_PWM_LED.elf.dir/Core/Src/main.c.obj
                0x200004a4                huart2
 .bss.uwTick    0x2000052c        0x4 CMakeFiles/03_PWM_LED.elf.dir/Drivers/STM32L4xx_HAL_Driver/Src/stm32l4xx_hal.c.obj
                0x2000052c                uwTick
 .bss.__lock___atexit_recursive_mutex
                0x20000530        0x1 c:/progra~2/gnuarm~1/102021~1.10/bin/../lib/gcc/arm-none-eabi/10.3.1/../../../../arm-none-eabi/lib/thumb/v7e-m/nofp\libg.a(lib_a-lock.o)
                0x20000530                __lock___atexit_recursive_mutex
 *(COMMON)
                0x20000534                . = ALIGN (0x4)
 *fill*         0x20000531        0x3 
                0x20000534                _ebss = .
                0x20000534                __bss_end__ = _ebss

._user_heap_stack
                0x20000534      0x604 load address 0x08003308
                0x20000538                . = ALIGN (0x8)
 *fill*         0x20000534        0x4 
                [!provide]                PROVIDE (end = .)
                0x20000538                PROVIDE (_end = .)
                0x20000738                . = (. + _Min_Heap_Size)
 *fill*         0x20000538      0x200 
                0x20000b38                . = (. + _Min_Stack_Size)
 *fill*         0x20000738      0x400 
                0x20000b38                . = ALIGN (0x8)

/DISCARD/
 libc.a(*)
 libm.a(*)
 libgcc.a(*)

.ARM.attributes
                0x00000000       0x2a
 *(.ARM.attributes)
 .ARM.attributes
                0x00000000       0x1e c:/progra~2/gnuarm~1/102021~1.10/bin/../lib/gcc/arm-none-eabi/10.3.1/thumb/v7e-m/nofp/crti.o
 .ARM.attributes
                0x0000001e       0x2e c:/progra~2/gnuarm~1/102021~1.10/bin/../lib/gcc/arm-none-eabi/10.3.1/thumb/v7e-m/nofp/crtbegin.o
 .ARM.attributes
                0x0000004c       0x2e CMakeFiles/03_PWM_LED.elf.dir/Core/Src/main.c.obj
 .ARM.attributes
                0x0000007a       0x2e CMakeFiles/03_PWM_LED.elf.dir/Core/Src/stm32l4xx_hal_msp.c.obj
 .ARM.attributes
                0x000000a8       0x2e CMakeFiles/03_PWM_LED.elf.dir/Core/Src/stm32l4xx_it.c.obj
 .ARM.attributes
                0x000000d6       0x2e CMakeFiles/03_PWM_LED.elf.dir/Core/Src/system_stm32l4xx.c.obj
 .ARM.attributes
                0x00000104       0x21 CMakeFiles/03_PWM_LED.elf.dir/Core/Startup/startup_stm32l476rgtx.s.obj
 .ARM.attributes
                0x00000125       0x2e CMakeFiles/03_PWM_LED.elf.dir/Drivers/STM32L4xx_HAL_Driver/Src/stm32l4xx_hal.c.obj
 .ARM.attributes
                0x00000153       0x2e CMakeFiles/03_PWM_LED.elf.dir/Drivers/STM32L4xx_HAL_Driver/Src/stm32l4xx_hal_cortex.c.obj
 .ARM.attributes
                0x00000181       0x2e CMakeFiles/03_PWM_LED.elf.dir/Drivers/STM32L4xx_HAL_Driver/Src/stm32l4xx_hal_gpio.c.obj
 .ARM.attributes
                0x000001af       0x2e CMakeFiles/03_PWM_LED.elf.dir/Drivers/STM32L4xx_HAL_Driver/Src/stm32l4xx_hal_pwr_ex.c.obj
 .ARM.attributes
                0x000001dd       0x2e CMakeFiles/03_PWM_LED.elf.dir/Drivers/STM32L4xx_HAL_Driver/Src/stm32l4xx_hal_rcc.c.obj
 .ARM.attributes
                0x0000020b       0x2e CMakeFiles/03_PWM_LED.elf.dir/Drivers/STM32L4xx_HAL_Driver/Src/stm32l4xx_hal_rcc_ex.c.obj
 .ARM.attributes
                0x00000239       0x2e CMakeFiles/03_PWM_LED.elf.dir/Drivers/STM32L4xx_HAL_Driver/Src/stm32l4xx_hal_tim.c.obj
 .ARM.attributes
                0x00000267       0x2e CMakeFiles/03_PWM_LED.elf.dir/Drivers/STM32L4xx_HAL_Driver/Src/stm32l4xx_hal_tim_ex.c.obj
 .ARM.attributes
                0x00000295       0x2e CMakeFiles/03_PWM_LED.elf.dir/Drivers/STM32L4xx_HAL_Driver/Src/stm32l4xx_hal_uart.c.obj
 .ARM.attributes
                0x000002c3       0x1e c:/progra~2/gnuarm~1/102021~1.10/bin/../lib/gcc/arm-none-eabi/10.3.1/thumb/v7e-m/nofp\libgcc.a(_aeabi_uldivmod.o)
 .ARM.attributes
                0x000002e1       0x2e c:/progra~2/gnuarm~1/102021~1.10/bin/../lib/gcc/arm-none-eabi/10.3.1/thumb/v7e-m/nofp\libgcc.a(_udivmoddi4.o)
 .ARM.attributes
                0x0000030f       0x1e c:/progra~2/gnuarm~1/102021~1.10/bin/../lib/gcc/arm-none-eabi/10.3.1/thumb/v7e-m/nofp\libgcc.a(_dvmd_tls.o)
 .ARM.attributes
                0x0000032d       0x2e c:/progra~2/gnuarm~1/102021~1.10/bin/../lib/gcc/arm-none-eabi/10.3.1/../../../../arm-none-eabi/lib/thumb/v7e-m/nofp\libg.a(lib_a-impure.o)
 .ARM.attributes
                0x0000035b       0x2e c:/progra~2/gnuarm~1/102021~1.10/bin/../lib/gcc/arm-none-eabi/10.3.1/../../../../arm-none-eabi/lib/thumb/v7e-m/nofp\libg.a(lib_a-init.o)
 .ARM.attributes
                0x00000389       0x2e c:/progra~2/gnuarm~1/102021~1.10/bin/../lib/gcc/arm-none-eabi/10.3.1/../../../../arm-none-eabi/lib/thumb/v7e-m/nofp\libg.a(lib_a-memset.o)
 .ARM.attributes
                0x000003b7       0x2e c:/progra~2/gnuarm~1/102021~1.10/bin/../lib/gcc/arm-none-eabi/10.3.1/../../../../arm-none-eabi/lib/thumb/v7e-m/nofp\libg.a(lib_a-__call_atexit.o)
 .ARM.attributes
                0x000003e5       0x2e c:/progra~2/gnuarm~1/102021~1.10/bin/../lib/gcc/arm-none-eabi/10.3.1/../../../../arm-none-eabi/lib/thumb/v7e-m/nofp\libg.a(lib_a-atexit.o)
 .ARM.attributes
                0x00000413       0x2e c:/progra~2/gnuarm~1/102021~1.10/bin/../lib/gcc/arm-none-eabi/10.3.1/../../../../arm-none-eabi/lib/thumb/v7e-m/nofp\libg.a(lib_a-fini.o)
 .ARM.attributes
                0x00000441       0x2e c:/progra~2/gnuarm~1/102021~1.10/bin/../lib/gcc/arm-none-eabi/10.3.1/../../../../arm-none-eabi/lib/thumb/v7e-m/nofp\libg.a(lib_a-lock.o)
 .ARM.attributes
                0x0000046f       0x2e c:/progra~2/gnuarm~1/102021~1.10/bin/../lib/gcc/arm-none-eabi/10.3.1/../../../../arm-none-eabi/lib/thumb/v7e-m/nofp\libg.a(lib_a-__atexit.o)
 .ARM.attributes
                0x0000049d       0x1e c:/progra~2/gnuarm~1/102021~1.10/bin/../lib/gcc/arm-none-eabi/10.3.1/thumb/v7e-m/nofp/crtn.o
OUTPUT(03_PWM_LED.elf elf32-littlearm)
LOAD linker stubs
LOAD c:/progra~2/gnuarm~1/102021~1.10/bin/../lib/gcc/arm-none-eabi/10.3.1/../../../../arm-none-eabi/lib/thumb/v7e-m/nofp\libc.a
LOAD c:/progra~2/gnuarm~1/102021~1.10/bin/../lib/gcc/arm-none-eabi/10.3.1/../../../../arm-none-eabi/lib/thumb/v7e-m/nofp\libm.a
LOAD c:/progra~2/gnuarm~1/102021~1.10/bin/../lib/gcc/arm-none-eabi/10.3.1/thumb/v7e-m/nofp\libgcc.a

.debug_info     0x00000000    0x12dcc
 .debug_info    0x00000000     0x1505 CMakeFiles/03_PWM_LED.elf.dir/Core/Src/main.c.obj
 .debug_info    0x00001505     0x124c CMakeFiles/03_PWM_LED.elf.dir/Core/Src/stm32l4xx_hal_msp.c.obj
 .debug_info    0x00002751      0x130 CMakeFiles/03_PWM_LED.elf.dir/Core/Src/stm32l4xx_it.c.obj
 .debug_info    0x00002881      0x425 CMakeFiles/03_PWM_LED.elf.dir/Core/Src/system_stm32l4xx.c.obj
 .debug_info    0x00002ca6       0x22 CMakeFiles/03_PWM_LED.elf.dir/Core/Startup/startup_stm32l476rgtx.s.obj
 .debug_info    0x00002cc8      0xce8 CMakeFiles/03_PWM_LED.elf.dir/Drivers/STM32L4xx_HAL_Driver/Src/stm32l4xx_hal.c.obj
 .debug_info    0x000039b0     0x109e CMakeFiles/03_PWM_LED.elf.dir/Drivers/STM32L4xx_HAL_Driver/Src/stm32l4xx_hal_cortex.c.obj
 .debug_info    0x00004a4e      0x857 CMakeFiles/03_PWM_LED.elf.dir/Drivers/STM32L4xx_HAL_Driver/Src/stm32l4xx_hal_gpio.c.obj
 .debug_info    0x000052a5      0xaa2 CMakeFiles/03_PWM_LED.elf.dir/Drivers/STM32L4xx_HAL_Driver/Src/stm32l4xx_hal_pwr_ex.c.obj
 .debug_info    0x00005d47      0xf3f CMakeFiles/03_PWM_LED.elf.dir/Drivers/STM32L4xx_HAL_Driver/Src/stm32l4xx_hal_rcc.c.obj
 .debug_info    0x00006c86     0x125c CMakeFiles/03_PWM_LED.elf.dir/Drivers/STM32L4xx_HAL_Driver/Src/stm32l4xx_hal_rcc_ex.c.obj
 .debug_info    0x00007ee2     0x3f24 CMakeFiles/03_PWM_LED.elf.dir/Drivers/STM32L4xx_HAL_Driver/Src/stm32l4xx_hal_tim.c.obj
 .debug_info    0x0000be06     0x1d2b CMakeFiles/03_PWM_LED.elf.dir/Drivers/STM32L4xx_HAL_Driver/Src/stm32l4xx_hal_tim_ex.c.obj
 .debug_info    0x0000db31     0x529b CMakeFiles/03_PWM_LED.elf.dir/Drivers/STM32L4xx_HAL_Driver/Src/stm32l4xx_hal_uart.c.obj

.debug_abbrev   0x00000000     0x1be5
 .debug_abbrev  0x00000000      0x29e CMakeFiles/03_PWM_LED.elf.dir/Core/Src/main.c.obj
 .debug_abbrev  0x0000029e      0x1f6 CMakeFiles/03_PWM_LED.elf.dir/Core/Src/stm32l4xx_hal_msp.c.obj
 .debug_abbrev  0x00000494       0x7e CMakeFiles/03_PWM_LED.elf.dir/Core/Src/stm32l4xx_it.c.obj
 .debug_abbrev  0x00000512      0x119 CMakeFiles/03_PWM_LED.elf.dir/Core/Src/system_stm32l4xx.c.obj
 .debug_abbrev  0x0000062b       0x12 CMakeFiles/03_PWM_LED.elf.dir/Core/Startup/startup_stm32l476rgtx.s.obj
 .debug_abbrev  0x0000063d      0x22a CMakeFiles/03_PWM_LED.elf.dir/Drivers/STM32L4xx_HAL_Driver/Src/stm32l4xx_hal.c.obj
 .debug_abbrev  0x00000867      0x36a CMakeFiles/03_PWM_LED.elf.dir/Drivers/STM32L4xx_HAL_Driver/Src/stm32l4xx_hal_cortex.c.obj
 .debug_abbrev  0x00000bd1      0x1e6 CMakeFiles/03_PWM_LED.elf.dir/Drivers/STM32L4xx_HAL_Driver/Src/stm32l4xx_hal_gpio.c.obj
 .debug_abbrev  0x00000db7      0x215 CMakeFiles/03_PWM_LED.elf.dir/Drivers/STM32L4xx_HAL_Driver/Src/stm32l4xx_hal_pwr_ex.c.obj
 .debug_abbrev  0x00000fcc      0x251 CMakeFiles/03_PWM_LED.elf.dir/Drivers/STM32L4xx_HAL_Driver/Src/stm32l4xx_hal_rcc.c.obj
 .debug_abbrev  0x0000121d      0x275 CMakeFiles/03_PWM_LED.elf.dir/Drivers/STM32L4xx_HAL_Driver/Src/stm32l4xx_hal_rcc_ex.c.obj
 .debug_abbrev  0x00001492      0x232 CMakeFiles/03_PWM_LED.elf.dir/Drivers/STM32L4xx_HAL_Driver/Src/stm32l4xx_hal_tim.c.obj
 .debug_abbrev  0x000016c4      0x248 CMakeFiles/03_PWM_LED.elf.dir/Drivers/STM32L4xx_HAL_Driver/Src/stm32l4xx_hal_tim_ex.c.obj
 .debug_abbrev  0x0000190c      0x2d9 CMakeFiles/03_PWM_LED.elf.dir/Drivers/STM32L4xx_HAL_Driver/Src/stm32l4xx_hal_uart.c.obj

.debug_loc      0x00000000    0x102f8
 .debug_loc     0x00000000       0x38 CMakeFiles/03_PWM_LED.elf.dir/Core/Src/main.c.obj
 .debug_loc     0x00000038       0xa6 CMakeFiles/03_PWM_LED.elf.dir/Core/Src/stm32l4xx_hal_msp.c.obj
 .debug_loc     0x000000de      0x127 CMakeFiles/03_PWM_LED.elf.dir/Core/Src/system_stm32l4xx.c.obj
 .debug_loc     0x00000205      0x1ef CMakeFiles/03_PWM_LED.elf.dir/Drivers/STM32L4xx_HAL_Driver/Src/stm32l4xx_hal.c.obj
 .debug_loc     0x000003f4      0x744 CMakeFiles/03_PWM_LED.elf.dir/Drivers/STM32L4xx_HAL_Driver/Src/stm32l4xx_hal_cortex.c.obj
 .debug_loc     0x00000b38      0x3da CMakeFiles/03_PWM_LED.elf.dir/Drivers/STM32L4xx_HAL_Driver/Src/stm32l4xx_hal_gpio.c.obj
 .debug_loc     0x00000f12      0xb06 CMakeFiles/03_PWM_LED.elf.dir/Drivers/STM32L4xx_HAL_Driver/Src/stm32l4xx_hal_pwr_ex.c.obj
 .debug_loc     0x00001a18      0x81c CMakeFiles/03_PWM_LED.elf.dir/Drivers/STM32L4xx_HAL_Driver/Src/stm32l4xx_hal_rcc.c.obj
 .debug_loc     0x00002234     0x1af9 CMakeFiles/03_PWM_LED.elf.dir/Drivers/STM32L4xx_HAL_Driver/Src/stm32l4xx_hal_rcc_ex.c.obj
 .debug_loc     0x00003d2d     0x55d7 CMakeFiles/03_PWM_LED.elf.dir/Drivers/STM32L4xx_HAL_Driver/Src/stm32l4xx_hal_tim.c.obj
 .debug_loc     0x00009304     0x241c CMakeFiles/03_PWM_LED.elf.dir/Drivers/STM32L4xx_HAL_Driver/Src/stm32l4xx_hal_tim_ex.c.obj
 .debug_loc     0x0000b720     0x4bd8 CMakeFiles/03_PWM_LED.elf.dir/Drivers/STM32L4xx_HAL_Driver/Src/stm32l4xx_hal_uart.c.obj

.debug_aranges  0x00000000      0xda8
 .debug_aranges
                0x00000000       0x48 CMakeFiles/03_PWM_LED.elf.dir/Core/Src/main.c.obj
 .debug_aranges
                0x00000048       0x48 CMakeFiles/03_PWM_LED.elf.dir/Core/Src/stm32l4xx_hal_msp.c.obj
 .debug_aranges
                0x00000090       0x60 CMakeFiles/03_PWM_LED.elf.dir/Core/Src/stm32l4xx_it.c.obj
 .debug_aranges
                0x000000f0       0x28 CMakeFiles/03_PWM_LED.elf.dir/Core/Src/system_stm32l4xx.c.obj
 .debug_aranges
                0x00000118       0x28 CMakeFiles/03_PWM_LED.elf.dir/Core/Startup/startup_stm32l476rgtx.s.obj
 .debug_aranges
                0x00000140      0x130 CMakeFiles/03_PWM_LED.elf.dir/Drivers/STM32L4xx_HAL_Driver/Src/stm32l4xx_hal.c.obj
 .debug_aranges
                0x00000270       0xa8 CMakeFiles/03_PWM_LED.elf.dir/Drivers/STM32L4xx_HAL_Driver/Src/stm32l4xx_hal_cortex.c.obj
 .debug_aranges
                0x00000318       0x58 CMakeFiles/03_PWM_LED.elf.dir/Drivers/STM32L4xx_HAL_Driver/Src/stm32l4xx_hal_gpio.c.obj
 .debug_aranges
                0x00000370      0x160 CMakeFiles/03_PWM_LED.elf.dir/Drivers/STM32L4xx_HAL_Driver/Src/stm32l4xx_hal_pwr_ex.c.obj
 .debug_aranges
                0x000004d0       0x90 CMakeFiles/03_PWM_LED.elf.dir/Drivers/STM32L4xx_HAL_Driver/Src/stm32l4xx_hal_rcc.c.obj
 .debug_aranges
                0x00000560       0xc0 CMakeFiles/03_PWM_LED.elf.dir/Drivers/STM32L4xx_HAL_Driver/Src/stm32l4xx_hal_rcc_ex.c.obj
 .debug_aranges
                0x00000620      0x3e0 CMakeFiles/03_PWM_LED.elf.dir/Drivers/STM32L4xx_HAL_Driver/Src/stm32l4xx_hal_tim.c.obj
 .debug_aranges
                0x00000a00      0x180 CMakeFiles/03_PWM_LED.elf.dir/Drivers/STM32L4xx_HAL_Driver/Src/stm32l4xx_hal_tim_ex.c.obj
 .debug_aranges
                0x00000b80      0x228 CMakeFiles/03_PWM_LED.elf.dir/Drivers/STM32L4xx_HAL_Driver/Src/stm32l4xx_hal_uart.c.obj

.debug_ranges   0x00000000      0xd90
 .debug_ranges  0x00000000       0x50 CMakeFiles/03_PWM_LED.elf.dir/Core/Src/main.c.obj
 .debug_ranges  0x00000050       0x38 CMakeFiles/03_PWM_LED.elf.dir/Core/Src/stm32l4xx_hal_msp.c.obj
 .debug_ranges  0x00000088       0x50 CMakeFiles/03_PWM_LED.elf.dir/Core/Src/stm32l4xx_it.c.obj
 .debug_ranges  0x000000d8       0x18 CMakeFiles/03_PWM_LED.elf.dir/Core/Src/system_stm32l4xx.c.obj
 .debug_ranges  0x000000f0       0x20 CMakeFiles/03_PWM_LED.elf.dir/Core/Startup/startup_stm32l476rgtx.s.obj
 .debug_ranges  0x00000110      0x120 CMakeFiles/03_PWM_LED.elf.dir/Drivers/STM32L4xx_HAL_Driver/Src/stm32l4xx_hal.c.obj
 .debug_ranges  0x00000230       0xf8 CMakeFiles/03_PWM_LED.elf.dir/Drivers/STM32L4xx_HAL_Driver/Src/stm32l4xx_hal_cortex.c.obj
 .debug_ranges  0x00000328       0x48 CMakeFiles/03_PWM_LED.elf.dir/Drivers/STM32L4xx_HAL_Driver/Src/stm32l4xx_hal_gpio.c.obj
 .debug_ranges  0x00000370      0x150 CMakeFiles/03_PWM_LED.elf.dir/Drivers/STM32L4xx_HAL_Driver/Src/stm32l4xx_hal_pwr_ex.c.obj
 .debug_ranges  0x000004c0       0x98 CMakeFiles/03_PWM_LED.elf.dir/Drivers/STM32L4xx_HAL_Driver/Src/stm32l4xx_hal_rcc.c.obj
 .debug_ranges  0x00000558       0xc8 CMakeFiles/03_PWM_LED.elf.dir/Drivers/STM32L4xx_HAL_Driver/Src/stm32l4xx_hal_rcc_ex.c.obj
 .debug_ranges  0x00000620      0x3d0 CMakeFiles/03_PWM_LED.elf.dir/Drivers/STM32L4xx_HAL_Driver/Src/stm32l4xx_hal_tim.c.obj
 .debug_ranges  0x000009f0      0x170 CMakeFiles/03_PWM_LED.elf.dir/Drivers/STM32L4xx_HAL_Driver/Src/stm32l4xx_hal_tim_ex.c.obj
 .debug_ranges  0x00000b60      0x230 CMakeFiles/03_PWM_LED.elf.dir/Drivers/STM32L4xx_HAL_Driver/Src/stm32l4xx_hal_uart.c.obj

.debug_line     0x00000000    0x11db9
 .debug_line    0x00000000      0x6db CMakeFiles/03_PWM_LED.elf.dir/Core/Src/main.c.obj
 .debug_line    0x000006db      0x467 CMakeFiles/03_PWM_LED.elf.dir/Core/Src/stm32l4xx_hal_msp.c.obj
 .debug_line    0x00000b42      0x1f1 CMakeFiles/03_PWM_LED.elf.dir/Core/Src/stm32l4xx_it.c.obj
 .debug_line    0x00000d33      0x2bd CMakeFiles/03_PWM_LED.elf.dir/Core/Src/system_stm32l4xx.c.obj
 .debug_line    0x00000ff0       0xc2 CMakeFiles/03_PWM_LED.elf.dir/Core/Startup/startup_stm32l476rgtx.s.obj
 .debug_line    0x000010b2      0x763 CMakeFiles/03_PWM_LED.elf.dir/Drivers/STM32L4xx_HAL_Driver/Src/stm32l4xx_hal.c.obj
 .debug_line    0x00001815      0x83d CMakeFiles/03_PWM_LED.elf.dir/Drivers/STM32L4xx_HAL_Driver/Src/stm32l4xx_hal_cortex.c.obj
 .debug_line    0x00002052      0x759 CMakeFiles/03_PWM_LED.elf.dir/Drivers/STM32L4xx_HAL_Driver/Src/stm32l4xx_hal_gpio.c.obj
 .debug_line    0x000027ab      0xba6 CMakeFiles/03_PWM_LED.elf.dir/Drivers/STM32L4xx_HAL_Driver/Src/stm32l4xx_hal_pwr_ex.c.obj
 .debug_line    0x00003351      0xf83 CMakeFiles/03_PWM_LED.elf.dir/Drivers/STM32L4xx_HAL_Driver/Src/stm32l4xx_hal_rcc.c.obj
 .debug_line    0x000042d4     0x15b6 CMakeFiles/03_PWM_LED.elf.dir/Drivers/STM32L4xx_HAL_Driver/Src/stm32l4xx_hal_rcc_ex.c.obj
 .debug_line    0x0000588a     0x52ac CMakeFiles/03_PWM_LED.elf.dir/Drivers/STM32L4xx_HAL_Driver/Src/stm32l4xx_hal_tim.c.obj
 .debug_line    0x0000ab36     0x1ffb CMakeFiles/03_PWM_LED.elf.dir/Drivers/STM32L4xx_HAL_Driver/Src/stm32l4xx_hal_tim_ex.c.obj
 .debug_line    0x0000cb31     0x5288 CMakeFiles/03_PWM_LED.elf.dir/Drivers/STM32L4xx_HAL_Driver/Src/stm32l4xx_hal_uart.c.obj

.debug_str      0x00000000     0x4c70
 .debug_str     0x00000000      0xe90 CMakeFiles/03_PWM_LED.elf.dir/Core/Src/main.c.obj
                                0xf74 (size before relaxing)
 .debug_str     0x00000e90      0x379 CMakeFiles/03_PWM_LED.elf.dir/Core/Src/stm32l4xx_hal_msp.c.obj
                                0xeb9 (size before relaxing)
 .debug_str     0x00001209       0xf1 CMakeFiles/03_PWM_LED.elf.dir/Core/Src/stm32l4xx_it.c.obj
                                0x295 (size before relaxing)
 .debug_str     0x000012fa       0xd8 CMakeFiles/03_PWM_LED.elf.dir/Core/Src/system_stm32l4xx.c.obj
                                0x3eb (size before relaxing)
 .debug_str     0x000013d2       0x70 CMakeFiles/03_PWM_LED.elf.dir/Core/Startup/startup_stm32l476rgtx.s.obj
                                 0xbf (size before relaxing)
 .debug_str     0x00001442      0xa29 CMakeFiles/03_PWM_LED.elf.dir/Drivers/STM32L4xx_HAL_Driver/Src/stm32l4xx_hal.c.obj
                                0xdc0 (size before relaxing)
 .debug_str     0x00001e6b      0x4dc CMakeFiles/03_PWM_LED.elf.dir/Drivers/STM32L4xx_HAL_Driver/Src/stm32l4xx_hal_cortex.c.obj
                                0xc86 (size before relaxing)
 .debug_str     0x00002347      0x159 CMakeFiles/03_PWM_LED.elf.dir/Drivers/STM32L4xx_HAL_Driver/Src/stm32l4xx_hal_gpio.c.obj
                                0x5a6 (size before relaxing)
 .debug_str     0x000024a0      0x5af CMakeFiles/03_PWM_LED.elf.dir/Drivers/STM32L4xx_HAL_Driver/Src/stm32l4xx_hal_pwr_ex.c.obj
                                0x8b5 (size before relaxing)
 .debug_str     0x00002a4f      0x210 CMakeFiles/03_PWM_LED.elf.dir/Drivers/STM32L4xx_HAL_Driver/Src/stm32l4xx_hal_rcc.c.obj
                                0x902 (size before relaxing)
 .debug_str     0x00002c5f      0x331 CMakeFiles/03_PWM_LED.elf.dir/Drivers/STM32L4xx_HAL_Driver/Src/stm32l4xx_hal_rcc_ex.c.obj
                                0xb21 (size before relaxing)
 .debug_str     0x00002f90      0xe80 CMakeFiles/03_PWM_LED.elf.dir/Drivers/STM32L4xx_HAL_Driver/Src/stm32l4xx_hal_tim.c.obj
                               0x1749 (size before relaxing)
 .debug_str     0x00003e10      0x653 CMakeFiles/03_PWM_LED.elf.dir/Drivers/STM32L4xx_HAL_Driver/Src/stm32l4xx_hal_tim_ex.c.obj
                               0x1042 (size before relaxing)
 .debug_str     0x00004463      0x80d CMakeFiles/03_PWM_LED.elf.dir/Drivers/STM32L4xx_HAL_Driver/Src/stm32l4xx_hal_uart.c.obj
                               0x107a (size before relaxing)

.comment        0x00000000       0x49
 .comment       0x00000000       0x49 CMakeFiles/03_PWM_LED.elf.dir/Core/Src/main.c.obj
                                 0x4a (size before relaxing)
 .comment       0x00000049       0x4a CMakeFiles/03_PWM_LED.elf.dir/Core/Src/stm32l4xx_hal_msp.c.obj
 .comment       0x00000049       0x4a CMakeFiles/03_PWM_LED.elf.dir/Core/Src/stm32l4xx_it.c.obj
 .comment       0x00000049       0x4a CMakeFiles/03_PWM_LED.elf.dir/Core/Src/system_stm32l4xx.c.obj
 .comment       0x00000049       0x4a CMakeFiles/03_PWM_LED.elf.dir/Drivers/STM32L4xx_HAL_Driver/Src/stm32l4xx_hal.c.obj
 .comment       0x00000049       0x4a CMakeFiles/03_PWM_LED.elf.dir/Drivers/STM32L4xx_HAL_Driver/Src/stm32l4xx_hal_cortex.c.obj
 .comment       0x00000049       0x4a CMakeFiles/03_PWM_LED.elf.dir/Drivers/STM32L4xx_HAL_Driver/Src/stm32l4xx_hal_gpio.c.obj
 .comment       0x00000049       0x4a CMakeFiles/03_PWM_LED.elf.dir/Drivers/STM32L4xx_HAL_Driver/Src/stm32l4xx_hal_pwr_ex.c.obj
 .comment       0x00000049       0x4a CMakeFiles/03_PWM_LED.elf.dir/Drivers/STM32L4xx_HAL_Driver/Src/stm32l4xx_hal_rcc.c.obj
 .comment       0x00000049       0x4a CMakeFiles/03_PWM_LED.elf.dir/Drivers/STM32L4xx_HAL_Driver/Src/stm32l4xx_hal_rcc_ex.c.obj
 .comment       0x00000049       0x4a CMakeFiles/03_PWM_LED.elf.dir/Drivers/STM32L4xx_HAL_Driver/Src/stm32l4xx_hal_tim.c.obj
 .comment       0x00000049       0x4a CMakeFiles/03_PWM_LED.elf.dir/Drivers/STM32L4xx_HAL_Driver/Src/stm32l4xx_hal_tim_ex.c.obj
 .comment       0x00000049       0x4a CMakeFiles/03_PWM_LED.elf.dir/Drivers/STM32L4xx_HAL_Driver/Src/stm32l4xx_hal_uart.c.obj

.debug_frame    0x00000000     0x2520
 .debug_frame   0x00000000       0xb0 CMakeFiles/03_PWM_LED.elf.dir/Core/Src/main.c.obj
 .debug_frame   0x000000b0       0xac CMakeFiles/03_PWM_LED.elf.dir/Core/Src/stm32l4xx_hal_msp.c.obj
 .debug_frame   0x0000015c       0xa8 CMakeFiles/03_PWM_LED.elf.dir/Core/Src/stm32l4xx_it.c.obj
 .debug_frame   0x00000204       0x30 CMakeFiles/03_PWM_LED.elf.dir/Core/Src/system_stm32l4xx.c.obj
 .debug_frame   0x00000234      0x274 CMakeFiles/03_PWM_LED.elf.dir/Drivers/STM32L4xx_HAL_Driver/Src/stm32l4xx_hal.c.obj
 .debug_frame   0x000004a8      0x148 CMakeFiles/03_PWM_LED.elf.dir/Drivers/STM32L4xx_HAL_Driver/Src/stm32l4xx_hal_cortex.c.obj
 .debug_frame   0x000005f0       0xd0 CMakeFiles/03_PWM_LED.elf.dir/Drivers/STM32L4xx_HAL_Driver/Src/stm32l4xx_hal_gpio.c.obj
 .debug_frame   0x000006c0      0x2b8 CMakeFiles/03_PWM_LED.elf.dir/Drivers/STM32L4xx_HAL_Driver/Src/stm32l4xx_hal_pwr_ex.c.obj
 .debug_frame   0x00000978      0x19c CMakeFiles/03_PWM_LED.elf.dir/Drivers/STM32L4xx_HAL_Driver/Src/stm32l4xx_hal_rcc.c.obj
 .debug_frame   0x00000b14      0x204 CMakeFiles/03_PWM_LED.elf.dir/Drivers/STM32L4xx_HAL_Driver/Src/stm32l4xx_hal_rcc_ex.c.obj
 .debug_frame   0x00000d18      0xb4c CMakeFiles/03_PWM_LED.elf.dir/Drivers/STM32L4xx_HAL_Driver/Src/stm32l4xx_hal_tim.c.obj
 .debug_frame   0x00001864      0x470 CMakeFiles/03_PWM_LED.elf.dir/Drivers/STM32L4xx_HAL_Driver/Src/stm32l4xx_hal_tim_ex.c.obj
 .debug_frame   0x00001cd4      0x600 CMakeFiles/03_PWM_LED.elf.dir/Drivers/STM32L4xx_HAL_Driver/Src/stm32l4xx_hal_uart.c.obj
 .debug_frame   0x000022d4       0x2c c:/progra~2/gnuarm~1/102021~1.10/bin/../lib/gcc/arm-none-eabi/10.3.1/thumb/v7e-m/nofp\libgcc.a(_aeabi_uldivmod.o)
 .debug_frame   0x00002300       0x34 c:/progra~2/gnuarm~1/102021~1.10/bin/../lib/gcc/arm-none-eabi/10.3.1/thumb/v7e-m/nofp\libgcc.a(_udivmoddi4.o)
 .debug_frame   0x00002334       0x2c c:/progra~2/gnuarm~1/102021~1.10/bin/../lib/gcc/arm-none-eabi/10.3.1/../../../../arm-none-eabi/lib/thumb/v7e-m/nofp\libg.a(lib_a-init.o)
 .debug_frame   0x00002360       0x2c c:/progra~2/gnuarm~1/102021~1.10/bin/../lib/gcc/arm-none-eabi/10.3.1/../../../../arm-none-eabi/lib/thumb/v7e-m/nofp\libg.a(lib_a-memset.o)
 .debug_frame   0x0000238c       0x5c c:/progra~2/gnuarm~1/102021~1.10/bin/../lib/gcc/arm-none-eabi/10.3.1/../../../../arm-none-eabi/lib/thumb/v7e-m/nofp\libg.a(lib_a-__call_atexit.o)
 .debug_frame   0x000023e8       0x20 c:/progra~2/gnuarm~1/102021~1.10/bin/../lib/gcc/arm-none-eabi/10.3.1/../../../../arm-none-eabi/lib/thumb/v7e-m/nofp\libg.a(lib_a-atexit.o)
 .debug_frame   0x00002408       0x34 c:/progra~2/gnuarm~1/102021~1.10/bin/../lib/gcc/arm-none-eabi/10.3.1/../../../../arm-none-eabi/lib/thumb/v7e-m/nofp\libg.a(lib_a-fini.o)
 .debug_frame   0x0000243c       0xb0 c:/progra~2/gnuarm~1/102021~1.10/bin/../lib/gcc/arm-none-eabi/10.3.1/../../../../arm-none-eabi/lib/thumb/v7e-m/nofp\libg.a(lib_a-lock.o)
 .debug_frame   0x000024ec       0x34 c:/progra~2/gnuarm~1/102021~1.10/bin/../lib/gcc/arm-none-eabi/10.3.1/../../../../arm-none-eabi/lib/thumb/v7e-m/nofp\libg.a(lib_a-__atexit.o)
