Archive member included to satisfy reference by file (symbol)

/usr/lib/gcc/arm-none-eabi/10.3.1/thumb/v7e-m/nofp/libgcc.a(_aeabi_uldivmod.o)
                              CMakeFiles/05_UART_Transmission.elf.dir/Drivers/STM32L4xx_HAL_Driver/Src/stm32l4xx_hal_uart.c.obj (__aeabi_uldivmod)
/usr/lib/gcc/arm-none-eabi/10.3.1/thumb/v7e-m/nofp/libgcc.a(_udivmoddi4.o)
                              /usr/lib/gcc/arm-none-eabi/10.3.1/thumb/v7e-m/nofp/libgcc.a(_aeabi_uldivmod.o) (__udivmoddi4)
/usr/lib/gcc/arm-none-eabi/10.3.1/thumb/v7e-m/nofp/libgcc.a(_dvmd_tls.o)
                              /usr/lib/gcc/arm-none-eabi/10.3.1/thumb/v7e-m/nofp/libgcc.a(_aeabi_uldivmod.o) (__aeabi_ldiv0)
/usr/lib/gcc/arm-none-eabi/10.3.1/../../../arm-none-eabi/lib/thumb/v7e-m/nofp/libg.a(lib_a-atexit.o)
                              /usr/lib/gcc/arm-none-eabi/10.3.1/../../../arm-none-eabi/lib/thumb/v7e-m/nofp/crt0.o (atexit)
/usr/lib/gcc/arm-none-eabi/10.3.1/../../../arm-none-eabi/lib/thumb/v7e-m/nofp/libg.a(lib_a-errno.o)
                              CMakeFiles/05_UART_Transmission.elf.dir/Core/Src/syscalls.c.obj (__errno)
/usr/lib/gcc/arm-none-eabi/10.3.1/../../../arm-none-eabi/lib/thumb/v7e-m/nofp/libg.a(lib_a-exit.o)
                              /usr/lib/gcc/arm-none-eabi/10.3.1/../../../arm-none-eabi/lib/thumb/v7e-m/nofp/crt0.o (exit)
/usr/lib/gcc/arm-none-eabi/10.3.1/../../../arm-none-eabi/lib/thumb/v7e-m/nofp/libg.a(lib_a-fini.o)
                              /usr/lib/gcc/arm-none-eabi/10.3.1/../../../arm-none-eabi/lib/thumb/v7e-m/nofp/crt0.o (__libc_fini_array)
/usr/lib/gcc/arm-none-eabi/10.3.1/../../../arm-none-eabi/lib/thumb/v7e-m/nofp/libg.a(lib_a-impure.o)
                              /usr/lib/gcc/arm-none-eabi/10.3.1/../../../arm-none-eabi/lib/thumb/v7e-m/nofp/libg.a(lib_a-exit.o) (_global_impure_ptr)
/usr/lib/gcc/arm-none-eabi/10.3.1/../../../arm-none-eabi/lib/thumb/v7e-m/nofp/libg.a(lib_a-init.o)
                              /usr/lib/gcc/arm-none-eabi/10.3.1/../../../arm-none-eabi/lib/thumb/v7e-m/nofp/crt0.o (__libc_init_array)
/usr/lib/gcc/arm-none-eabi/10.3.1/../../../arm-none-eabi/lib/thumb/v7e-m/nofp/libg.a(lib_a-memset.o)
                              /usr/lib/gcc/arm-none-eabi/10.3.1/../../../arm-none-eabi/lib/thumb/v7e-m/nofp/crt0.o (memset)
/usr/lib/gcc/arm-none-eabi/10.3.1/../../../arm-none-eabi/lib/thumb/v7e-m/nofp/libg.a(lib_a-__atexit.o)
                              /usr/lib/gcc/arm-none-eabi/10.3.1/../../../arm-none-eabi/lib/thumb/v7e-m/nofp/libg.a(lib_a-atexit.o) (__register_exitproc)
/usr/lib/gcc/arm-none-eabi/10.3.1/../../../arm-none-eabi/lib/thumb/v7e-m/nofp/libg.a(lib_a-__call_atexit.o)
                              /usr/lib/gcc/arm-none-eabi/10.3.1/../../../arm-none-eabi/lib/thumb/v7e-m/nofp/libg.a(lib_a-exit.o) (__call_exitprocs)

Discarded input sections

 .text          0x0000000000000000        0x0 /usr/lib/gcc/arm-none-eabi/10.3.1/thumb/v7e-m/nofp/crti.o
 .data          0x0000000000000000        0x0 /usr/lib/gcc/arm-none-eabi/10.3.1/thumb/v7e-m/nofp/crti.o
 .bss           0x0000000000000000        0x0 /usr/lib/gcc/arm-none-eabi/10.3.1/thumb/v7e-m/nofp/crti.o
 .data          0x0000000000000000        0x4 /usr/lib/gcc/arm-none-eabi/10.3.1/thumb/v7e-m/nofp/crtbegin.o
 .rodata        0x0000000000000000       0x24 /usr/lib/gcc/arm-none-eabi/10.3.1/thumb/v7e-m/nofp/crtbegin.o
 .text          0x0000000000000000       0x70 /usr/lib/gcc/arm-none-eabi/10.3.1/../../../arm-none-eabi/lib/thumb/v7e-m/nofp/crt0.o
 .data          0x0000000000000000        0x0 /usr/lib/gcc/arm-none-eabi/10.3.1/../../../arm-none-eabi/lib/thumb/v7e-m/nofp/crt0.o
 .bss           0x0000000000000000        0x0 /usr/lib/gcc/arm-none-eabi/10.3.1/../../../arm-none-eabi/lib/thumb/v7e-m/nofp/crt0.o
 .ARM.extab     0x0000000000000000        0x0 /usr/lib/gcc/arm-none-eabi/10.3.1/../../../arm-none-eabi/lib/thumb/v7e-m/nofp/crt0.o
 .ARM.exidx     0x0000000000000000       0x10 /usr/lib/gcc/arm-none-eabi/10.3.1/../../../arm-none-eabi/lib/thumb/v7e-m/nofp/crt0.o
 .debug_line    0x0000000000000000       0x87 /usr/lib/gcc/arm-none-eabi/10.3.1/../../../arm-none-eabi/lib/thumb/v7e-m/nofp/crt0.o
 .debug_info    0x0000000000000000       0x26 /usr/lib/gcc/arm-none-eabi/10.3.1/../../../arm-none-eabi/lib/thumb/v7e-m/nofp/crt0.o
 .debug_abbrev  0x0000000000000000       0x14 /usr/lib/gcc/arm-none-eabi/10.3.1/../../../arm-none-eabi/lib/thumb/v7e-m/nofp/crt0.o
 .debug_aranges
                0x0000000000000000       0x20 /usr/lib/gcc/arm-none-eabi/10.3.1/../../../arm-none-eabi/lib/thumb/v7e-m/nofp/crt0.o
 .debug_str     0x0000000000000000       0x95 /usr/lib/gcc/arm-none-eabi/10.3.1/../../../arm-none-eabi/lib/thumb/v7e-m/nofp/crt0.o
 .ARM.attributes
                0x0000000000000000       0x1c /usr/lib/gcc/arm-none-eabi/10.3.1/../../../arm-none-eabi/lib/thumb/v7e-m/nofp/crt0.o
 .text          0x0000000000000000        0x0 CMakeFiles/05_UART_Transmission.elf.dir/Core/Src/main.c.obj
[...]
Memory Configuration

Name             Origin             Length             Attributes
RAM              0x0000000020000000 0x0000000000018000 xrw
RAM2             0x0000000010000000 0x0000000000008000 xrw
FLASH            0x0000000008000000 0x0000000000100000 xr
*default*        0x0000000000000000 0xffffffffffffffff

Linker script and memory map

LOAD /usr/lib/gcc/arm-none-eabi/10.3.1/thumb/v7e-m/nofp/crti.o
LOAD /usr/lib/gcc/arm-none-eabi/10.3.1/thumb/v7e-m/nofp/crtbegin.o
LOAD /usr/lib/gcc/arm-none-eabi/10.3.1/../../../arm-none-eabi/lib/thumb/v7e-m/nofp/crt0.o
LOAD CMakeFiles/05_UART_Transmission.elf.dir/Core/Src/main.c.obj
LOAD CMakeFiles/05_UART_Transmission.elf.dir/Core/Src/stm32l4xx_hal_msp.c.obj
LOAD CMakeFiles/05_UART_Transmission.elf.dir/Core/Src/stm32l4xx_it.c.obj
LOAD CMakeFiles/05_UART_Transmission.elf.dir/Core/Src/syscalls.c.obj
LOAD CMakeFiles/05_UART_Transmission.elf.dir/Core/Src/sysmem.c.obj
LOAD CMakeFiles/05_UART_Transmission.elf.dir/Core/Src/system_stm32l4xx.c.obj
LOAD CMakeFiles/05_UART_Transmission.elf.dir/Core/Startup/startup_stm32l476rgtx.s.obj
LOAD CMakeFiles/05_UART_Transmission.elf.dir/Drivers/STM32L4xx_HAL_Driver/Src/stm32l4xx_hal.c.obj
LOAD CMakeFiles/05_UART_Transmission.elf.dir/Drivers/STM32L4xx_HAL_Driver/Src/stm32l4xx_hal_cortex.c.obj
LOAD CMakeFiles/05_UART_Transmission.elf.dir/Drivers/STM32L4xx_HAL_Driver/Src/stm32l4xx_hal_dma.c.obj
LOAD CMakeFiles/05_UART_Transmission.elf.dir/Drivers/STM32L4xx_HAL_Driver/Src/stm32l4xx_hal_dma_ex.c.obj
LOAD CMakeFiles/05_UART_Transmission.elf.dir/Drivers/STM32L4xx_HAL_Driver/Src/stm32l4xx_hal_exti.c.obj
LOAD CMakeFiles/05_UART_Transmission.elf.dir/Drivers/STM32L4xx_HAL_Driver/Src/stm32l4xx_hal_flash.c.obj
LOAD CMakeFiles/05_UART_Transmission.elf.dir/Drivers/STM32L4xx_HAL_Driver/Src/stm32l4xx_hal_flash_ex.c.obj
LOAD CMakeFiles/05_UART_Transmission.elf.dir/Drivers/STM32L4xx_HAL_Driver/Src/stm32l4xx_hal_flash_ramfunc.c.obj
LOAD CMakeFiles/05_UART_Transmission.elf.dir/Drivers/STM32L4xx_HAL_Driver/Src/stm32l4xx_hal_gpio.c.obj
LOAD CMakeFiles/05_UART_Transmission.elf.dir/Drivers/STM32L4xx_HAL_Driver/Src/stm32l4xx_hal_i2c.c.obj
LOAD CMakeFiles/05_UART_Transmission.elf.dir/Drivers/STM32L4xx_HAL_Driver/Src/stm32l4xx_hal_i2c_ex.c.obj
LOAD CMakeFiles/05_UART_Transmission.elf.dir/Drivers/STM32L4xx_HAL_Driver/Src/stm32l4xx_hal_pwr.c.obj
LOAD CMakeFiles/05_UART_Transmission.elf.dir/Drivers/STM32L4xx_HAL_Driver/Src/stm32l4xx_hal_pwr_ex.c.obj
LOAD CMakeFiles/05_UART_Transmission.elf.dir/Drivers/STM32L4xx_HAL_Driver/Src/stm32l4xx_hal_rcc.c.obj
LOAD CMakeFiles/05_UART_Transmission.elf.dir/Drivers/STM32L4xx_HAL_Driver/Src/stm32l4xx_hal_rcc_ex.c.obj
LOAD CMakeFiles/05_UART_Transmission.elf.dir/Drivers/STM32L4xx_HAL_Driver/Src/stm32l4xx_hal_tim.c.obj
LOAD CMakeFiles/05_UART_Transmission.elf.dir/Drivers/STM32L4xx_HAL_Driver/Src/stm32l4xx_hal_tim_ex.c.obj
LOAD CMakeFiles/05_UART_Transmission.elf.dir/Drivers/STM32L4xx_HAL_Driver/Src/stm32l4xx_hal_uart.c.obj
LOAD CMakeFiles/05_UART_Transmission.elf.dir/Drivers/STM32L4xx_HAL_Driver/Src/stm32l4xx_hal_uart_ex.c.obj
START GROUP
LOAD /usr/lib/gcc/arm-none-eabi/10.3.1/thumb/v7e-m/nofp/libgcc.a
LOAD /usr/lib/gcc/arm-none-eabi/10.3.1/../../../arm-none-eabi/lib/thumb/v7e-m/nofp/libg.a
LOAD /usr/lib/gcc/arm-none-eabi/10.3.1/../../../arm-none-eabi/lib/thumb/v7e-m/nofp/libc.a
END GROUP
LOAD /usr/lib/gcc/arm-none-eabi/10.3.1/thumb/v7e-m/nofp/crtend.o
LOAD /usr/lib/gcc/arm-none-eabi/10.3.1/thumb/v7e-m/nofp/crtn.o
                0x0000000020018000                _estack = (ORIGIN (RAM) + LENGTH (RAM))
                0x0000000000000200                _Min_Heap_Size = 0x200
                0x0000000000000400                _Min_Stack_Size = 0x400

.isr_vector     0x0000000008000000      0x188
                0x0000000008000000                . = ALIGN (0x4)
 *(.isr_vector)
 .isr_vector    0x0000000008000000      0x188 CMakeFiles/05_UART_Transmission.elf.dir/Core/Startup/startup_stm32l476rgtx.s.obj
                0x0000000008000000                g_pfnVectors
                0x0000000008000188                . = ALIGN (0x4)

.text           0x0000000008000188     0x2448
                0x0000000008000188                . = ALIGN (0x4)
 *(.text)
 .text          0x0000000008000188       0x88 /usr/lib/gcc/arm-none-eabi/10.3.1/thumb/v7e-m/nofp/crtbegin.o
 .text          0x0000000008000210       0x30 /usr/lib/gcc/arm-none-eabi/10.3.1/thumb/v7e-m/nofp/libgcc.a(_aeabi_uldivmod.o)
                0x0000000008000210                __aeabi_uldivmod
 .text          0x0000000008000240      0x2d0 /usr/lib/gcc/arm-none-eabi/10.3.1/thumb/v7e-m/nofp/libgcc.a(_udivmoddi4.o)
                0x0000000008000240                __udivmoddi4
 .text          0x0000000008000510        0x4 /usr/lib/gcc/arm-none-eabi/10.3.1/thumb/v7e-m/nofp/libgcc.a(_dvmd_tls.o)
                0x0000000008000510                __aeabi_ldiv0
                0x0000000008000510                __aeabi_idiv0
 .text          0x0000000008000514        0xc /usr/lib/gcc/arm-none-eabi/10.3.1/../../../arm-none-eabi/lib/thumb/v7e-m/nofp/libg.a(lib_a-atexit.o)
                0x0000000008000514                atexit
 .text          0x0000000008000520       0x2c /usr/lib/gcc/arm-none-eabi/10.3.1/../../../arm-none-eabi/lib/thumb/v7e-m/nofp/libg.a(lib_a-fini.o)
                0x0000000008000520                __libc_fini_array
 .text          0x000000000800054c       0x48 /usr/lib/gcc/arm-none-eabi/10.3.1/../../../arm-none-eabi/lib/thumb/v7e-m/nofp/libg.a(lib_a-init.o)
                0x000000000800054c                __libc_init_array
 .text          0x0000000008000594       0xa4 /usr/lib/gcc/arm-none-eabi/10.3.1/../../../arm-none-eabi/lib/thumb/v7e-m/nofp/libg.a(lib_a-memset.o)
                0x0000000008000594                memset
 .text          0x0000000008000638       0x68 /usr/lib/gcc/arm-none-eabi/10.3.1/../../../arm-none-eabi/lib/thumb/v7e-m/nofp/libg.a(lib_a-__atexit.o)
                0x0000000008000638                __register_exitproc
 *(.text*)
 .text.MX_GPIO_Init
                0x00000000080006a0       0xb0 CMakeFiles/05_UART_Transmission.elf.dir/Core/Src/main.c.obj
 .text.Error_Handler
                0x0000000008000750        0x4 CMakeFiles/05_UART_Transmission.elf.dir/Core/Src/main.c.obj
                0x0000000008000750                Error_Handler
 .text.MX_USART2_UART_Init
                0x0000000008000754       0x38 CMakeFiles/05_UART_Transmission.elf.dir/Core/Src/main.c.obj
 .text.SystemClock_Config
                0x000000000800078c       0x7a CMakeFiles/05_UART_Transmission.elf.dir/Core/Src/main.c.obj
                0x000000000800078c                SystemClock_Config
 *fill*         0x0000000008000806        0x2 
 .text.main     0x0000000008000808       0x98 CMakeFiles/05_UART_Transmission.elf.dir/Core/Src/main.c.obj
                0x0000000008000808                main
 .text.HAL_MspInit
                0x00000000080008a0       0x30 CMakeFiles/05_UART_Transmission.elf.dir/Core/Src/stm32l4xx_hal_msp.c.obj
                0x00000000080008a0                HAL_MspInit
 .text.HAL_UART_MspInit
                0x00000000080008d0       0x88 CMakeFiles/05_UART_Transmission.elf.dir/Core/Src/stm32l4xx_hal_msp.c.obj
                0x00000000080008d0                HAL_UART_MspInit
 .text.NMI_Handler
                0x0000000008000958        0x2 CMakeFiles/05_UART_Transmission.elf.dir/Core/Src/stm32l4xx_it.c.obj
                0x0000000008000958                NMI_Handler
 .text.HardFault_Handler
                0x000000000800095a        0x2 CMakeFiles/05_UART_Transmission.elf.dir/Core/Src/stm32l4xx_it.c.obj
                0x000000000800095a                HardFault_Handler
 .text.MemManage_Handler
                0x000000000800095c        0x2 CMakeFiles/05_UART_Transmission.elf.dir/Core/Src/stm32l4xx_it.c.obj
                0x000000000800095c                MemManage_Handler
 .text.BusFault_Handler
                0x000000000800095e        0x2 CMakeFiles/05_UART_Transmission.elf.dir/Core/Src/stm32l4xx_it.c.obj
                0x000000000800095e                BusFault_Handler
 .text.UsageFault_Handler
                0x0000000008000960        0x2 CMakeFiles/05_UART_Transmission.elf.dir/Core/Src/stm32l4xx_it.c.obj
                0x0000000008000960                UsageFault_Handler
 .text.SVC_Handler
                0x0000000008000962        0x2 CMakeFiles/05_UART_Transmission.elf.dir/Core/Src/stm32l4xx_it.c.obj
                0x0000000008000962                SVC_Handler
 .text.DebugMon_Handler
                0x0000000008000964        0x2 CMakeFiles/05_UART_Transmission.elf.dir/Core/Src/stm32l4xx_it.c.obj
                0x0000000008000964                DebugMon_Handler
 .text.PendSV_Handler
                0x0000000008000966        0x2 CMakeFiles/05_UART_Transmission.elf.dir/Core/Src/stm32l4xx_it.c.obj
                0x0000000008000966                PendSV_Handler
 .text.SysTick_Handler
                0x0000000008000968        0x8 CMakeFiles/05_UART_Transmission.elf.dir/Core/Src/stm32l4xx_it.c.obj
                0x0000000008000968                SysTick_Handler
 .text.EXTI15_10_IRQHandler
                0x0000000008000970       0x3c CMakeFiles/05_UART_Transmission.elf.dir/Core/Src/stm32l4xx_it.c.obj
                0x0000000008000970                EXTI15_10_IRQHandler
 .text.SystemInit
                0x00000000080009ac        0x2 CMakeFiles/05_UART_Transmission.elf.dir/Core/Src/system_stm32l4xx.c.obj
                0x00000000080009ac                SystemInit
 *fill*         0x00000000080009ae        0x2 
 .text.Reset_Handler
                0x00000000080009b0       0x50 CMakeFiles/05_UART_Transmission.elf.dir/Core/Startup/startup_stm32l476rgtx.s.obj
                0x00000000080009b0                Reset_Handler
 .text.Default_Handler
                0x0000000008000a00        0x2 CMakeFiles/05_UART_Transmission.elf.dir/Core/Startup/startup_stm32l476rgtx.s.obj
                0x0000000008000a00                RTC_Alarm_IRQHandler
                0x0000000008000a00                EXTI2_IRQHandler
                0x0000000008000a00                TIM8_TRG_COM_IRQHandler
                0x0000000008000a00                TIM8_CC_IRQHandler
                0x0000000008000a00                TIM1_CC_IRQHandler
                0x0000000008000a00                TSC_IRQHandler
                0x0000000008000a00                TAMP_STAMP_IRQHandler
                0x0000000008000a00                EXTI3_IRQHandler
                0x0000000008000a00                LPTIM2_IRQHandler
                0x0000000008000a00                DFSDM1_FLT1_IRQHandler
                0x0000000008000a00                I2C3_ER_IRQHandler
                0x0000000008000a00                DFSDM1_FLT2_IRQHandler
                0x0000000008000a00                EXTI0_IRQHandler
                0x0000000008000a00                I2C2_EV_IRQHandler
                0x0000000008000a00                CAN1_RX0_IRQHandler
                0x0000000008000a00                FPU_IRQHandler
                0x0000000008000a00                TIM1_UP_TIM16_IRQHandler
                0x0000000008000a00                ADC1_2_IRQHandler
                0x0000000008000a00                SPI1_IRQHandler
                0x0000000008000a00                TIM6_DAC_IRQHandler
                0x0000000008000a00                TIM8_UP_IRQHandler
                0x0000000008000a00                DMA2_Channel2_IRQHandler
                0x0000000008000a00                DMA1_Channel4_IRQHandler
                0x0000000008000a00                SAI2_IRQHandler
                0x0000000008000a00                DFSDM1_FLT3_IRQHandler
                0x0000000008000a00                USART3_IRQHandler
                0x0000000008000a00                DMA1_Channel7_IRQHandler
                0x0000000008000a00                CAN1_RX1_IRQHandler
                0x0000000008000a00                LCD_IRQHandler
                0x0000000008000a00                UART5_IRQHandler
                0x0000000008000a00                ADC3_IRQHandler
                0x0000000008000a00                TIM4_IRQHandler
                0x0000000008000a00                DMA2_Channel1_IRQHandler
                0x0000000008000a00                QUADSPI_IRQHandler
                0x0000000008000a00                I2C1_EV_IRQHandler
                0x0000000008000a00                DMA1_Channel6_IRQHandler
                0x0000000008000a00                UART4_IRQHandler
                0x0000000008000a00                DMA2_Channel4_IRQHandler
                0x0000000008000a00                TIM3_IRQHandler
                0x0000000008000a00                RCC_IRQHandler
                0x0000000008000a00                DMA1_Channel1_IRQHandler
                0x0000000008000a00                Default_Handler
                0x0000000008000a00                DMA2_Channel7_IRQHandler
                0x0000000008000a00                TIM7_IRQHandler
                0x0000000008000a00                SDMMC1_IRQHandler
                0x0000000008000a00                TIM5_IRQHandler
                0x0000000008000a00                I2C3_EV_IRQHandler
                0x0000000008000a00                EXTI9_5_IRQHandler
                0x0000000008000a00                RTC_WKUP_IRQHandler
                0x0000000008000a00                PVD_PVM_IRQHandler
                0x0000000008000a00                SPI2_IRQHandler
                0x0000000008000a00                CAN1_TX_IRQHandler
                0x0000000008000a00                DMA2_Channel5_IRQHandler
                0x0000000008000a00                DMA1_Channel5_IRQHandler
                0x0000000008000a00                EXTI4_IRQHandler
                0x0000000008000a00                RNG_IRQHandler
                0x0000000008000a00                TIM1_TRG_COM_TIM17_IRQHandler
                0x0000000008000a00                DMA1_Channel3_IRQHandler
                0x0000000008000a00                COMP_IRQHandler
                0x0000000008000a00                WWDG_IRQHandler
                0x0000000008000a00                LPUART1_IRQHandler
                0x0000000008000a00                DMA2_Channel6_IRQHandler
                0x0000000008000a00                TIM2_IRQHandler
                0x0000000008000a00                EXTI1_IRQHandler
                0x0000000008000a00                USART2_IRQHandler
                0x0000000008000a00                DFSDM1_FLT0_IRQHandler
                0x0000000008000a00                I2C2_ER_IRQHandler
                0x0000000008000a00                DMA1_Channel2_IRQHandler
                0x0000000008000a00                TIM8_BRK_IRQHandler
                0x0000000008000a00                CAN1_SCE_IRQHandler
                0x0000000008000a00                FLASH_IRQHandler
                0x0000000008000a00                USART1_IRQHandler
                0x0000000008000a00                OTG_FS_IRQHandler
                0x0000000008000a00                SPI3_IRQHandler
                0x0000000008000a00                I2C1_ER_IRQHandler
                0x0000000008000a00                FMC_IRQHandler
                0x0000000008000a00                SWPMI1_IRQHandler
                0x0000000008000a00                LPTIM1_IRQHandler
                0x0000000008000a00                SAI1_IRQHandler
                0x0000000008000a00                DMA2_Channel3_IRQHandler
                0x0000000008000a00                TIM1_BRK_TIM15_IRQHandler
 *fill*         0x0000000008000a02        0x2 
 .text.HAL_InitTick
                0x0000000008000a04       0x50 CMakeFiles/05_UART_Transmission.elf.dir/Drivers/STM32L4xx_HAL_Driver/Src/stm32l4xx_hal.c.obj
                0x0000000008000a04                HAL_InitTick
 .text.HAL_Init
                0x0000000008000a54       0x2c CMakeFiles/05_UART_Transmission.elf.dir/Drivers/STM32L4xx_HAL_Driver/Src/stm32l4xx_hal.c.obj
                0x0000000008000a54                HAL_Init
 .text.HAL_IncTick
                0x0000000008000a80       0x18 CMakeFiles/05_UART_Transmission.elf.dir/Drivers/STM32L4xx_HAL_Driver/Src/stm32l4xx_hal.c.obj
                0x0000000008000a80                HAL_IncTick
 .text.HAL_GetTick
                0x0000000008000a98        0xc CMakeFiles/05_UART_Transmission.elf.dir/Drivers/STM32L4xx_HAL_Driver/Src/stm32l4xx_hal.c.obj
                0x0000000008000a98                HAL_GetTick
 .text.HAL_Delay
                0x0000000008000aa4       0x28 CMakeFiles/05_UART_Transmission.elf.dir/Drivers/STM32L4xx_HAL_Driver/Src/stm32l4xx_hal.c.obj
                0x0000000008000aa4                HAL_Delay
 .text.HAL_NVIC_SetPriorityGrouping
                0x0000000008000acc       0x24 CMakeFiles/05_UART_Transmission.elf.dir/Drivers/STM32L4xx_HAL_Driver/Src/stm32l4xx_hal_cortex.c.obj
                0x0000000008000acc                HAL_NVIC_SetPriorityGrouping
 .text.HAL_NVIC_SetPriority
                0x0000000008000af0       0x70 CMakeFiles/05_UART_Transmission.elf.dir/Drivers/STM32L4xx_HAL_Driver/Src/stm32l4xx_hal_cortex.c.obj
                0x0000000008000af0                HAL_NVIC_SetPriority
 .text.HAL_NVIC_EnableIRQ
                0x0000000008000b60       0x1c CMakeFiles/05_UART_Transmission.elf.dir/Drivers/STM32L4xx_HAL_Driver/Src/stm32l4xx_hal_cortex.c.obj
                0x0000000008000b60                HAL_NVIC_EnableIRQ
 .text.HAL_SYSTICK_Config
                0x0000000008000b7c       0x28 CMakeFiles/05_UART_Transmission.elf.dir/Drivers/STM32L4xx_HAL_Driver/Src/stm32l4xx_hal_cortex.c.obj
                0x0000000008000b7c                HAL_SYSTICK_Config
 .text.HAL_GPIO_Init
                0x0000000008000ba4      0x20c CMakeFiles/05_UART_Transmission.elf.dir/Drivers/STM32L4xx_HAL_Driver/Src/stm32l4xx_hal_gpio.c.obj
                0x0000000008000ba4                HAL_GPIO_Init
 .text.HAL_GPIO_ReadPin
                0x0000000008000db0        0xe CMakeFiles/05_UART_Transmission.elf.dir/Drivers/STM32L4xx_HAL_Driver/Src/stm32l4xx_hal_gpio.c.obj
                0x0000000008000db0                HAL_GPIO_ReadPin
 .text.HAL_GPIO_WritePin
                0x0000000008000dbe        0xa CMakeFiles/05_UART_Transmission.elf.dir/Drivers/STM32L4xx_HAL_Driver/Src/stm32l4xx_hal_gpio.c.obj
                0x0000000008000dbe                HAL_GPIO_WritePin
 .text.HAL_GPIO_EXTI_Callback
                0x0000000008000dc8        0x2 CMakeFiles/05_UART_Transmission.elf.dir/Drivers/STM32L4xx_HAL_Driver/Src/stm32l4xx_hal_gpio.c.obj
                0x0000000008000dc8                HAL_GPIO_EXTI_Callback
 *fill*         0x0000000008000dca        0x2 
 .text.HAL_GPIO_EXTI_IRQHandler
                0x0000000008000dcc       0x1c CMakeFiles/05_UART_Transmission.elf.dir/Drivers/STM32L4xx_HAL_Driver/Src/stm32l4xx_hal_gpio.c.obj
                0x0000000008000dcc                HAL_GPIO_EXTI_IRQHandler
 .text.HAL_PWREx_GetVoltageRange
                0x0000000008000de8       0x10 CMakeFiles/05_UART_Transmission.elf.dir/Drivers/STM32L4xx_HAL_Driver/Src/stm32l4xx_hal_pwr_ex.c.obj
                0x0000000008000de8                HAL_PWREx_GetVoltageRange
 .text.HAL_PWREx_ControlVoltageScaling
                0x0000000008000df8       0x90 CMakeFiles/05_UART_Transmission.elf.dir/Drivers/STM32L4xx_HAL_Driver/Src/stm32l4xx_hal_pwr_ex.c.obj
                0x0000000008000df8                HAL_PWREx_ControlVoltageScaling
 .text.RCC_SetFlashLatencyFromMSIRange
                0x0000000008000e88       0x90 CMakeFiles/05_UART_Transmission.elf.dir/Drivers/STM32L4xx_HAL_Driver/Src/stm32l4xx_hal_rcc.c.obj
 .text.HAL_RCC_GetSysClockFreq
                0x0000000008000f18       0xb4 CMakeFiles/05_UART_Transmission.elf.dir/Drivers/STM32L4xx_HAL_Driver/Src/stm32l4xx_hal_rcc.c.obj
                0x0000000008000f18                HAL_RCC_GetSysClockFreq
 .text.HAL_RCC_OscConfig
                0x0000000008000fcc      0x61c CMakeFiles/05_UART_Transmission.elf.dir/Drivers/STM32L4xx_HAL_Driver/Src/stm32l4xx_hal_rcc.c.obj
                0x0000000008000fcc                HAL_RCC_OscConfig
 .text.HAL_RCC_ClockConfig
                0x00000000080015e8      0x188 CMakeFiles/05_UART_Transmission.elf.dir/Drivers/STM32L4xx_HAL_Driver/Src/stm32l4xx_hal_rcc.c.obj
                0x00000000080015e8                HAL_RCC_ClockConfig
 .text.HAL_RCC_GetHCLKFreq
                0x0000000008001770        0xc CMakeFiles/05_UART_Transmission.elf.dir/Drivers/STM32L4xx_HAL_Driver/Src/stm32l4xx_hal_rcc.c.obj
                0x0000000008001770                HAL_RCC_GetHCLKFreq
 .text.HAL_RCC_GetPCLK1Freq
                0x000000000800177c       0x24 CMakeFiles/05_UART_Transmission.elf.dir/Drivers/STM32L4xx_HAL_Driver/Src/stm32l4xx_hal_rcc.c.obj
                0x000000000800177c                HAL_RCC_GetPCLK1Freq
 .text.HAL_RCC_GetPCLK2Freq
                0x00000000080017a0       0x24 CMakeFiles/05_UART_Transmission.elf.dir/Drivers/STM32L4xx_HAL_Driver/Src/stm32l4xx_hal_rcc.c.obj
                0x00000000080017a0                HAL_RCC_GetPCLK2Freq
 .text.RCCEx_PLLSAI1_Config
                0x00000000080017c4      0x170 CMakeFiles/05_UART_Transmission.elf.dir/Drivers/STM32L4xx_HAL_Driver/Src/stm32l4xx_hal_rcc_ex.c.obj
 .text.RCCEx_PLLSAI2_Config
                0x0000000008001934      0x14c CMakeFiles/05_UART_Transmission.elf.dir/Drivers/STM32L4xx_HAL_Driver/Src/stm32l4xx_hal_rcc_ex.c.obj
 .text.HAL_RCCEx_PeriphCLKConfig
                0x0000000008001a80      0x454 CMakeFiles/05_UART_Transmission.elf.dir/Drivers/STM32L4xx_HAL_Driver/Src/stm32l4xx_hal_rcc_ex.c.obj
                0x0000000008001a80                HAL_RCCEx_PeriphCLKConfig
 .text.UART_EndRxTransfer
                0x0000000008001ed4       0x52 CMakeFiles/05_UART_Transmission.elf.dir/Drivers/STM32L4xx_HAL_Driver/Src/stm32l4xx_hal_uart.c.obj
 *fill*         0x0000000008001f26        0x2 
 .text.UART_SetConfig
                0x0000000008001f28      0x328 CMakeFiles/05_UART_Transmission.elf.dir/Drivers/STM32L4xx_HAL_Driver/Src/stm32l4xx_hal_uart.c.obj
                0x0000000008001f28                UART_SetConfig
 .text.UART_AdvFeatureConfig
                0x0000000008002250       0xca CMakeFiles/05_UART_Transmission.elf.dir/Drivers/STM32L4xx_HAL_Driver/Src/stm32l4xx_hal_uart.c.obj
                0x0000000008002250                UART_AdvFeatureConfig
 .text.UART_WaitOnFlagUntilTimeout
                0x000000000800231a       0x9a CMakeFiles/05_UART_Transmission.elf.dir/Drivers/STM32L4xx_HAL_Driver/Src/stm32l4xx_hal_uart.c.obj
                0x000000000800231a                UART_WaitOnFlagUntilTimeout
 .text.HAL_UART_Transmit
                0x00000000080023b4       0xc8 CMakeFiles/05_UART_Transmission.elf.dir/Drivers/STM32L4xx_HAL_Driver/Src/stm32l4xx_hal_uart.c.obj
                0x00000000080023b4                HAL_UART_Transmit
 .text.UART_CheckIdleState
                0x000000000800247c       0xc6 CMakeFiles/05_UART_Transmission.elf.dir/Drivers/STM32L4xx_HAL_Driver/Src/stm32l4xx_hal_uart.c.obj
                0x000000000800247c                UART_CheckIdleState
 .text.HAL_UART_Init
                0x0000000008002542       0x62 CMakeFiles/05_UART_Transmission.elf.dir/Drivers/STM32L4xx_HAL_Driver/Src/stm32l4xx_hal_uart.c.obj
                0x0000000008002542                HAL_UART_Init
 .text.startup  0x00000000080025a4       0x14 /usr/lib/gcc/arm-none-eabi/10.3.1/../../../arm-none-eabi/lib/thumb/v7e-m/nofp/libg.a(lib_a-__call_atexit.o)
 *(.glue_7)
 .glue_7        0x00000000080025b8        0x0 linker stubs
 *(.glue_7t)
 .glue_7t       0x00000000080025b8        0x0 linker stubs
 *(.eh_frame)
 .eh_frame      0x00000000080025b8        0x0 /usr/lib/gcc/arm-none-eabi/10.3.1/thumb/v7e-m/nofp/crtbegin.o
 *(.init)
 .init          0x00000000080025b8        0x4 /usr/lib/gcc/arm-none-eabi/10.3.1/thumb/v7e-m/nofp/crti.o
                0x00000000080025b8                _init
 .init          0x00000000080025bc        0x8 /usr/lib/gcc/arm-none-eabi/10.3.1/thumb/v7e-m/nofp/crtn.o
 *(.fini)
 .fini          0x00000000080025c4        0x4 /usr/lib/gcc/arm-none-eabi/10.3.1/thumb/v7e-m/nofp/crti.o
                0x00000000080025c4                _fini
 .fini          0x00000000080025c8        0x8 /usr/lib/gcc/arm-none-eabi/10.3.1/thumb/v7e-m/nofp/crtn.o
                0x00000000080025d0                . = ALIGN (0x4)
                0x00000000080025d0                _etext = .

.vfp11_veneer   0x00000000080025d0        0x0
 .vfp11_veneer  0x00000000080025d0        0x0 linker stubs

.v4_bx          0x00000000080025d0        0x0
 .v4_bx         0x00000000080025d0        0x0 linker stubs

.iplt           0x00000000080025d0        0x0
 .iplt          0x00000000080025d0        0x0 /usr/lib/gcc/arm-none-eabi/10.3.1/thumb/v7e-m/nofp/crtbegin.o

.rodata         0x00000000080025d0       0x68
                0x00000000080025d0                . = ALIGN (0x4)
 *(.rodata)
 .rodata        0x00000000080025d0        0x4 /usr/lib/gcc/arm-none-eabi/10.3.1/../../../arm-none-eabi/lib/thumb/v7e-m/nofp/libg.a(lib_a-impure.o)
                0x00000000080025d0                _global_impure_ptr
 *(.rodata*)
 .rodata.main.str1.4
                0x00000000080025d4       0x1a CMakeFiles/05_UART_Transmission.elf.dir/Core/Src/main.c.obj
 *fill*         0x00000000080025ee        0x2 
 .rodata.AHBPrescTable
                0x00000000080025f0       0x10 CMakeFiles/05_UART_Transmission.elf.dir/Core/Src/system_stm32l4xx.c.obj
                0x00000000080025f0                AHBPrescTable
 .rodata.APBPrescTable
                0x0000000008002600        0x8 CMakeFiles/05_UART_Transmission.elf.dir/Core/Src/system_stm32l4xx.c.obj
                0x0000000008002600                APBPrescTable
 .rodata.MSIRangeTable
                0x0000000008002608       0x30 CMakeFiles/05_UART_Transmission.elf.dir/Core/Src/system_stm32l4xx.c.obj
                0x0000000008002608                MSIRangeTable
                0x0000000008002638                . = ALIGN (0x4)

.ARM.extab      0x0000000008002638        0x0
                0x0000000008002638                . = ALIGN (0x4)
 *(.ARM.extab* .gnu.linkonce.armextab.*)
                0x0000000008002638                . = ALIGN (0x4)

.ARM            0x0000000008002638        0x8
                0x0000000008002638                . = ALIGN (0x4)
                0x0000000008002638                __exidx_start = .
 *(.ARM.exidx*)
 .ARM.exidx     0x0000000008002638        0x8 /usr/lib/gcc/arm-none-eabi/10.3.1/thumb/v7e-m/nofp/libgcc.a(_udivmoddi4.o)
                0x0000000008002640                __exidx_end = .
                0x0000000008002640                . = ALIGN (0x4)

.preinit_array  0x0000000008002640        0x0
                0x0000000008002640                . = ALIGN (0x4)
                0x0000000008002640                PROVIDE (__preinit_array_start = .)
 *(.preinit_array*)
                0x0000000008002640                PROVIDE (__preinit_array_end = .)
                0x0000000008002640                . = ALIGN (0x4)

.init_array     0x0000000008002640        0x8
                0x0000000008002640                . = ALIGN (0x4)
                0x0000000008002640                PROVIDE (__init_array_start = .)
 *(SORT_BY_NAME(.init_array.*))
 .init_array.00000
                0x0000000008002640        0x4 /usr/lib/gcc/arm-none-eabi/10.3.1/../../../arm-none-eabi/lib/thumb/v7e-m/nofp/libg.a(lib_a-__call_atexit.o)
 *(.init_array*)
 .init_array    0x0000000008002644        0x4 /usr/lib/gcc/arm-none-eabi/10.3.1/thumb/v7e-m/nofp/crtbegin.o
                0x0000000008002648                PROVIDE (__init_array_end = .)
                0x0000000008002648                . = ALIGN (0x4)

.fini_array     0x0000000008002648        0x4
                0x0000000008002648                . = ALIGN (0x4)
                0x0000000008002648                PROVIDE (__fini_array_start = .)
 *(SORT_BY_NAME(.fini_array.*))
 *(.fini_array*)
 .fini_array    0x0000000008002648        0x4 /usr/lib/gcc/arm-none-eabi/10.3.1/thumb/v7e-m/nofp/crtbegin.o
                0x000000000800264c                PROVIDE (__fini_array_end = .)
                0x000000000800264c                . = ALIGN (0x4)
                0x000000000800264c                _sidata = LOADADDR (.data)

.rel.dyn        0x000000000800264c        0x0
 .rel.iplt      0x000000000800264c        0x0 /usr/lib/gcc/arm-none-eabi/10.3.1/thumb/v7e-m/nofp/crtbegin.o

.data           0x0000000020000000      0x43c load address 0x000000000800264c
                0x0000000020000000                . = ALIGN (0x4)
                0x0000000020000000                _sdata = .
 *(.data)
 .data          0x0000000020000000      0x430 /usr/lib/gcc/arm-none-eabi/10.3.1/../../../arm-none-eabi/lib/thumb/v7e-m/nofp/libg.a(lib_a-impure.o)
                0x0000000020000000                _impure_ptr
 *(.data*)
 .data.SystemCoreClock
                0x0000000020000430        0x4 CMakeFiles/05_UART_Transmission.elf.dir/Core/Src/system_stm32l4xx.c.obj
                0x0000000020000430                SystemCoreClock
 .data.uwTickFreq
                0x0000000020000434        0x1 CMakeFiles/05_UART_Transmission.elf.dir/Drivers/STM32L4xx_HAL_Driver/Src/stm32l4xx_hal.c.obj
                0x0000000020000434                uwTickFreq
 *fill*         0x0000000020000435        0x3 
 .data.uwTickPrio
                0x0000000020000438        0x4 CMakeFiles/05_UART_Transmission.elf.dir/Drivers/STM32L4xx_HAL_Driver/Src/stm32l4xx_hal.c.obj
                0x0000000020000438                uwTickPrio
 *(.RamFunc)
 *(.RamFunc*)
                0x000000002000043c                . = ALIGN (0x4)
                0x000000002000043c                _edata = .

.tm_clone_table
                0x000000002000043c        0x0 load address 0x0000000008002a88
 .tm_clone_table
                0x000000002000043c        0x0 /usr/lib/gcc/arm-none-eabi/10.3.1/thumb/v7e-m/nofp/crtbegin.o
 .tm_clone_table
                0x000000002000043c        0x0 /usr/lib/gcc/arm-none-eabi/10.3.1/thumb/v7e-m/nofp/crtend.o

.igot.plt       0x000000002000043c        0x0 load address 0x0000000008002a88
 .igot.plt      0x000000002000043c        0x0 /usr/lib/gcc/arm-none-eabi/10.3.1/thumb/v7e-m/nofp/crtbegin.o
                0x000000002000043c                . = ALIGN (0x4)

.bss            0x000000002000043c       0xe8 load address 0x0000000008002a88
                0x000000002000043c                _sbss = .
                0x000000002000043c                __bss_start__ = _sbss
 *(.bss)
 .bss           0x000000002000043c       0x1c /usr/lib/gcc/arm-none-eabi/10.3.1/thumb/v7e-m/nofp/crtbegin.o
 *(.bss*)
 .bss.buttonState
                0x0000000020000458        0x1 CMakeFiles/05_UART_Transmission.elf.dir/Core/Src/main.c.obj
                0x0000000020000458                buttonState
 *fill*         0x0000000020000459        0x3 
 .bss.huart2    0x000000002000045c       0x88 CMakeFiles/05_UART_Transmission.elf.dir/Core/Src/main.c.obj
                0x000000002000045c                huart2
 .bss.uart_buf  0x00000000200004e4       0x32 CMakeFiles/05_UART_Transmission.elf.dir/Core/Src/main.c.obj
                0x00000000200004e4                uart_buf
 *fill*         0x0000000020000516        0x2 
 .bss.uart_buf_length
                0x0000000020000518        0x4 CMakeFiles/05_UART_Transmission.elf.dir/Core/Src/main.c.obj
                0x0000000020000518                uart_buf_length
 .bss.currentPinState
                0x000000002000051c        0x1 CMakeFiles/05_UART_Transmission.elf.dir/Core/Src/stm32l4xx_it.c.obj
                0x000000002000051c                currentPinState
 *fill*         0x000000002000051d        0x3 
 .bss.uwTick    0x0000000020000520        0x4 CMakeFiles/05_UART_Transmission.elf.dir/Drivers/STM32L4xx_HAL_Driver/Src/stm32l4xx_hal.c.obj
                0x0000000020000520                uwTick
 *(COMMON)
                0x0000000020000524                . = ALIGN (0x4)
                0x0000000020000524                _ebss = .
                0x0000000020000524                __bss_end__ = _ebss

._user_heap_stack
                0x0000000020000524      0x604 load address 0x0000000008002a88
                0x0000000020000528                . = ALIGN (0x8)
 *fill*         0x0000000020000524        0x4 
                [!provide]                        PROVIDE (end = .)
                0x0000000020000528                PROVIDE (_end = .)
                0x0000000020000728                . = (. + _Min_Heap_Size)
 *fill*         0x0000000020000528      0x200 
                0x0000000020000b28                . = (. + _Min_Stack_Size)
 *fill*         0x0000000020000728      0x400 
                0x0000000020000b28                . = ALIGN (0x8)

/DISCARD/
 libc.a(*)
 libm.a(*)
 libgcc.a(*)

.ARM.attributes
                0x0000000000000000       0x2a
 *(.ARM.attributes)
 .ARM.attributes
                0x0000000000000000       0x1e /usr/lib/gcc/arm-none-eabi/10.3.1/thumb/v7e-m/nofp/crti.o
 .ARM.attributes
                0x000000000000001e       0x2e /usr/lib/gcc/arm-none-eabi/10.3.1/thumb/v7e-m/nofp/crtbegin.o
 .ARM.attributes
                0x000000000000004c       0x2e CMakeFiles/05_UART_Transmission.elf.dir/Core/Src/main.c.obj
 .ARM.attributes
                0x000000000000007a       0x2e CMakeFiles/05_UART_Transmission.elf.dir/Core/Src/stm32l4xx_hal_msp.c.obj
 .ARM.attributes
                0x00000000000000a8       0x2e CMakeFiles/05_UART_Transmission.elf.dir/Core/Src/stm32l4xx_it.c.obj
 .ARM.attributes
                0x00000000000000d6       0x2e CMakeFiles/05_UART_Transmission.elf.dir/Core/Src/system_stm32l4xx.c.obj
 .ARM.attributes
                0x0000000000000104       0x21 CMakeFiles/05_UART_Transmission.elf.dir/Core/Startup/startup_stm32l476rgtx.s.obj
 .ARM.attributes
                0x0000000000000125       0x2e CMakeFiles/05_UART_Transmission.elf.dir/Drivers/STM32L4xx_HAL_Driver/Src/stm32l4xx_hal.c.obj
 .ARM.attributes
                0x0000000000000153       0x2e CMakeFiles/05_UART_Transmission.elf.dir/Drivers/STM32L4xx_HAL_Driver/Src/stm32l4xx_hal_cortex.c.obj
 .ARM.attributes
                0x0000000000000181       0x2e CMakeFiles/05_UART_Transmission.elf.dir/Drivers/STM32L4xx_HAL_Driver/Src/stm32l4xx_hal_gpio.c.obj
 .ARM.attributes
                0x00000000000001af       0x2e CMakeFiles/05_UART_Transmission.elf.dir/Drivers/STM32L4xx_HAL_Driver/Src/stm32l4xx_hal_pwr_ex.c.obj
 .ARM.attributes
                0x00000000000001dd       0x2e CMakeFiles/05_UART_Transmission.elf.dir/Drivers/STM32L4xx_HAL_Driver/Src/stm32l4xx_hal_rcc.c.obj
 .ARM.attributes
                0x000000000000020b       0x2e CMakeFiles/05_UART_Transmission.elf.dir/Drivers/STM32L4xx_HAL_Driver/Src/stm32l4xx_hal_rcc_ex.c.obj
 .ARM.attributes
                0x0000000000000239       0x2e CMakeFiles/05_UART_Transmission.elf.dir/Drivers/STM32L4xx_HAL_Driver/Src/stm32l4xx_hal_uart.c.obj
 .ARM.attributes
                0x0000000000000267       0x1e /usr/lib/gcc/arm-none-eabi/10.3.1/thumb/v7e-m/nofp/libgcc.a(_aeabi_uldivmod.o)
 .ARM.attributes
                0x0000000000000285       0x2e /usr/lib/gcc/arm-none-eabi/10.3.1/thumb/v7e-m/nofp/libgcc.a(_udivmoddi4.o)
 .ARM.attributes
                0x00000000000002b3       0x1e /usr/lib/gcc/arm-none-eabi/10.3.1/thumb/v7e-m/nofp/libgcc.a(_dvmd_tls.o)
 .ARM.attributes
                0x00000000000002d1       0x2e /usr/lib/gcc/arm-none-eabi/10.3.1/../../../arm-none-eabi/lib/thumb/v7e-m/nofp/libg.a(lib_a-atexit.o)
 .ARM.attributes
                0x00000000000002ff       0x2e /usr/lib/gcc/arm-none-eabi/10.3.1/../../../arm-none-eabi/lib/thumb/v7e-m/nofp/libg.a(lib_a-fini.o)
 .ARM.attributes
                0x000000000000032d       0x2e /usr/lib/gcc/arm-none-eabi/10.3.1/../../../arm-none-eabi/lib/thumb/v7e-m/nofp/libg.a(lib_a-impure.o)
 .ARM.attributes
                0x000000000000035b       0x2e /usr/lib/gcc/arm-none-eabi/10.3.1/../../../arm-none-eabi/lib/thumb/v7e-m/nofp/libg.a(lib_a-init.o)
 .ARM.attributes
                0x0000000000000389       0x2e /usr/lib/gcc/arm-none-eabi/10.3.1/../../../arm-none-eabi/lib/thumb/v7e-m/nofp/libg.a(lib_a-memset.o)
 .ARM.attributes
                0x00000000000003b7       0x2e /usr/lib/gcc/arm-none-eabi/10.3.1/../../../arm-none-eabi/lib/thumb/v7e-m/nofp/libg.a(lib_a-__atexit.o)
 .ARM.attributes
                0x00000000000003e5       0x2e /usr/lib/gcc/arm-none-eabi/10.3.1/../../../arm-none-eabi/lib/thumb/v7e-m/nofp/libg.a(lib_a-__call_atexit.o)
 .ARM.attributes
                0x0000000000000413       0x2e /usr/lib/gcc/arm-none-eabi/10.3.1/thumb/v7e-m/nofp/crtend.o
 .ARM.attributes
                0x0000000000000441       0x1e /usr/lib/gcc/arm-none-eabi/10.3.1/thumb/v7e-m/nofp/crtn.o
OUTPUT(05_UART_Transmission.elf elf32-littlearm)
LOAD linker stubs
LOAD /usr/lib/gcc/arm-none-eabi/10.3.1/../../../arm-none-eabi/lib/thumb/v7e-m/nofp/libc.a
LOAD /usr/lib/gcc/arm-none-eabi/10.3.1/../../../arm-none-eabi/lib/thumb/v7e-m/nofp/libm.a
LOAD /usr/lib/gcc/arm-none-eabi/10.3.1/thumb/v7e-m/nofp/libgcc.a

.comment        0x0000000000000000       0x33
 .comment       0x0000000000000000       0x33 /usr/lib/gcc/arm-none-eabi/10.3.1/thumb/v7e-m/nofp/crtbegin.o
                                         0x34 (size before relaxing)
 .comment       0x0000000000000033       0x34 CMakeFiles/05_UART_Transmission.elf.dir/Core/Src/main.c.obj
 .comment       0x0000000000000033       0x34 CMakeFiles/05_UART_Transmission.elf.dir/Core/Src/stm32l4xx_hal_msp.c.obj
 .comment       0x0000000000000033       0x34 CMakeFiles/05_UART_Transmission.elf.dir/Core/Src/stm32l4xx_it.c.obj
 .comment       0x0000000000000033       0x34 CMakeFiles/05_UART_Transmission.elf.dir/Core/Src/system_stm32l4xx.c.obj
 .comment       0x0000000000000033       0x34 CMakeFiles/05_UART_Transmission.elf.dir/Drivers/STM32L4xx_HAL_Driver/Src/stm32l4xx_hal.c.obj
 .comment       0x0000000000000033       0x34 CMakeFiles/05_UART_Transmission.elf.dir/Drivers/STM32L4xx_HAL_Driver/Src/stm32l4xx_hal_cortex.c.obj
 .comment       0x0000000000000033       0x34 CMakeFiles/05_UART_Transmission.elf.dir/Drivers/STM32L4xx_HAL_Driver/Src/stm32l4xx_hal_gpio.c.obj
 .comment       0x0000000000000033       0x34 CMakeFiles/05_UART_Transmission.elf.dir/Drivers/STM32L4xx_HAL_Driver/Src/stm32l4xx_hal_pwr_ex.c.obj
 .comment       0x0000000000000033       0x34 CMakeFiles/05_UART_Transmission.elf.dir/Drivers/STM32L4xx_HAL_Driver/Src/stm32l4xx_hal_rcc.c.obj
 .comment       0x0000000000000033       0x34 CMakeFiles/05_UART_Transmission.elf.dir/Drivers/STM32L4xx_HAL_Driver/Src/stm32l4xx_hal_rcc_ex.c.obj
 .comment       0x0000000000000033       0x34 CMakeFiles/05_UART_Transmission.elf.dir/Drivers/STM32L4xx_HAL_Driver/Src/stm32l4xx_hal_uart.c.obj
 .comment       0x0000000000000033       0x34 /usr/lib/gcc/arm-none-eabi/10.3.1/thumb/v7e-m/nofp/libgcc.a(_udivmoddi4.o)
 .comment       0x0000000000000033       0x34 /usr/lib/gcc/arm-none-eabi/10.3.1/../../../arm-none-eabi/lib/thumb/v7e-m/nofp/libg.a(lib_a-atexit.o)
 .comment       0x0000000000000033       0x34 /usr/lib/gcc/arm-none-eabi/10.3.1/../../../arm-none-eabi/lib/thumb/v7e-m/nofp/libg.a(lib_a-fini.o)
 .comment       0x0000000000000033       0x34 /usr/lib/gcc/arm-none-eabi/10.3.1/../../../arm-none-eabi/lib/thumb/v7e-m/nofp/libg.a(lib_a-impure.o)
 .comment       0x0000000000000033       0x34 /usr/lib/gcc/arm-none-eabi/10.3.1/../../../arm-none-eabi/lib/thumb/v7e-m/nofp/libg.a(lib_a-init.o)
 .comment       0x0000000000000033       0x34 /usr/lib/gcc/arm-none-eabi/10.3.1/../../../arm-none-eabi/lib/thumb/v7e-m/nofp/libg.a(lib_a-memset.o)
 .comment       0x0000000000000033       0x34 /usr/lib/gcc/arm-none-eabi/10.3.1/../../../arm-none-eabi/lib/thumb/v7e-m/nofp/libg.a(lib_a-__atexit.o)
 .comment       0x0000000000000033       0x34 /usr/lib/gcc/arm-none-eabi/10.3.1/../../../arm-none-eabi/lib/thumb/v7e-m/nofp/libg.a(lib_a-__call_atexit.o)
 .comment       0x0000000000000033       0x34 /usr/lib/gcc/arm-none-eabi/10.3.1/thumb/v7e-m/nofp/crtend.o

.debug_info     0x0000000000000000     0xf3f6
 .debug_info    0x0000000000000000     0x11cb CMakeFiles/05_UART_Transmission.elf.dir/Core/Src/main.c.obj
 .debug_info    0x00000000000011cb      0xda5 CMakeFiles/05_UART_Transmission.elf.dir/Core/Src/stm32l4xx_hal_msp.c.obj
 .debug_info    0x0000000000001f70      0x3a1 CMakeFiles/05_UART_Transmission.elf.dir/Core/Src/stm32l4xx_it.c.obj
 .debug_info    0x0000000000002311      0x40d CMakeFiles/05_UART_Transmission.elf.dir/Core/Src/system_stm32l4xx.c.obj
 .debug_info    0x000000000000271e       0x22 CMakeFiles/05_UART_Transmission.elf.dir/Core/Startup/startup_stm32l476rgtx.s.obj
 .debug_info    0x0000000000002740      0xcdc CMakeFiles/05_UART_Transmission.elf.dir/Drivers/STM32L4xx_HAL_Driver/Src/stm32l4xx_hal.c.obj
 .debug_info    0x000000000000341c     0x107a CMakeFiles/05_UART_Transmission.elf.dir/Drivers/STM32L4xx_HAL_Driver/Src/stm32l4xx_hal_cortex.c.obj
 .debug_info    0x0000000000004496      0x83f CMakeFiles/05_UART_Transmission.elf.dir/Drivers/STM32L4xx_HAL_Driver/Src/stm32l4xx_hal_gpio.c.obj
 .debug_info    0x0000000000004cd5      0xa8a CMakeFiles/05_UART_Transmission.elf.dir/Drivers/STM32L4xx_HAL_Driver/Src/stm32l4xx_hal_pwr_ex.c.obj
 .debug_info    0x000000000000575f      0xf1b CMakeFiles/05_UART_Transmission.elf.dir/Drivers/STM32L4xx_HAL_Driver/Src/stm32l4xx_hal_rcc.c.obj
 .debug_info    0x000000000000667a     0x1244 CMakeFiles/05_UART_Transmission.elf.dir/Drivers/STM32L4xx_HAL_Driver/Src/stm32l4xx_hal_rcc_ex.c.obj
 .debug_info    0x00000000000078be     0x526b CMakeFiles/05_UART_Transmission.elf.dir/Drivers/STM32L4xx_HAL_Driver/Src/stm32l4xx_hal_uart.c.obj
 .debug_info    0x000000000000cb29       0x26 /usr/lib/gcc/arm-none-eabi/10.3.1/thumb/v7e-m/nofp/libgcc.a(_aeabi_uldivmod.o)
 .debug_info    0x000000000000cb4f      0x717 /usr/lib/gcc/arm-none-eabi/10.3.1/thumb/v7e-m/nofp/libgcc.a(_udivmoddi4.o)
 .debug_info    0x000000000000d266       0x26 /usr/lib/gcc/arm-none-eabi/10.3.1/thumb/v7e-m/nofp/libgcc.a(_dvmd_tls.o)
 .debug_info    0x000000000000d28c      0x100 /usr/lib/gcc/arm-none-eabi/10.3.1/../../../arm-none-eabi/lib/thumb/v7e-m/nofp/libg.a(lib_a-atexit.o)
 .debug_info    0x000000000000d38c      0x102 /usr/lib/gcc/arm-none-eabi/10.3.1/../../../arm-none-eabi/lib/thumb/v7e-m/nofp/libg.a(lib_a-fini.o)
 .debug_info    0x000000000000d48e      0x92a /usr/lib/gcc/arm-none-eabi/10.3.1/../../../arm-none-eabi/lib/thumb/v7e-m/nofp/libg.a(lib_a-impure.o)
 .debug_info    0x000000000000ddb8      0x11a /usr/lib/gcc/arm-none-eabi/10.3.1/../../../arm-none-eabi/lib/thumb/v7e-m/nofp/libg.a(lib_a-init.o)
 .debug_info    0x000000000000ded2      0x137 /usr/lib/gcc/arm-none-eabi/10.3.1/../../../arm-none-eabi/lib/thumb/v7e-m/nofp/libg.a(lib_a-memset.o)
 .debug_info    0x000000000000e009      0x9b0 /usr/lib/gcc/arm-none-eabi/10.3.1/../../../arm-none-eabi/lib/thumb/v7e-m/nofp/libg.a(lib_a-__atexit.o)
 .debug_info    0x000000000000e9b9      0xa3d /usr/lib/gcc/arm-none-eabi/10.3.1/../../../arm-none-eabi/lib/thumb/v7e-m/nofp/libg.a(lib_a-__call_atexit.o)

.debug_abbrev   0x0000000000000000     0x2315
 .debug_abbrev  0x0000000000000000      0x264 CMakeFiles/05_UART_Transmission.elf.dir/Core/Src/main.c.obj
 .debug_abbrev  0x0000000000000264      0x1d2 CMakeFiles/05_UART_Transmission.elf.dir/Core/Src/stm32l4xx_hal_msp.c.obj
 .debug_abbrev  0x0000000000000436      0x14c CMakeFiles/05_UART_Transmission.elf.dir/Core/Src/stm32l4xx_it.c.obj
 .debug_abbrev  0x0000000000000582      0x119 CMakeFiles/05_UART_Transmission.elf.dir/Core/Src/system_stm32l4xx.c.obj
 .debug_abbrev  0x000000000000069b       0x12 CMakeFiles/05_UART_Transmission.elf.dir/Core/Startup/startup_stm32l476rgtx.s.obj
 .debug_abbrev  0x00000000000006ad      0x22a CMakeFiles/05_UART_Transmission.elf.dir/Drivers/STM32L4xx_HAL_Driver/Src/stm32l4xx_hal.c.obj
 .debug_abbrev  0x00000000000008d7      0x36a CMakeFiles/05_UART_Transmission.elf.dir/Drivers/STM32L4xx_HAL_Driver/Src/stm32l4xx_hal_cortex.c.obj
 .debug_abbrev  0x0000000000000c41      0x1e6 CMakeFiles/05_UART_Transmission.elf.dir/Drivers/STM32L4xx_HAL_Driver/Src/stm32l4xx_hal_gpio.c.obj
 .debug_abbrev  0x0000000000000e27      0x215 CMakeFiles/05_UART_Transmission.elf.dir/Drivers/STM32L4xx_HAL_Driver/Src/stm32l4xx_hal_pwr_ex.c.obj
 .debug_abbrev  0x000000000000103c      0x251 CMakeFiles/05_UART_Transmission.elf.dir/Drivers/STM32L4xx_HAL_Driver/Src/stm32l4xx_hal_rcc.c.obj
 .debug_abbrev  0x000000000000128d      0x275 CMakeFiles/05_UART_Transmission.elf.dir/Drivers/STM32L4xx_HAL_Driver/Src/stm32l4xx_hal_rcc_ex.c.obj
 .debug_abbrev  0x0000000000001502      0x2d9 CMakeFiles/05_UART_Transmission.elf.dir/Drivers/STM32L4xx_HAL_Driver/Src/stm32l4xx_hal_uart.c.obj
 .debug_abbrev  0x00000000000017db       0x14 /usr/lib/gcc/arm-none-eabi/10.3.1/thumb/v7e-m/nofp/libgcc.a(_aeabi_uldivmod.o)
 .debug_abbrev  0x00000000000017ef      0x163 /usr/lib/gcc/arm-none-eabi/10.3.1/thumb/v7e-m/nofp/libgcc.a(_udivmoddi4.o)
 .debug_abbrev  0x0000000000001952       0x14 /usr/lib/gcc/arm-none-eabi/10.3.1/thumb/v7e-m/nofp/libgcc.a(_dvmd_tls.o)
 .debug_abbrev  0x0000000000001966       0xb7 /usr/lib/gcc/arm-none-eabi/10.3.1/../../../arm-none-eabi/lib/thumb/v7e-m/nofp/libg.a(lib_a-atexit.o)
 .debug_abbrev  0x0000000000001a1d       0xcf /usr/lib/gcc/arm-none-eabi/10.3.1/../../../arm-none-eabi/lib/thumb/v7e-m/nofp/libg.a(lib_a-fini.o)
 .debug_abbrev  0x0000000000001aec      0x1b8 /usr/lib/gcc/arm-none-eabi/10.3.1/../../../arm-none-eabi/lib/thumb/v7e-m/nofp/libg.a(lib_a-impure.o)
 .debug_abbrev  0x0000000000001ca4       0xcc /usr/lib/gcc/arm-none-eabi/10.3.1/../../../arm-none-eabi/lib/thumb/v7e-m/nofp/libg.a(lib_a-init.o)
 .debug_abbrev  0x0000000000001d70       0xb4 /usr/lib/gcc/arm-none-eabi/10.3.1/../../../arm-none-eabi/lib/thumb/v7e-m/nofp/libg.a(lib_a-memset.o)
 .debug_abbrev  0x0000000000001e24      0x23f /usr/lib/gcc/arm-none-eabi/10.3.1/../../../arm-none-eabi/lib/thumb/v7e-m/nofp/libg.a(lib_a-__atexit.o)
 .debug_abbrev  0x0000000000002063      0x2b2 /usr/lib/gcc/arm-none-eabi/10.3.1/../../../arm-none-eabi/lib/thumb/v7e-m/nofp/libg.a(lib_a-__call_atexit.o)

.debug_aranges  0x0000000000000000      0x970
 .debug_aranges
                0x0000000000000000       0x40 CMakeFiles/05_UART_Transmission.elf.dir/Core/Src/main.c.obj
 .debug_aranges
                0x0000000000000040       0x30 CMakeFiles/05_UART_Transmission.elf.dir/Core/Src/stm32l4xx_hal_msp.c.obj
 .debug_aranges
                0x0000000000000070       0x68 CMakeFiles/05_UART_Transmission.elf.dir/Core/Src/stm32l4xx_it.c.obj
 .debug_aranges
                0x00000000000000d8       0x28 CMakeFiles/05_UART_Transmission.elf.dir/Core/Src/system_stm32l4xx.c.obj
 .debug_aranges
                0x0000000000000100       0x28 CMakeFiles/05_UART_Transmission.elf.dir/Core/Startup/startup_stm32l476rgtx.s.obj
 .debug_aranges
                0x0000000000000128      0x130 CMakeFiles/05_UART_Transmission.elf.dir/Drivers/STM32L4xx_HAL_Driver/Src/stm32l4xx_hal.c.obj
 .debug_aranges
                0x0000000000000258       0xa8 CMakeFiles/05_UART_Transmission.elf.dir/Drivers/STM32L4xx_HAL_Driver/Src/stm32l4xx_hal_cortex.c.obj
 .debug_aranges
                0x0000000000000300       0x58 CMakeFiles/05_UART_Transmission.elf.dir/Drivers/STM32L4xx_HAL_Driver/Src/stm32l4xx_hal_gpio.c.obj
 .debug_aranges
                0x0000000000000358      0x160 CMakeFiles/05_UART_Transmission.elf.dir/Drivers/STM32L4xx_HAL_Driver/Src/stm32l4xx_hal_pwr_ex.c.obj
 .debug_aranges
                0x00000000000004b8       0x90 CMakeFiles/05_UART_Transmission.elf.dir/Drivers/STM32L4xx_HAL_Driver/Src/stm32l4xx_hal_rcc.c.obj
 .debug_aranges
                0x0000000000000548       0xc0 CMakeFiles/05_UART_Transmission.elf.dir/Drivers/STM32L4xx_HAL_Driver/Src/stm32l4xx_hal_rcc_ex.c.obj
 .debug_aranges
                0x0000000000000608      0x228 CMakeFiles/05_UART_Transmission.elf.dir/Drivers/STM32L4xx_HAL_Driver/Src/stm32l4xx_hal_uart.c.obj
 .debug_aranges
                0x0000000000000830       0x20 /usr/lib/gcc/arm-none-eabi/10.3.1/thumb/v7e-m/nofp/libgcc.a(_aeabi_uldivmod.o)
 .debug_aranges
                0x0000000000000850       0x20 /usr/lib/gcc/arm-none-eabi/10.3.1/thumb/v7e-m/nofp/libgcc.a(_udivmoddi4.o)
 .debug_aranges
                0x0000000000000870       0x20 /usr/lib/gcc/arm-none-eabi/10.3.1/thumb/v7e-m/nofp/libgcc.a(_dvmd_tls.o)
 .debug_aranges
                0x0000000000000890       0x20 /usr/lib/gcc/arm-none-eabi/10.3.1/../../../arm-none-eabi/lib/thumb/v7e-m/nofp/libg.a(lib_a-atexit.o)
 .debug_aranges
                0x00000000000008b0       0x20 /usr/lib/gcc/arm-none-eabi/10.3.1/../../../arm-none-eabi/lib/thumb/v7e-m/nofp/libg.a(lib_a-fini.o)
 .debug_aranges
                0x00000000000008d0       0x18 /usr/lib/gcc/arm-none-eabi/10.3.1/../../../arm-none-eabi/lib/thumb/v7e-m/nofp/libg.a(lib_a-impure.o)
 .debug_aranges
                0x00000000000008e8       0x20 /usr/lib/gcc/arm-none-eabi/10.3.1/../../../arm-none-eabi/lib/thumb/v7e-m/nofp/libg.a(lib_a-init.o)
 .debug_aranges
                0x0000000000000908       0x20 /usr/lib/gcc/arm-none-eabi/10.3.1/../../../arm-none-eabi/lib/thumb/v7e-m/nofp/libg.a(lib_a-memset.o)
 .debug_aranges
                0x0000000000000928       0x20 /usr/lib/gcc/arm-none-eabi/10.3.1/../../../arm-none-eabi/lib/thumb/v7e-m/nofp/libg.a(lib_a-__atexit.o)
 .debug_aranges
                0x0000000000000948       0x28 /usr/lib/gcc/arm-none-eabi/10.3.1/../../../arm-none-eabi/lib/thumb/v7e-m/nofp/libg.a(lib_a-__call_atexit.o)

.debug_ranges   0x0000000000000000      0x958
 .debug_ranges  0x0000000000000000       0x30 CMakeFiles/05_UART_Transmission.elf.dir/Core/Src/main.c.obj
 .debug_ranges  0x0000000000000030       0x20 CMakeFiles/05_UART_Transmission.elf.dir/Core/Src/stm32l4xx_hal_msp.c.obj
 .debug_ranges  0x0000000000000050       0x58 CMakeFiles/05_UART_Transmission.elf.dir/Core/Src/stm32l4xx_it.c.obj
 .debug_ranges  0x00000000000000a8       0x18 CMakeFiles/05_UART_Transmission.elf.dir/Core/Src/system_stm32l4xx.c.obj
 .debug_ranges  0x00000000000000c0       0x20 CMakeFiles/05_UART_Transmission.elf.dir/Core/Startup/startup_stm32l476rgtx.s.obj
 .debug_ranges  0x00000000000000e0      0x120 CMakeFiles/05_UART_Transmission.elf.dir/Drivers/STM32L4xx_HAL_Driver/Src/stm32l4xx_hal.c.obj
 .debug_ranges  0x0000000000000200       0xf8 CMakeFiles/05_UART_Transmission.elf.dir/Drivers/STM32L4xx_HAL_Driver/Src/stm32l4xx_hal_cortex.c.obj
 .debug_ranges  0x00000000000002f8       0x48 CMakeFiles/05_UART_Transmission.elf.dir/Drivers/STM32L4xx_HAL_Driver/Src/stm32l4xx_hal_gpio.c.obj
 .debug_ranges  0x0000000000000340      0x150 CMakeFiles/05_UART_Transmission.elf.dir/Drivers/STM32L4xx_HAL_Driver/Src/stm32l4xx_hal_pwr_ex.c.obj
 .debug_ranges  0x0000000000000490       0x98 CMakeFiles/05_UART_Transmission.elf.dir/Drivers/STM32L4xx_HAL_Driver/Src/stm32l4xx_hal_rcc.c.obj
 .debug_ranges  0x0000000000000528       0xc8 CMakeFiles/05_UART_Transmission.elf.dir/Drivers/STM32L4xx_HAL_Driver/Src/stm32l4xx_hal_rcc_ex.c.obj
 .debug_ranges  0x00000000000005f0      0x230 CMakeFiles/05_UART_Transmission.elf.dir/Drivers/STM32L4xx_HAL_Driver/Src/stm32l4xx_hal_uart.c.obj
 .debug_ranges  0x0000000000000820       0xe8 /usr/lib/gcc/arm-none-eabi/10.3.1/thumb/v7e-m/nofp/libgcc.a(_udivmoddi4.o)
 .debug_ranges  0x0000000000000908       0x50 /usr/lib/gcc/arm-none-eabi/10.3.1/../../../arm-none-eabi/lib/thumb/v7e-m/nofp/libg.a(lib_a-__call_atexit.o)

.debug_line     0x0000000000000000     0xb7ae
 .debug_line    0x0000000000000000      0x558 CMakeFiles/05_UART_Transmission.elf.dir/Core/Src/main.c.obj
 .debug_line    0x0000000000000558      0x358 CMakeFiles/05_UART_Transmission.elf.dir/Core/Src/stm32l4xx_hal_msp.c.obj
 .debug_line    0x00000000000008b0      0x355 CMakeFiles/05_UART_Transmission.elf.dir/Core/Src/stm32l4xx_it.c.obj
 .debug_line    0x0000000000000c05      0x266 CMakeFiles/05_UART_Transmission.elf.dir/Core/Src/system_stm32l4xx.c.obj
 .debug_line    0x0000000000000e6b       0xc9 CMakeFiles/05_UART_Transmission.elf.dir/Core/Startup/startup_stm32l476rgtx.s.obj
 .debug_line    0x0000000000000f34      0x71a CMakeFiles/05_UART_Transmission.elf.dir/Drivers/STM32L4xx_HAL_Driver/Src/stm32l4xx_hal.c.obj
 .debug_line    0x000000000000164e      0x7f4 CMakeFiles/05_UART_Transmission.elf.dir/Drivers/STM32L4xx_HAL_Driver/Src/stm32l4xx_hal_cortex.c.obj
 .debug_line    0x0000000000001e42      0x709 CMakeFiles/05_UART_Transmission.elf.dir/Drivers/STM32L4xx_HAL_Driver/Src/stm32l4xx_hal_gpio.c.obj
 .debug_line    0x000000000000254b      0xb5d CMakeFiles/05_UART_Transmission.elf.dir/Drivers/STM32L4xx_HAL_Driver/Src/stm32l4xx_hal_pwr_ex.c.obj
 .debug_line    0x00000000000030a8      0xf33 CMakeFiles/05_UART_Transmission.elf.dir/Drivers/STM32L4xx_HAL_Driver/Src/stm32l4xx_hal_rcc.c.obj
 .debug_line    0x0000000000003fdb     0x1566 CMakeFiles/05_UART_Transmission.elf.dir/Drivers/STM32L4xx_HAL_Driver/Src/stm32l4xx_hal_rcc_ex.c.obj
 .debug_line    0x0000000000005541     0x523f CMakeFiles/05_UART_Transmission.elf.dir/Drivers/STM32L4xx_HAL_Driver/Src/stm32l4xx_hal_uart.c.obj
 .debug_line    0x000000000000a780       0x60 /usr/lib/gcc/arm-none-eabi/10.3.1/thumb/v7e-m/nofp/libgcc.a(_aeabi_uldivmod.o)
 .debug_line    0x000000000000a7e0      0x5b4 /usr/lib/gcc/arm-none-eabi/10.3.1/thumb/v7e-m/nofp/libgcc.a(_udivmoddi4.o)
 .debug_line    0x000000000000ad94       0x60 /usr/lib/gcc/arm-none-eabi/10.3.1/thumb/v7e-m/nofp/libgcc.a(_dvmd_tls.o)
 .debug_line    0x000000000000adf4       0xc0 /usr/lib/gcc/arm-none-eabi/10.3.1/../../../arm-none-eabi/lib/thumb/v7e-m/nofp/libg.a(lib_a-atexit.o)
 .debug_line    0x000000000000aeb4       0xed /usr/lib/gcc/arm-none-eabi/10.3.1/../../../arm-none-eabi/lib/thumb/v7e-m/nofp/libg.a(lib_a-fini.o)
 .debug_line    0x000000000000afa1       0xe4 /usr/lib/gcc/arm-none-eabi/10.3.1/../../../arm-none-eabi/lib/thumb/v7e-m/nofp/libg.a(lib_a-impure.o)
 .debug_line    0x000000000000b085      0x138 /usr/lib/gcc/arm-none-eabi/10.3.1/../../../arm-none-eabi/lib/thumb/v7e-m/nofp/libg.a(lib_a-init.o)
 .debug_line    0x000000000000b1bd      0x1bf /usr/lib/gcc/arm-none-eabi/10.3.1/../../../arm-none-eabi/lib/thumb/v7e-m/nofp/libg.a(lib_a-memset.o)
 .debug_line    0x000000000000b37c      0x19e /usr/lib/gcc/arm-none-eabi/10.3.1/../../../arm-none-eabi/lib/thumb/v7e-m/nofp/libg.a(lib_a-__atexit.o)
 .debug_line    0x000000000000b51a      0x294 /usr/lib/gcc/arm-none-eabi/10.3.1/../../../arm-none-eabi/lib/thumb/v7e-m/nofp/libg.a(lib_a-__call_atexit.o)

.debug_str      0x0000000000000000     0x41be
 .debug_str     0x0000000000000000      0xf12 CMakeFiles/05_UART_Transmission.elf.dir/Core/Src/main.c.obj
                                        0xfaf (size before relaxing)
 .debug_str     0x0000000000000f12      0x345 CMakeFiles/05_UART_Transmission.elf.dir/Core/Src/stm32l4xx_hal_msp.c.obj
                                        0xb39 (size before relaxing)
 .debug_str     0x0000000000001257      0x19c CMakeFiles/05_UART_Transmission.elf.dir/Core/Src/stm32l4xx_it.c.obj
                                        0x3d4 (size before relaxing)
 .debug_str     0x00000000000013f3       0xdf CMakeFiles/05_UART_Transmission.elf.dir/Core/Src/system_stm32l4xx.c.obj
                                        0x3e4 (size before relaxing)
 .debug_str     0x00000000000014d2       0x75 CMakeFiles/05_UART_Transmission.elf.dir/Core/Startup/startup_stm32l476rgtx.s.obj
                                         0xcb (size before relaxing)
 .debug_str     0x0000000000001547      0x544 CMakeFiles/05_UART_Transmission.elf.dir/Drivers/STM32L4xx_HAL_Driver/Src/stm32l4xx_hal.c.obj
                                        0xdc3 (size before relaxing)
 .debug_str     0x0000000000001a8b      0x4c6 CMakeFiles/05_UART_Transmission.elf.dir/Drivers/STM32L4xx_HAL_Driver/Src/stm32l4xx_hal_cortex.c.obj
                                        0xc75 (size before relaxing)
 .debug_str     0x0000000000001f51       0xe1 CMakeFiles/05_UART_Transmission.elf.dir/Drivers/STM32L4xx_HAL_Driver/Src/stm32l4xx_hal_gpio.c.obj
                                        0x59e (size before relaxing)
 .debug_str     0x0000000000002032      0x5b6 CMakeFiles/05_UART_Transmission.elf.dir/Drivers/STM32L4xx_HAL_Driver/Src/stm32l4xx_hal_pwr_ex.c.obj
                                        0x8ae (size before relaxing)
 .debug_str     0x00000000000025e8      0x217 CMakeFiles/05_UART_Transmission.elf.dir/Drivers/STM32L4xx_HAL_Driver/Src/stm32l4xx_hal_rcc.c.obj
                                        0x8f0 (size before relaxing)
 .debug_str     0x00000000000027ff      0x338 CMakeFiles/05_UART_Transmission.elf.dir/Drivers/STM32L4xx_HAL_Driver/Src/stm32l4xx_hal_rcc_ex.c.obj
                                        0xb19 (size before relaxing)
 .debug_str     0x0000000000002b37      0x827 CMakeFiles/05_UART_Transmission.elf.dir/Drivers/STM32L4xx_HAL_Driver/Src/stm32l4xx_hal_uart.c.obj
                                       0x105d (size before relaxing)
 .debug_str     0x000000000000335e       0xa3 /usr/lib/gcc/arm-none-eabi/10.3.1/thumb/v7e-m/nofp/libgcc.a(_aeabi_uldivmod.o)
 .debug_str     0x0000000000003401      0x541 /usr/lib/gcc/arm-none-eabi/10.3.1/thumb/v7e-m/nofp/libgcc.a(_udivmoddi4.o)
                                        0x641 (size before relaxing)
 .debug_str     0x0000000000003942       0x30 /usr/lib/gcc/arm-none-eabi/10.3.1/thumb/v7e-m/nofp/libgcc.a(_dvmd_tls.o)
                                         0xa7 (size before relaxing)
 .debug_str     0x0000000000003972      0x142 /usr/lib/gcc/arm-none-eabi/10.3.1/../../../arm-none-eabi/lib/thumb/v7e-m/nofp/libg.a(lib_a-atexit.o)
                                        0x1de (size before relaxing)
 .debug_str     0x0000000000003ab4       0xc5 /usr/lib/gcc/arm-none-eabi/10.3.1/../../../arm-none-eabi/lib/thumb/v7e-m/nofp/libg.a(lib_a-fini.o)
                                        0x1d6 (size before relaxing)
 .debug_str     0x0000000000003b79      0x44a /usr/lib/gcc/arm-none-eabi/10.3.1/../../../arm-none-eabi/lib/thumb/v7e-m/nofp/libg.a(lib_a-impure.o)
                                        0x57c (size before relaxing)
 .debug_str     0x0000000000003fc3       0x96 /usr/lib/gcc/arm-none-eabi/10.3.1/../../../arm-none-eabi/lib/thumb/v7e-m/nofp/libg.a(lib_a-init.o)
                                        0x200 (size before relaxing)
 .debug_str     0x0000000000004059       0xa2 /usr/lib/gcc/arm-none-eabi/10.3.1/../../../arm-none-eabi/lib/thumb/v7e-m/nofp/libg.a(lib_a-memset.o)
                                        0x1b5 (size before relaxing)
 .debug_str     0x00000000000040fb       0x36 /usr/lib/gcc/arm-none-eabi/10.3.1/../../../arm-none-eabi/lib/thumb/v7e-m/nofp/libg.a(lib_a-__atexit.o)
                                        0x5b6 (size before relaxing)
 .debug_str     0x0000000000004131       0x8d /usr/lib/gcc/arm-none-eabi/10.3.1/../../../arm-none-eabi/lib/thumb/v7e-m/nofp/libg.a(lib_a-__call_atexit.o)
                                        0x5e2 (size before relaxing)

.debug_frame    0x0000000000000000     0x1458
 .debug_frame   0x0000000000000000       0x90 CMakeFiles/05_UART_Transmission.elf.dir/Core/Src/main.c.obj
 .debug_frame   0x0000000000000090       0x64 CMakeFiles/05_UART_Transmission.elf.dir/Core/Src/stm32l4xx_hal_msp.c.obj
 .debug_frame   0x00000000000000f4       0xc0 CMakeFiles/05_UART_Transmission.elf.dir/Core/Src/stm32l4xx_it.c.obj
 .debug_frame   0x00000000000001b4       0x30 CMakeFiles/05_UART_Transmission.elf.dir/Core/Src/system_stm32l4xx.c.obj
 .debug_frame   0x00000000000001e4      0x274 CMakeFiles/05_UART_Transmission.elf.dir/Drivers/STM32L4xx_HAL_Driver/Src/stm32l4xx_hal.c.obj
 .debug_frame   0x0000000000000458      0x148 CMakeFiles/05_UART_Transmission.elf.dir/Drivers/STM32L4xx_HAL_Driver/Src/stm32l4xx_hal_cortex.c.obj
 .debug_frame   0x00000000000005a0       0xd0 CMakeFiles/05_UART_Transmission.elf.dir/Drivers/STM32L4xx_HAL_Driver/Src/stm32l4xx_hal_gpio.c.obj
 .debug_frame   0x0000000000000670      0x2b8 CMakeFiles/05_UART_Transmission.elf.dir/Drivers/STM32L4xx_HAL_Driver/Src/stm32l4xx_hal_pwr_ex.c.obj
 .debug_frame   0x0000000000000928      0x19c CMakeFiles/05_UART_Transmission.elf.dir/Drivers/STM32L4xx_HAL_Driver/Src/stm32l4xx_hal_rcc.c.obj
 .debug_frame   0x0000000000000ac4      0x204 CMakeFiles/05_UART_Transmission.elf.dir/Drivers/STM32L4xx_HAL_Driver/Src/stm32l4xx_hal_rcc_ex.c.obj
 .debug_frame   0x0000000000000cc8      0x600 CMakeFiles/05_UART_Transmission.elf.dir/Drivers/STM32L4xx_HAL_Driver/Src/stm32l4xx_hal_uart.c.obj
 .debug_frame   0x00000000000012c8       0x2c /usr/lib/gcc/arm-none-eabi/10.3.1/thumb/v7e-m/nofp/libgcc.a(_aeabi_uldivmod.o)
 .debug_frame   0x00000000000012f4       0x34 /usr/lib/gcc/arm-none-eabi/10.3.1/thumb/v7e-m/nofp/libgcc.a(_udivmoddi4.o)
 .debug_frame   0x0000000000001328       0x20 /usr/lib/gcc/arm-none-eabi/10.3.1/../../../arm-none-eabi/lib/thumb/v7e-m/nofp/libg.a(lib_a-atexit.o)
 .debug_frame   0x0000000000001348       0x34 /usr/lib/gcc/arm-none-eabi/10.3.1/../../../arm-none-eabi/lib/thumb/v7e-m/nofp/libg.a(lib_a-fini.o)
 .debug_frame   0x000000000000137c       0x2c /usr/lib/gcc/arm-none-eabi/10.3.1/../../../arm-none-eabi/lib/thumb/v7e-m/nofp/libg.a(lib_a-init.o)
 .debug_frame   0x00000000000013a8       0x2c /usr/lib/gcc/arm-none-eabi/10.3.1/../../../arm-none-eabi/lib/thumb/v7e-m/nofp/libg.a(lib_a-memset.o)
 .debug_frame   0x00000000000013d4       0x34 /usr/lib/gcc/arm-none-eabi/10.3.1/../../../arm-none-eabi/lib/thumb/v7e-m/nofp/libg.a(lib_a-__atexit.o)
 .debug_frame   0x0000000000001408       0x50 /usr/lib/gcc/arm-none-eabi/10.3.1/../../../arm-none-eabi/lib/thumb/v7e-m/nofp/libg.a(lib_a-__call_atexit.o)

.debug_loc      0x0000000000000000     0x9f85
 .debug_loc     0x0000000000000000       0x64 CMakeFiles/05_UART_Transmission.elf.dir/Core/Src/stm32l4xx_hal_msp.c.obj
 .debug_loc     0x0000000000000064      0x127 CMakeFiles/05_UART_Transmission.elf.dir/Core/Src/system_stm32l4xx.c.obj
 .debug_loc     0x000000000000018b      0x1ef CMakeFiles/05_UART_Transmission.elf.dir/Drivers/STM32L4xx_HAL_Driver/Src/stm32l4xx_hal.c.obj
 .debug_loc     0x000000000000037a      0x744 CMakeFiles/05_UART_Transmission.elf.dir/Drivers/STM32L4xx_HAL_Driver/Src/stm32l4xx_hal_cortex.c.obj
 .debug_loc     0x0000000000000abe      0x3da CMakeFiles/05_UART_Transmission.elf.dir/Drivers/STM32L4xx_HAL_Driver/Src/stm32l4xx_hal_gpio.c.obj
 .debug_loc     0x0000000000000e98      0xb06 CMakeFiles/05_UART_Transmission.elf.dir/Drivers/STM32L4xx_HAL_Driver/Src/stm32l4xx_hal_pwr_ex.c.obj
 .debug_loc     0x000000000000199e      0x81c CMakeFiles/05_UART_Transmission.elf.dir/Drivers/STM32L4xx_HAL_Driver/Src/stm32l4xx_hal_rcc.c.obj
 .debug_loc     0x00000000000021ba     0x1af9 CMakeFiles/05_UART_Transmission.elf.dir/Drivers/STM32L4xx_HAL_Driver/Src/stm32l4xx_hal_rcc_ex.c.obj
 .debug_loc     0x0000000000003cb3     0x4bd8 CMakeFiles/05_UART_Transmission.elf.dir/Drivers/STM32L4xx_HAL_Driver/Src/stm32l4xx_hal_uart.c.obj
 .debug_loc     0x000000000000888b     0x1094 /usr/lib/gcc/arm-none-eabi/10.3.1/thumb/v7e-m/nofp/libgcc.a(_udivmoddi4.o)
 .debug_loc     0x000000000000991f       0x32 /usr/lib/gcc/arm-none-eabi/10.3.1/../../../arm-none-eabi/lib/thumb/v7e-m/nofp/libg.a(lib_a-atexit.o)
 .debug_loc     0x0000000000009951       0x68 /usr/lib/gcc/arm-none-eabi/10.3.1/../../../arm-none-eabi/lib/thumb/v7e-m/nofp/libg.a(lib_a-fini.o)
 .debug_loc     0x00000000000099b9       0xba /usr/lib/gcc/arm-none-eabi/10.3.1/../../../arm-none-eabi/lib/thumb/v7e-m/nofp/libg.a(lib_a-init.o)
 .debug_loc     0x0000000000009a73      0x22c /usr/lib/gcc/arm-none-eabi/10.3.1/../../../arm-none-eabi/lib/thumb/v7e-m/nofp/libg.a(lib_a-memset.o)
 .debug_loc     0x0000000000009c9f      0x138 /usr/lib/gcc/arm-none-eabi/10.3.1/../../../arm-none-eabi/lib/thumb/v7e-m/nofp/libg.a(lib_a-__atexit.o)
 .debug_loc     0x0000000000009dd7      0x1ae /usr/lib/gcc/arm-none-eabi/10.3.1/../../../arm-none-eabi/lib/thumb/v7e-m/nofp/libg.a(lib_a-__call_atexit.o)
